2026-04-14 01:37:35,691 [INFO] Logging to logs/open_clip__txt-open_clip__loc-satclip__tproj-mlp__lproj-linear__loss-clip.log
2026-04-14 01:37:35,691 [INFO] Checkpoints directory: /home/libe2152/outputs/explainable-earth-embeddings/open_clip/txt-open_clip__loc-satclip__tproj-mlp__lproj-linear__loss-clip
2026-04-14 01:37:40,929 [INFO] Loaded dataset from /home/libe2152/data/skyscript/satclip/open_clip/
2026-04-14 01:37:40,930 [INFO] Train size=341661, Val size=715
2026-04-14 01:37:40,944 [INFO] Using text encoder=open_clip, location encoder=satclip
2026-04-14 01:37:41,418 [INFO] Loss: clip
2026-04-14 01:37:41,418 [INFO] LR=0.001, weight_decay=0.01
2026-04-14 01:37:48,166 [INFO] [Epoch 0] train_loss=7.6610
2026-04-14 01:37:48,568 [INFO] [Epoch 0] val_loss=5.5299
2026-04-14 01:37:48,573 [INFO] Epoch 0 | train=7.6610 | val=5.5299
2026-04-14 01:37:48,598 [INFO] Saved checkpoint (val=5.5299)
2026-04-14 01:37:55,260 [INFO] [Epoch 1] train_loss=7.1274
2026-04-14 01:37:55,658 [INFO] [Epoch 1] val_loss=5.2800
2026-04-14 01:37:55,661 [INFO] Epoch 1 | train=7.1274 | val=5.2800
2026-04-14 01:37:55,691 [INFO] Saved checkpoint (val=5.2800)
2026-04-14 01:38:02,444 [INFO] [Epoch 2] train_loss=6.9192
2026-04-14 01:38:02,835 [INFO] [Epoch 2] val_loss=5.1621
2026-04-14 01:38:02,840 [INFO] Epoch 2 | train=6.9192 | val=5.1621
2026-04-14 01:38:02,882 [INFO] Saved checkpoint (val=5.1621)
2026-04-14 01:38:09,529 [INFO] [Epoch 3] train_loss=6.7792
2026-04-14 01:38:09,912 [INFO] [Epoch 3] val_loss=5.1055
2026-04-14 01:38:09,916 [INFO] Epoch 3 | train=6.7792 | val=5.1055
2026-04-14 01:38:09,958 [INFO] Saved checkpoint (val=5.1055)
2026-04-14 01:38:17,279 [INFO] [Epoch 4] train_loss=6.6749
2026-04-14 01:38:17,671 [INFO] [Epoch 4] val_loss=5.0147
2026-04-14 01:38:17,676 [INFO] Epoch 4 | train=6.6749 | val=5.0147
2026-04-14 01:38:17,719 [INFO] Saved checkpoint (val=5.0147)
2026-04-14 01:38:24,370 [INFO] [Epoch 5] train_loss=6.5874
2026-04-14 01:38:24,764 [INFO] [Epoch 5] val_loss=4.9498
2026-04-14 01:38:24,768 [INFO] Epoch 5 | train=6.5874 | val=4.9498
2026-04-14 01:38:24,812 [INFO] Saved checkpoint (val=4.9498)
2026-04-14 01:38:31,764 [INFO] [Epoch 6] train_loss=6.5158
2026-04-14 01:38:32,154 [INFO] [Epoch 6] val_loss=4.9180
2026-04-14 01:38:32,158 [INFO] Epoch 6 | train=6.5158 | val=4.9180
2026-04-14 01:38:32,201 [INFO] Saved checkpoint (val=4.9180)
2026-04-14 01:38:38,909 [INFO] [Epoch 7] train_loss=6.4563
2026-04-14 01:38:39,304 [INFO] [Epoch 7] val_loss=4.8540
2026-04-14 01:38:39,309 [INFO] Epoch 7 | train=6.4563 | val=4.8540
2026-04-14 01:38:39,351 [INFO] Saved checkpoint (val=4.8540)
2026-04-14 01:38:46,030 [INFO] [Epoch 8] train_loss=6.4038
2026-04-14 01:38:46,422 [INFO] [Epoch 8] val_loss=4.8394
2026-04-14 01:38:46,427 [INFO] Epoch 8 | train=6.4038 | val=4.8394
2026-04-14 01:38:46,468 [INFO] Saved checkpoint (val=4.8394)
2026-04-14 01:38:53,129 [INFO] [Epoch 9] train_loss=6.3593
2026-04-14 01:38:53,525 [INFO] [Epoch 9] val_loss=4.7887
2026-04-14 01:38:53,530 [INFO] Epoch 9 | train=6.3593 | val=4.7887
2026-04-14 01:38:53,575 [INFO] Saved checkpoint (val=4.7887)
2026-04-14 01:39:00,261 [INFO] [Epoch 10] train_loss=6.3145
2026-04-14 01:39:00,656 [INFO] [Epoch 10] val_loss=4.7675
2026-04-14 01:39:00,660 [INFO] Epoch 10 | train=6.3145 | val=4.7675
2026-04-14 01:39:00,687 [INFO] Saved checkpoint (val=4.7675)
2026-04-14 01:39:07,345 [INFO] [Epoch 11] train_loss=6.2816
2026-04-14 01:39:07,740 [INFO] [Epoch 11] val_loss=4.7188
2026-04-14 01:39:07,745 [INFO] Epoch 11 | train=6.2816 | val=4.7188
2026-04-14 01:39:07,788 [INFO] Saved checkpoint (val=4.7188)
2026-04-14 01:39:14,456 [INFO] [Epoch 12] train_loss=6.2485
2026-04-14 01:39:14,844 [INFO] [Epoch 12] val_loss=4.7462
2026-04-14 01:39:14,848 [INFO] Epoch 12 | train=6.2485 | val=4.7462
2026-04-14 01:39:21,491 [INFO] [Epoch 13] train_loss=6.2149
2026-04-14 01:39:21,880 [INFO] [Epoch 13] val_loss=4.6849
2026-04-14 01:39:21,886 [INFO] Epoch 13 | train=6.2149 | val=4.6849
2026-04-14 01:39:21,927 [INFO] Saved checkpoint (val=4.6849)
2026-04-14 01:39:28,632 [INFO] [Epoch 14] train_loss=6.1917
2026-04-14 01:39:29,023 [INFO] [Epoch 14] val_loss=4.6884
2026-04-14 01:39:29,028 [INFO] Epoch 14 | train=6.1917 | val=4.6884
2026-04-14 01:39:35,708 [INFO] [Epoch 15] train_loss=6.1665
2026-04-14 01:39:36,093 [INFO] [Epoch 15] val_loss=4.6501
2026-04-14 01:39:36,098 [INFO] Epoch 15 | train=6.1665 | val=4.6501
2026-04-14 01:39:36,125 [INFO] Saved checkpoint (val=4.6501)
2026-04-14 01:39:42,795 [INFO] [Epoch 16] train_loss=6.1378
2026-04-14 01:39:43,189 [INFO] [Epoch 16] val_loss=4.6490
2026-04-14 01:39:43,193 [INFO] Epoch 16 | train=6.1378 | val=4.6490
2026-04-14 01:39:43,234 [INFO] Saved checkpoint (val=4.6490)
2026-04-14 01:39:49,897 [INFO] [Epoch 17] train_loss=6.1172
2026-04-14 01:39:50,294 [INFO] [Epoch 17] val_loss=4.6281
2026-04-14 01:39:50,298 [INFO] Epoch 17 | train=6.1172 | val=4.6281
2026-04-14 01:39:50,339 [INFO] Saved checkpoint (val=4.6281)
2026-04-14 01:39:57,041 [INFO] [Epoch 18] train_loss=6.0950
2026-04-14 01:39:57,415 [INFO] [Epoch 18] val_loss=4.5966
2026-04-14 01:39:57,420 [INFO] Epoch 18 | train=6.0950 | val=4.5966
2026-04-14 01:39:57,461 [INFO] Saved checkpoint (val=4.5966)
2026-04-14 01:40:04,116 [INFO] [Epoch 19] train_loss=6.0742
2026-04-14 01:40:04,510 [INFO] [Epoch 19] val_loss=4.6377
2026-04-14 01:40:04,514 [INFO] Epoch 19 | train=6.0742 | val=4.6377
2026-04-14 01:40:11,331 [INFO] [Epoch 20] train_loss=6.0583
2026-04-14 01:40:11,725 [INFO] [Epoch 20] val_loss=4.5964
2026-04-14 01:40:11,730 [INFO] Epoch 20 | train=6.0583 | val=4.5964
2026-04-14 01:40:11,773 [INFO] Saved checkpoint (val=4.5964)
2026-04-14 01:40:18,602 [INFO] [Epoch 21] train_loss=6.0372
2026-04-14 01:40:18,992 [INFO] [Epoch 21] val_loss=4.6209
2026-04-14 01:40:18,997 [INFO] Epoch 21 | train=6.0372 | val=4.6209
2026-04-14 01:40:25,618 [INFO] [Epoch 22] train_loss=6.0259
2026-04-14 01:40:26,004 [INFO] [Epoch 22] val_loss=4.6121
2026-04-14 01:40:26,008 [INFO] Epoch 22 | train=6.0259 | val=4.6121
2026-04-14 01:40:32,837 [INFO] [Epoch 23] train_loss=6.0049
2026-04-14 01:40:33,224 [INFO] [Epoch 23] val_loss=4.6153
2026-04-14 01:40:33,229 [INFO] Epoch 23 | train=6.0049 | val=4.6153
2026-04-14 01:40:39,932 [INFO] [Epoch 24] train_loss=5.9940
2026-04-14 01:40:40,322 [INFO] [Epoch 24] val_loss=4.5699
2026-04-14 01:40:40,327 [INFO] Epoch 24 | train=5.9940 | val=4.5699
2026-04-14 01:40:40,370 [INFO] Saved checkpoint (val=4.5699)
2026-04-14 01:40:47,030 [INFO] [Epoch 25] train_loss=5.9762
2026-04-14 01:40:47,420 [INFO] [Epoch 25] val_loss=4.5591
2026-04-14 01:40:47,425 [INFO] Epoch 25 | train=5.9762 | val=4.5591
2026-04-14 01:40:47,468 [INFO] Saved checkpoint (val=4.5591)
2026-04-14 01:40:54,298 [INFO] [Epoch 26] train_loss=5.9631
2026-04-14 01:40:54,691 [INFO] [Epoch 26] val_loss=4.5755
2026-04-14 01:40:54,696 [INFO] Epoch 26 | train=5.9631 | val=4.5755
2026-04-14 01:41:01,378 [INFO] [Epoch 27] train_loss=5.9502
2026-04-14 01:41:01,769 [INFO] [Epoch 27] val_loss=4.5577
2026-04-14 01:41:01,774 [INFO] Epoch 27 | train=5.9502 | val=4.5577
2026-04-14 01:41:01,818 [INFO] Saved checkpoint (val=4.5577)
2026-04-14 01:41:08,907 [INFO] [Epoch 28] train_loss=5.9371
2026-04-14 01:41:09,306 [INFO] [Epoch 28] val_loss=4.5594
2026-04-14 01:41:09,311 [INFO] Epoch 28 | train=5.9371 | val=4.5594
2026-04-14 01:41:15,991 [INFO] [Epoch 29] train_loss=5.9229
2026-04-14 01:41:16,363 [INFO] [Epoch 29] val_loss=4.5500
2026-04-14 01:41:16,368 [INFO] Epoch 29 | train=5.9229 | val=4.5500
2026-04-14 01:41:16,410 [INFO] Saved checkpoint (val=4.5500)
2026-04-14 01:41:23,207 [INFO] [Epoch 30] train_loss=5.9123
2026-04-14 01:41:23,607 [INFO] [Epoch 30] val_loss=4.5690
2026-04-14 01:41:23,612 [INFO] Epoch 30 | train=5.9123 | val=4.5690
2026-04-14 01:41:30,359 [INFO] [Epoch 31] train_loss=5.9042
2026-04-14 01:41:30,758 [INFO] [Epoch 31] val_loss=4.5606
2026-04-14 01:41:30,763 [INFO] Epoch 31 | train=5.9042 | val=4.5606
2026-04-14 01:41:37,400 [INFO] [Epoch 32] train_loss=5.8924
2026-04-14 01:41:37,798 [INFO] [Epoch 32] val_loss=4.5338
2026-04-14 01:41:37,803 [INFO] Epoch 32 | train=5.8924 | val=4.5338
2026-04-14 01:41:37,832 [INFO] Saved checkpoint (val=4.5338)
2026-04-14 01:41:44,830 [INFO] [Epoch 33] train_loss=5.8794
2026-04-14 01:41:45,221 [INFO] [Epoch 33] val_loss=4.5080
2026-04-14 01:41:45,226 [INFO] Epoch 33 | train=5.8794 | val=4.5080
2026-04-14 01:41:45,270 [INFO] Saved checkpoint (val=4.5080)
2026-04-14 01:41:52,066 [INFO] [Epoch 34] train_loss=5.8676
2026-04-14 01:41:52,458 [INFO] [Epoch 34] val_loss=4.5117
2026-04-14 01:41:52,463 [INFO] Epoch 34 | train=5.8676 | val=4.5117
2026-04-14 01:41:59,361 [INFO] [Epoch 35] train_loss=5.8563
2026-04-14 01:41:59,759 [INFO] [Epoch 35] val_loss=4.5310
2026-04-14 01:41:59,764 [INFO] Epoch 35 | train=5.8563 | val=4.5310
2026-04-14 01:42:06,451 [INFO] [Epoch 36] train_loss=5.8542
2026-04-14 01:42:06,848 [INFO] [Epoch 36] val_loss=4.5354
2026-04-14 01:42:06,853 [INFO] Epoch 36 | train=5.8542 | val=4.5354
2026-04-14 01:42:13,749 [INFO] [Epoch 37] train_loss=5.8396
2026-04-14 01:42:14,134 [INFO] [Epoch 37] val_loss=4.5446
2026-04-14 01:42:14,139 [INFO] Epoch 37 | train=5.8396 | val=4.5446
2026-04-14 01:42:20,870 [INFO] [Epoch 38] train_loss=5.8371
2026-04-14 01:42:21,257 [INFO] [Epoch 38] val_loss=4.5260
2026-04-14 01:42:21,262 [INFO] Epoch 38 | train=5.8371 | val=4.5260
2026-04-14 01:42:27,957 [INFO] [Epoch 39] train_loss=5.8226
2026-04-14 01:42:28,354 [INFO] [Epoch 39] val_loss=4.4961
2026-04-14 01:42:28,359 [INFO] Epoch 39 | train=5.8226 | val=4.4961
2026-04-14 01:42:28,402 [INFO] Saved checkpoint (val=4.4961)
2026-04-14 01:42:35,057 [INFO] [Epoch 40] train_loss=5.8185
2026-04-14 01:42:35,449 [INFO] [Epoch 40] val_loss=4.5161
2026-04-14 01:42:35,454 [INFO] Epoch 40 | train=5.8185 | val=4.5161
2026-04-14 01:42:42,087 [INFO] [Epoch 41] train_loss=5.8061
2026-04-14 01:42:42,487 [INFO] [Epoch 41] val_loss=4.5102
2026-04-14 01:42:42,492 [INFO] Epoch 41 | train=5.8061 | val=4.5102
2026-04-14 01:42:49,232 [INFO] [Epoch 42] train_loss=5.7994
2026-04-14 01:42:49,630 [INFO] [Epoch 42] val_loss=4.5387
2026-04-14 01:42:49,635 [INFO] Epoch 42 | train=5.7994 | val=4.5387
2026-04-14 01:42:56,313 [INFO] [Epoch 43] train_loss=5.7962
2026-04-14 01:42:56,708 [INFO] [Epoch 43] val_loss=4.5293
2026-04-14 01:42:56,713 [INFO] Epoch 43 | train=5.7962 | val=4.5293
2026-04-14 01:43:03,372 [INFO] [Epoch 44] train_loss=5.7828
2026-04-14 01:43:03,764 [INFO] [Epoch 44] val_loss=4.5201
2026-04-14 01:43:03,769 [INFO] Epoch 44 | train=5.7828 | val=4.5201
2026-04-14 01:43:10,535 [INFO] [Epoch 45] train_loss=5.7751
2026-04-14 01:43:10,930 [INFO] [Epoch 45] val_loss=4.5180
2026-04-14 01:43:10,935 [INFO] Epoch 45 | train=5.7751 | val=4.5180
2026-04-14 01:43:17,676 [INFO] [Epoch 46] train_loss=5.7667
2026-04-14 01:43:18,074 [INFO] [Epoch 46] val_loss=4.4941
2026-04-14 01:43:18,079 [INFO] Epoch 46 | train=5.7667 | val=4.4941
2026-04-14 01:43:18,120 [INFO] Saved checkpoint (val=4.4941)
2026-04-14 01:43:24,936 [INFO] [Epoch 47] train_loss=5.7642
2026-04-14 01:43:25,333 [INFO] [Epoch 47] val_loss=4.4880
2026-04-14 01:43:25,337 [INFO] Epoch 47 | train=5.7642 | val=4.4880
2026-04-14 01:43:25,380 [INFO] Saved checkpoint (val=4.4880)
2026-04-14 01:43:32,312 [INFO] [Epoch 48] train_loss=5.7489
2026-04-14 01:43:32,708 [INFO] [Epoch 48] val_loss=4.5256
2026-04-14 01:43:32,713 [INFO] Epoch 48 | train=5.7489 | val=4.5256
2026-04-14 01:43:39,435 [INFO] [Epoch 49] train_loss=5.7481
2026-04-14 01:43:39,831 [INFO] [Epoch 49] val_loss=4.5119
2026-04-14 01:43:39,836 [INFO] Epoch 49 | train=5.7481 | val=4.5119
2026-04-14 01:43:46,705 [INFO] [Epoch 50] train_loss=5.7439
2026-04-14 01:43:47,092 [INFO] [Epoch 50] val_loss=4.5408
2026-04-14 01:43:47,097 [INFO] Epoch 50 | train=5.7439 | val=4.5408
2026-04-14 01:43:53,919 [INFO] [Epoch 51] train_loss=5.7323
2026-04-14 01:43:54,314 [INFO] [Epoch 51] val_loss=4.5181
2026-04-14 01:43:54,318 [INFO] Epoch 51 | train=5.7323 | val=4.5181
2026-04-14 01:44:01,030 [INFO] [Epoch 52] train_loss=5.7307
2026-04-14 01:44:01,425 [INFO] [Epoch 52] val_loss=4.5383
2026-04-14 01:44:01,430 [INFO] Epoch 52 | train=5.7307 | val=4.5383
2026-04-14 01:44:08,144 [INFO] [Epoch 53] train_loss=5.7221
2026-04-14 01:44:08,537 [INFO] [Epoch 53] val_loss=4.5022
2026-04-14 01:44:08,542 [INFO] Epoch 53 | train=5.7221 | val=4.5022
2026-04-14 01:44:15,188 [INFO] [Epoch 54] train_loss=5.7195
2026-04-14 01:44:15,580 [INFO] [Epoch 54] val_loss=4.4935
2026-04-14 01:44:15,585 [INFO] Epoch 54 | train=5.7195 | val=4.4935
2026-04-14 01:44:22,231 [INFO] [Epoch 55] train_loss=5.7137
2026-04-14 01:44:22,615 [INFO] [Epoch 55] val_loss=4.5144
2026-04-14 01:44:22,620 [INFO] Epoch 55 | train=5.7137 | val=4.5144
2026-04-14 01:44:29,282 [INFO] [Epoch 56] train_loss=5.7023
2026-04-14 01:44:29,676 [INFO] [Epoch 56] val_loss=4.4906
2026-04-14 01:44:29,681 [INFO] Epoch 56 | train=5.7023 | val=4.4906
2026-04-14 01:44:36,651 [INFO] [Epoch 57] train_loss=5.6956
2026-04-14 01:44:37,054 [INFO] [Epoch 57] val_loss=4.5372
2026-04-14 01:44:37,058 [INFO] Epoch 57 | train=5.6956 | val=4.5372
2026-04-14 04:04:47,899 [INFO] Logging to logs/open_clip__txt-open_clip__loc-satclip__tproj-mlp__lproj-linear__loss-clip.log
2026-04-14 04:04:47,900 [INFO] Checkpoints directory: /home/libe2152/outputs/explainable-earth-embeddings/open_clip/txt-open_clip__loc-satclip__tproj-mlp__lproj-linear__loss-clip
2026-04-14 04:04:53,389 [INFO] Loaded dataset from /home/libe2152/data/skyscript/satclip/open_clip/
2026-04-14 04:04:53,389 [INFO] Train size=341661, Val size=715
2026-04-14 04:04:53,400 [INFO] Using text encoder=open_clip, location encoder=satclip
2026-04-14 04:04:53,937 [INFO] Loss: clip
2026-04-14 04:04:53,937 [INFO] LR=0.0001, weight_decay=0.01
2026-04-14 04:05:01,059 [INFO] [Epoch 0] train_loss=7.9707
2026-04-14 04:05:01,472 [INFO] [Epoch 0] val_loss=5.9334
2026-04-14 04:05:01,476 [INFO] Epoch 0 | train=7.9707 | val=5.9334
2026-04-14 04:05:01,520 [INFO] Saved checkpoint (val=5.9334)
2026-04-14 04:05:08,639 [INFO] [Epoch 1] train_loss=7.5538
2026-04-14 04:05:09,048 [INFO] [Epoch 1] val_loss=5.6734
2026-04-14 04:05:09,053 [INFO] Epoch 1 | train=7.5538 | val=5.6734
2026-04-14 04:05:09,096 [INFO] Saved checkpoint (val=5.6734)
2026-04-14 04:05:16,208 [INFO] [Epoch 2] train_loss=7.3736
2026-04-14 04:05:16,608 [INFO] [Epoch 2] val_loss=5.5598
2026-04-14 04:05:16,613 [INFO] Epoch 2 | train=7.3736 | val=5.5598
2026-04-14 04:05:16,654 [INFO] Saved checkpoint (val=5.5598)
2026-04-14 04:05:23,792 [INFO] [Epoch 3] train_loss=7.2644
2026-04-14 04:05:24,206 [INFO] [Epoch 3] val_loss=5.4843
2026-04-14 04:05:24,211 [INFO] Epoch 3 | train=7.2644 | val=5.4843
2026-04-14 04:05:24,254 [INFO] Saved checkpoint (val=5.4843)
2026-04-14 04:05:31,275 [INFO] [Epoch 4] train_loss=7.1853
2026-04-14 04:05:31,686 [INFO] [Epoch 4] val_loss=5.4215
2026-04-14 04:05:31,691 [INFO] Epoch 4 | train=7.1853 | val=5.4215
2026-04-14 04:05:31,733 [INFO] Saved checkpoint (val=5.4215)
2026-04-14 04:05:38,796 [INFO] [Epoch 5] train_loss=7.1208
2026-04-14 04:05:39,207 [INFO] [Epoch 5] val_loss=5.3801
2026-04-14 04:05:39,213 [INFO] Epoch 5 | train=7.1208 | val=5.3801
2026-04-14 04:05:39,257 [INFO] Saved checkpoint (val=5.3801)
2026-04-14 04:05:46,228 [INFO] [Epoch 6] train_loss=7.0657
2026-04-14 04:05:46,636 [INFO] [Epoch 6] val_loss=5.3357
2026-04-14 04:05:46,641 [INFO] Epoch 6 | train=7.0657 | val=5.3357
2026-04-14 04:05:46,682 [INFO] Saved checkpoint (val=5.3357)
2026-04-14 04:05:53,570 [INFO] [Epoch 7] train_loss=7.0175
2026-04-14 04:05:53,981 [INFO] [Epoch 7] val_loss=5.3061
2026-04-14 04:05:53,986 [INFO] Epoch 7 | train=7.0175 | val=5.3061
2026-04-14 04:05:54,028 [INFO] Saved checkpoint (val=5.3061)
2026-04-14 04:06:00,961 [INFO] [Epoch 8] train_loss=6.9750
2026-04-14 04:06:01,374 [INFO] [Epoch 8] val_loss=5.2725
2026-04-14 04:06:01,378 [INFO] Epoch 8 | train=6.9750 | val=5.2725
2026-04-14 04:06:01,421 [INFO] Saved checkpoint (val=5.2725)
2026-04-14 04:06:08,402 [INFO] [Epoch 9] train_loss=6.9360
2026-04-14 04:06:08,810 [INFO] [Epoch 9] val_loss=5.2340
2026-04-14 04:06:08,815 [INFO] Epoch 9 | train=6.9360 | val=5.2340
2026-04-14 04:06:08,857 [INFO] Saved checkpoint (val=5.2340)
2026-04-14 04:06:15,768 [INFO] [Epoch 10] train_loss=6.9007
2026-04-14 04:06:16,175 [INFO] [Epoch 10] val_loss=5.2197
2026-04-14 04:06:16,179 [INFO] Epoch 10 | train=6.9007 | val=5.2197
2026-04-14 04:06:16,217 [INFO] Saved checkpoint (val=5.2197)
2026-04-14 04:06:23,171 [INFO] [Epoch 11] train_loss=6.8686
2026-04-14 04:06:23,574 [INFO] [Epoch 11] val_loss=5.1851
2026-04-14 04:06:23,579 [INFO] Epoch 11 | train=6.8686 | val=5.1851
2026-04-14 04:06:23,621 [INFO] Saved checkpoint (val=5.1851)
2026-04-14 04:06:30,568 [INFO] [Epoch 12] train_loss=6.8381
2026-04-14 04:06:30,984 [INFO] [Epoch 12] val_loss=5.1737
2026-04-14 04:06:30,989 [INFO] Epoch 12 | train=6.8381 | val=5.1737
2026-04-14 04:06:31,031 [INFO] Saved checkpoint (val=5.1737)
2026-04-14 04:06:37,930 [INFO] [Epoch 13] train_loss=6.8097
2026-04-14 04:06:38,328 [INFO] [Epoch 13] val_loss=5.1430
2026-04-14 04:06:38,333 [INFO] Epoch 13 | train=6.8097 | val=5.1430
2026-04-14 04:06:38,375 [INFO] Saved checkpoint (val=5.1430)
2026-04-14 04:06:45,325 [INFO] [Epoch 14] train_loss=6.7832
2026-04-14 04:06:45,733 [INFO] [Epoch 14] val_loss=5.1207
2026-04-14 04:06:45,738 [INFO] Epoch 14 | train=6.7832 | val=5.1207
2026-04-14 04:06:45,782 [INFO] Saved checkpoint (val=5.1207)
2026-04-14 04:06:52,691 [INFO] [Epoch 15] train_loss=6.7583
2026-04-14 04:06:53,102 [INFO] [Epoch 15] val_loss=5.1014
2026-04-14 04:06:53,106 [INFO] Epoch 15 | train=6.7583 | val=5.1014
2026-04-14 04:06:53,150 [INFO] Saved checkpoint (val=5.1014)
2026-04-14 04:07:00,061 [INFO] [Epoch 16] train_loss=6.7345
2026-04-14 04:07:00,467 [INFO] [Epoch 16] val_loss=5.0831
2026-04-14 04:07:00,473 [INFO] Epoch 16 | train=6.7345 | val=5.0831
2026-04-14 04:07:00,516 [INFO] Saved checkpoint (val=5.0831)
2026-04-14 04:07:07,455 [INFO] [Epoch 17] train_loss=6.7119
2026-04-14 04:07:07,836 [INFO] [Epoch 17] val_loss=5.0687
2026-04-14 04:07:07,841 [INFO] Epoch 17 | train=6.7119 | val=5.0687
2026-04-14 04:07:07,884 [INFO] Saved checkpoint (val=5.0687)
2026-04-14 04:07:14,822 [INFO] [Epoch 18] train_loss=6.6902
2026-04-14 04:07:15,236 [INFO] [Epoch 18] val_loss=5.0466
2026-04-14 04:07:15,241 [INFO] Epoch 18 | train=6.6902 | val=5.0466
2026-04-14 04:07:15,284 [INFO] Saved checkpoint (val=5.0466)
2026-04-14 04:07:22,198 [INFO] [Epoch 19] train_loss=6.6692
2026-04-14 04:07:22,602 [INFO] [Epoch 19] val_loss=5.0370
2026-04-14 04:07:22,606 [INFO] Epoch 19 | train=6.6692 | val=5.0370
2026-04-14 04:07:22,650 [INFO] Saved checkpoint (val=5.0370)
2026-04-14 04:07:29,582 [INFO] [Epoch 20] train_loss=6.6495
2026-04-14 04:07:29,994 [INFO] [Epoch 20] val_loss=5.0208
2026-04-14 04:07:29,999 [INFO] Epoch 20 | train=6.6495 | val=5.0208
2026-04-14 04:07:30,042 [INFO] Saved checkpoint (val=5.0208)
2026-04-14 04:07:36,997 [INFO] [Epoch 21] train_loss=6.6308
2026-04-14 04:07:37,405 [INFO] [Epoch 21] val_loss=5.0124
2026-04-14 04:07:37,410 [INFO] Epoch 21 | train=6.6308 | val=5.0124
2026-04-14 04:07:37,437 [INFO] Saved checkpoint (val=5.0124)
2026-04-14 04:07:44,422 [INFO] [Epoch 22] train_loss=6.6123
2026-04-14 04:07:44,833 [INFO] [Epoch 22] val_loss=4.9929
2026-04-14 04:07:44,838 [INFO] Epoch 22 | train=6.6123 | val=4.9929
2026-04-14 04:07:44,881 [INFO] Saved checkpoint (val=4.9929)
2026-04-14 04:07:52,096 [INFO] [Epoch 23] train_loss=6.5949
2026-04-14 04:07:52,505 [INFO] [Epoch 23] val_loss=4.9852
2026-04-14 04:07:52,510 [INFO] Epoch 23 | train=6.5949 | val=4.9852
2026-04-14 04:07:52,552 [INFO] Saved checkpoint (val=4.9852)
2026-04-14 04:07:59,789 [INFO] [Epoch 24] train_loss=6.5779
2026-04-14 04:08:00,197 [INFO] [Epoch 24] val_loss=4.9722
2026-04-14 04:08:00,202 [INFO] Epoch 24 | train=6.5779 | val=4.9722
2026-04-14 04:08:00,246 [INFO] Saved checkpoint (val=4.9722)
2026-04-14 04:08:07,677 [INFO] [Epoch 25] train_loss=6.5613
2026-04-14 04:08:08,089 [INFO] [Epoch 25] val_loss=4.9549
2026-04-14 04:08:08,094 [INFO] Epoch 25 | train=6.5613 | val=4.9549
2026-04-14 04:08:08,123 [INFO] Saved checkpoint (val=4.9549)
2026-04-14 04:08:15,170 [INFO] [Epoch 26] train_loss=6.5451
2026-04-14 04:08:15,583 [INFO] [Epoch 26] val_loss=4.9552
2026-04-14 04:08:15,589 [INFO] Epoch 26 | train=6.5451 | val=4.9552
2026-04-14 04:08:22,512 [INFO] [Epoch 27] train_loss=6.5303
2026-04-14 04:08:22,927 [INFO] [Epoch 27] val_loss=4.9415
2026-04-14 04:08:22,932 [INFO] Epoch 27 | train=6.5303 | val=4.9415
2026-04-14 04:08:22,959 [INFO] Saved checkpoint (val=4.9415)
2026-04-14 04:08:29,950 [INFO] [Epoch 28] train_loss=6.5153
2026-04-14 04:08:30,362 [INFO] [Epoch 28] val_loss=4.9245
2026-04-14 04:08:30,367 [INFO] Epoch 28 | train=6.5153 | val=4.9245
2026-04-14 04:08:30,409 [INFO] Saved checkpoint (val=4.9245)
2026-04-14 04:08:37,741 [INFO] [Epoch 29] train_loss=6.5009
2026-04-14 04:08:38,149 [INFO] [Epoch 29] val_loss=4.9058
2026-04-14 04:08:38,154 [INFO] Epoch 29 | train=6.5009 | val=4.9058
2026-04-14 04:08:38,197 [INFO] Saved checkpoint (val=4.9058)
2026-04-14 04:08:45,177 [INFO] [Epoch 30] train_loss=6.4865
2026-04-14 04:08:45,588 [INFO] [Epoch 30] val_loss=4.9032
2026-04-14 04:08:45,593 [INFO] Epoch 30 | train=6.4865 | val=4.9032
2026-04-14 04:08:45,636 [INFO] Saved checkpoint (val=4.9032)
2026-04-14 04:08:52,633 [INFO] [Epoch 31] train_loss=6.4731
2026-04-14 04:08:53,044 [INFO] [Epoch 31] val_loss=4.8969
2026-04-14 04:08:53,049 [INFO] Epoch 31 | train=6.4731 | val=4.8969
2026-04-14 04:08:53,091 [INFO] Saved checkpoint (val=4.8969)
2026-04-14 04:09:00,037 [INFO] [Epoch 32] train_loss=6.4608
2026-04-14 04:09:00,449 [INFO] [Epoch 32] val_loss=4.8848
2026-04-14 04:09:00,454 [INFO] Epoch 32 | train=6.4608 | val=4.8848
2026-04-14 04:09:00,496 [INFO] Saved checkpoint (val=4.8848)
2026-04-14 04:09:08,003 [INFO] [Epoch 33] train_loss=6.4473
2026-04-14 04:09:08,408 [INFO] [Epoch 33] val_loss=4.8790
2026-04-14 04:09:08,410 [INFO] Epoch 33 | train=6.4473 | val=4.8790
2026-04-14 04:09:08,440 [INFO] Saved checkpoint (val=4.8790)
2026-04-14 04:09:15,440 [INFO] [Epoch 34] train_loss=6.4352
2026-04-14 04:09:15,845 [INFO] [Epoch 34] val_loss=4.8655
2026-04-14 04:09:15,851 [INFO] Epoch 34 | train=6.4352 | val=4.8655
2026-04-14 04:09:15,895 [INFO] Saved checkpoint (val=4.8655)
2026-04-14 04:09:22,858 [INFO] [Epoch 35] train_loss=6.4224
2026-04-14 04:09:23,266 [INFO] [Epoch 35] val_loss=4.8578
2026-04-14 04:09:23,271 [INFO] Epoch 35 | train=6.4224 | val=4.8578
2026-04-14 04:09:23,313 [INFO] Saved checkpoint (val=4.8578)
2026-04-14 04:09:30,425 [INFO] [Epoch 36] train_loss=6.4119
2026-04-14 04:09:30,841 [INFO] [Epoch 36] val_loss=4.8549
2026-04-14 04:09:30,846 [INFO] Epoch 36 | train=6.4119 | val=4.8549
2026-04-14 04:09:30,886 [INFO] Saved checkpoint (val=4.8549)
2026-04-14 04:09:37,978 [INFO] [Epoch 37] train_loss=6.4003
2026-04-14 04:09:38,397 [INFO] [Epoch 37] val_loss=4.8515
2026-04-14 04:09:38,401 [INFO] Epoch 37 | train=6.4003 | val=4.8515
2026-04-14 04:09:38,444 [INFO] Saved checkpoint (val=4.8515)
2026-04-14 04:09:45,514 [INFO] [Epoch 38] train_loss=6.3887
2026-04-14 04:09:45,924 [INFO] [Epoch 38] val_loss=4.8315
2026-04-14 04:09:45,929 [INFO] Epoch 38 | train=6.3887 | val=4.8315
2026-04-14 04:09:45,970 [INFO] Saved checkpoint (val=4.8315)
2026-04-14 04:09:53,083 [INFO] [Epoch 39] train_loss=6.3778
2026-04-14 04:09:53,499 [INFO] [Epoch 39] val_loss=4.8356
2026-04-14 04:09:53,504 [INFO] Epoch 39 | train=6.3778 | val=4.8356
2026-04-14 04:10:00,600 [INFO] [Epoch 40] train_loss=6.3672
2026-04-14 04:10:01,012 [INFO] [Epoch 40] val_loss=4.8187
2026-04-14 04:10:01,016 [INFO] Epoch 40 | train=6.3672 | val=4.8187
2026-04-14 04:10:01,044 [INFO] Saved checkpoint (val=4.8187)
2026-04-14 04:10:08,489 [INFO] [Epoch 41] train_loss=6.3556
2026-04-14 04:10:08,900 [INFO] [Epoch 41] val_loss=4.8201
2026-04-14 04:10:08,905 [INFO] Epoch 41 | train=6.3556 | val=4.8201
2026-04-14 04:10:15,879 [INFO] [Epoch 42] train_loss=6.3462
2026-04-14 04:10:16,282 [INFO] [Epoch 42] val_loss=4.8140
2026-04-14 04:10:16,287 [INFO] Epoch 42 | train=6.3462 | val=4.8140
2026-04-14 04:10:16,316 [INFO] Saved checkpoint (val=4.8140)
2026-04-14 04:10:23,223 [INFO] [Epoch 43] train_loss=6.3373
2026-04-14 04:10:23,634 [INFO] [Epoch 43] val_loss=4.8113
2026-04-14 04:10:23,639 [INFO] Epoch 43 | train=6.3373 | val=4.8113
2026-04-14 04:10:23,683 [INFO] Saved checkpoint (val=4.8113)
2026-04-14 04:10:30,590 [INFO] [Epoch 44] train_loss=6.3259
2026-04-14 04:10:31,001 [INFO] [Epoch 44] val_loss=4.7983
2026-04-14 04:10:31,016 [INFO] Epoch 44 | train=6.3259 | val=4.7983
2026-04-14 04:10:31,048 [INFO] Saved checkpoint (val=4.7983)
2026-04-14 04:10:37,967 [INFO] [Epoch 45] train_loss=6.3167
2026-04-14 04:10:38,387 [INFO] [Epoch 45] val_loss=4.7966
2026-04-14 04:10:38,392 [INFO] Epoch 45 | train=6.3167 | val=4.7966
2026-04-14 04:10:38,434 [INFO] Saved checkpoint (val=4.7966)
2026-04-14 04:10:45,420 [INFO] [Epoch 46] train_loss=6.3082
2026-04-14 04:10:45,820 [INFO] [Epoch 46] val_loss=4.7888
2026-04-14 04:10:45,825 [INFO] Epoch 46 | train=6.3082 | val=4.7888
2026-04-14 04:10:45,867 [INFO] Saved checkpoint (val=4.7888)
2026-04-14 04:10:52,800 [INFO] [Epoch 47] train_loss=6.2990
2026-04-14 04:10:53,214 [INFO] [Epoch 47] val_loss=4.7828
2026-04-14 04:10:53,219 [INFO] Epoch 47 | train=6.2990 | val=4.7828
2026-04-14 04:10:53,262 [INFO] Saved checkpoint (val=4.7828)
2026-04-14 04:11:00,209 [INFO] [Epoch 48] train_loss=6.2894
2026-04-14 04:11:00,619 [INFO] [Epoch 48] val_loss=4.7736
2026-04-14 04:11:00,625 [INFO] Epoch 48 | train=6.2894 | val=4.7736
2026-04-14 04:11:00,667 [INFO] Saved checkpoint (val=4.7736)
2026-04-14 04:11:07,605 [INFO] [Epoch 49] train_loss=6.2805
2026-04-14 04:11:08,010 [INFO] [Epoch 49] val_loss=4.7781
2026-04-14 04:11:08,016 [INFO] Epoch 49 | train=6.2805 | val=4.7781
2026-04-14 04:11:15,029 [INFO] [Epoch 50] train_loss=6.2723
2026-04-14 04:11:15,443 [INFO] [Epoch 50] val_loss=4.7687
2026-04-14 04:11:15,446 [INFO] Epoch 50 | train=6.2723 | val=4.7687
2026-04-14 04:11:15,478 [INFO] Saved checkpoint (val=4.7687)
2026-04-14 04:11:22,657 [INFO] [Epoch 51] train_loss=6.2640
2026-04-14 04:11:23,069 [INFO] [Epoch 51] val_loss=4.7576
2026-04-14 04:11:23,073 [INFO] Epoch 51 | train=6.2640 | val=4.7576
2026-04-14 04:11:23,115 [INFO] Saved checkpoint (val=4.7576)
2026-04-14 04:11:30,658 [INFO] [Epoch 52] train_loss=6.2554
2026-04-14 04:11:31,066 [INFO] [Epoch 52] val_loss=4.7626
2026-04-14 04:11:31,071 [INFO] Epoch 52 | train=6.2554 | val=4.7626
2026-04-14 04:11:38,096 [INFO] [Epoch 53] train_loss=6.2481
2026-04-14 04:11:38,515 [INFO] [Epoch 53] val_loss=4.7412
2026-04-14 04:11:38,520 [INFO] Epoch 53 | train=6.2481 | val=4.7412
2026-04-14 04:11:38,563 [INFO] Saved checkpoint (val=4.7412)
2026-04-14 04:11:45,616 [INFO] [Epoch 54] train_loss=6.2400
2026-04-14 04:11:46,037 [INFO] [Epoch 54] val_loss=4.7583
2026-04-14 04:11:46,042 [INFO] Epoch 54 | train=6.2400 | val=4.7583
2026-04-14 04:11:53,071 [INFO] [Epoch 55] train_loss=6.2320
2026-04-14 04:11:53,494 [INFO] [Epoch 55] val_loss=4.7427
2026-04-14 04:11:53,498 [INFO] Epoch 55 | train=6.2320 | val=4.7427
2026-04-14 04:12:00,768 [INFO] [Epoch 56] train_loss=6.2233
2026-04-14 04:12:01,181 [INFO] [Epoch 56] val_loss=4.7494
2026-04-14 04:12:01,186 [INFO] Epoch 56 | train=6.2233 | val=4.7494
2026-04-14 04:12:08,271 [INFO] [Epoch 57] train_loss=6.2174
2026-04-14 04:12:08,682 [INFO] [Epoch 57] val_loss=4.7339
2026-04-14 04:12:08,684 [INFO] Epoch 57 | train=6.2174 | val=4.7339
2026-04-14 04:12:08,714 [INFO] Saved checkpoint (val=4.7339)
2026-04-14 04:12:15,744 [INFO] [Epoch 58] train_loss=6.2095
2026-04-14 04:12:16,156 [INFO] [Epoch 58] val_loss=4.7441
2026-04-14 04:12:16,161 [INFO] Epoch 58 | train=6.2095 | val=4.7441
2026-04-14 04:12:23,288 [INFO] [Epoch 59] train_loss=6.2024
2026-04-14 04:12:23,699 [INFO] [Epoch 59] val_loss=4.7306
2026-04-14 04:12:23,704 [INFO] Epoch 59 | train=6.2024 | val=4.7306
2026-04-14 04:12:23,747 [INFO] Saved checkpoint (val=4.7306)
2026-04-14 04:12:31,257 [INFO] [Epoch 60] train_loss=6.1957
2026-04-14 04:12:31,669 [INFO] [Epoch 60] val_loss=4.7229
2026-04-14 04:12:31,674 [INFO] Epoch 60 | train=6.1957 | val=4.7229
2026-04-14 04:12:31,717 [INFO] Saved checkpoint (val=4.7229)
2026-04-14 04:12:38,989 [INFO] [Epoch 61] train_loss=6.1875
2026-04-14 04:12:39,399 [INFO] [Epoch 61] val_loss=4.7109
2026-04-14 04:12:39,404 [INFO] Epoch 61 | train=6.1875 | val=4.7109
2026-04-14 04:12:39,446 [INFO] Saved checkpoint (val=4.7109)
2026-04-14 04:12:46,771 [INFO] [Epoch 62] train_loss=6.1815
2026-04-14 04:12:47,183 [INFO] [Epoch 62] val_loss=4.7252
2026-04-14 04:12:47,187 [INFO] Epoch 62 | train=6.1815 | val=4.7252
2026-04-14 04:12:54,317 [INFO] [Epoch 63] train_loss=6.1748
2026-04-14 04:12:54,728 [INFO] [Epoch 63] val_loss=4.7119
2026-04-14 04:12:54,732 [INFO] Epoch 63 | train=6.1748 | val=4.7119
2026-04-14 04:13:02,004 [INFO] [Epoch 64] train_loss=6.1663
2026-04-14 04:13:02,421 [INFO] [Epoch 64] val_loss=4.7125
2026-04-14 04:13:02,426 [INFO] Epoch 64 | train=6.1663 | val=4.7125
2026-04-14 04:13:09,911 [INFO] [Epoch 65] train_loss=6.1600
2026-04-14 04:13:10,322 [INFO] [Epoch 65] val_loss=4.6927
2026-04-14 04:13:10,327 [INFO] Epoch 65 | train=6.1600 | val=4.6927
2026-04-14 04:13:10,371 [INFO] Saved checkpoint (val=4.6927)
2026-04-14 04:13:17,742 [INFO] [Epoch 66] train_loss=6.1544
2026-04-14 04:13:18,142 [INFO] [Epoch 66] val_loss=4.7100
2026-04-14 04:13:18,147 [INFO] Epoch 66 | train=6.1544 | val=4.7100
2026-04-14 04:13:25,480 [INFO] [Epoch 67] train_loss=6.1470
2026-04-14 04:13:25,893 [INFO] [Epoch 67] val_loss=4.6915
2026-04-14 04:13:25,898 [INFO] Epoch 67 | train=6.1470 | val=4.6915
2026-04-14 04:13:25,942 [INFO] Saved checkpoint (val=4.6915)
2026-04-14 04:13:33,694 [INFO] [Epoch 68] train_loss=6.1404
2026-04-14 04:13:34,105 [INFO] [Epoch 68] val_loss=4.6975
2026-04-14 04:13:34,110 [INFO] Epoch 68 | train=6.1404 | val=4.6975
2026-04-14 04:13:41,484 [INFO] [Epoch 69] train_loss=6.1352
2026-04-14 04:13:41,898 [INFO] [Epoch 69] val_loss=4.6873
2026-04-14 04:13:41,903 [INFO] Epoch 69 | train=6.1352 | val=4.6873
2026-04-14 04:13:41,949 [INFO] Saved checkpoint (val=4.6873)
2026-04-14 04:13:49,050 [INFO] [Epoch 70] train_loss=6.1285
2026-04-14 04:13:49,456 [INFO] [Epoch 70] val_loss=4.6990
2026-04-14 04:13:49,461 [INFO] Epoch 70 | train=6.1285 | val=4.6990
2026-04-14 04:13:56,712 [INFO] [Epoch 71] train_loss=6.1227
2026-04-14 04:13:57,122 [INFO] [Epoch 71] val_loss=4.6927
2026-04-14 04:13:57,124 [INFO] Epoch 71 | train=6.1227 | val=4.6927
2026-04-14 04:14:04,155 [INFO] [Epoch 72] train_loss=6.1184
2026-04-14 04:14:04,568 [INFO] [Epoch 72] val_loss=4.6894
2026-04-14 04:14:04,573 [INFO] Epoch 72 | train=6.1184 | val=4.6894
2026-04-14 04:14:11,674 [INFO] [Epoch 73] train_loss=6.1114
2026-04-14 04:14:12,092 [INFO] [Epoch 73] val_loss=4.6819
2026-04-14 04:14:12,097 [INFO] Epoch 73 | train=6.1114 | val=4.6819
2026-04-14 04:14:12,139 [INFO] Saved checkpoint (val=4.6819)
2026-04-14 04:14:19,281 [INFO] [Epoch 74] train_loss=6.1043
2026-04-14 04:14:19,704 [INFO] [Epoch 74] val_loss=4.6764
2026-04-14 04:14:19,708 [INFO] Epoch 74 | train=6.1043 | val=4.6764
2026-04-14 04:14:19,752 [INFO] Saved checkpoint (val=4.6764)
2026-04-14 04:14:26,893 [INFO] [Epoch 75] train_loss=6.0984
2026-04-14 04:14:27,314 [INFO] [Epoch 75] val_loss=4.6834
2026-04-14 04:14:27,319 [INFO] Epoch 75 | train=6.0984 | val=4.6834
2026-04-14 04:14:34,373 [INFO] [Epoch 76] train_loss=6.0950
2026-04-14 04:14:34,781 [INFO] [Epoch 76] val_loss=4.6758
2026-04-14 04:14:34,786 [INFO] Epoch 76 | train=6.0950 | val=4.6758
2026-04-14 04:14:34,829 [INFO] Saved checkpoint (val=4.6758)
2026-04-14 04:14:42,056 [INFO] [Epoch 77] train_loss=6.0879
2026-04-14 04:14:42,469 [INFO] [Epoch 77] val_loss=4.6722
2026-04-14 04:14:42,473 [INFO] Epoch 77 | train=6.0879 | val=4.6722
2026-04-14 04:14:42,516 [INFO] Saved checkpoint (val=4.6722)
2026-04-14 04:14:49,616 [INFO] [Epoch 78] train_loss=6.0826
2026-04-14 04:14:50,035 [INFO] [Epoch 78] val_loss=4.6789
2026-04-14 04:14:50,040 [INFO] Epoch 78 | train=6.0826 | val=4.6789
2026-04-14 04:14:57,166 [INFO] [Epoch 79] train_loss=6.0773
2026-04-14 04:14:57,564 [INFO] [Epoch 79] val_loss=4.6631
2026-04-14 04:14:57,568 [INFO] Epoch 79 | train=6.0773 | val=4.6631
2026-04-14 04:14:57,598 [INFO] Saved checkpoint (val=4.6631)
2026-04-14 04:15:04,748 [INFO] [Epoch 80] train_loss=6.0703
2026-04-14 04:15:05,165 [INFO] [Epoch 80] val_loss=4.6644
2026-04-14 04:15:05,169 [INFO] Epoch 80 | train=6.0703 | val=4.6644
2026-04-14 04:15:12,209 [INFO] [Epoch 81] train_loss=6.0661
2026-04-14 04:15:12,631 [INFO] [Epoch 81] val_loss=4.6651
2026-04-14 04:15:12,635 [INFO] Epoch 81 | train=6.0661 | val=4.6651
2026-04-14 04:15:19,546 [INFO] [Epoch 82] train_loss=6.0602
2026-04-14 04:15:19,948 [INFO] [Epoch 82] val_loss=4.6578
2026-04-14 04:15:19,953 [INFO] Epoch 82 | train=6.0602 | val=4.6578
2026-04-14 04:15:19,996 [INFO] Saved checkpoint (val=4.6578)
2026-04-14 04:15:27,085 [INFO] [Epoch 83] train_loss=6.0545
2026-04-14 04:15:27,494 [INFO] [Epoch 83] val_loss=4.6663
2026-04-14 04:15:27,499 [INFO] Epoch 83 | train=6.0545 | val=4.6663
2026-04-14 04:15:34,697 [INFO] [Epoch 84] train_loss=6.0497
2026-04-14 04:15:35,111 [INFO] [Epoch 84] val_loss=4.6567
2026-04-14 04:15:35,116 [INFO] Epoch 84 | train=6.0497 | val=4.6567
2026-04-14 04:15:35,161 [INFO] Saved checkpoint (val=4.6567)
2026-04-14 04:15:42,474 [INFO] [Epoch 85] train_loss=6.0457
2026-04-14 04:15:42,888 [INFO] [Epoch 85] val_loss=4.6578
2026-04-14 04:15:42,893 [INFO] Epoch 85 | train=6.0457 | val=4.6578
2026-04-14 04:15:50,125 [INFO] [Epoch 86] train_loss=6.0401
2026-04-14 04:15:50,527 [INFO] [Epoch 86] val_loss=4.6390
2026-04-14 04:15:50,532 [INFO] Epoch 86 | train=6.0401 | val=4.6390
2026-04-14 04:15:50,560 [INFO] Saved checkpoint (val=4.6390)
2026-04-14 04:15:57,588 [INFO] [Epoch 87] train_loss=6.0366
2026-04-14 04:15:57,998 [INFO] [Epoch 87] val_loss=4.6450
2026-04-14 04:15:58,002 [INFO] Epoch 87 | train=6.0366 | val=4.6450
2026-04-14 04:16:04,938 [INFO] [Epoch 88] train_loss=6.0306
2026-04-14 04:16:05,348 [INFO] [Epoch 88] val_loss=4.6505
2026-04-14 04:16:05,352 [INFO] Epoch 88 | train=6.0306 | val=4.6505
2026-04-14 04:16:12,522 [INFO] [Epoch 89] train_loss=6.0250
2026-04-14 04:16:12,932 [INFO] [Epoch 89] val_loss=4.6536
2026-04-14 04:16:12,937 [INFO] Epoch 89 | train=6.0250 | val=4.6536
2026-04-14 04:16:19,958 [INFO] [Epoch 90] train_loss=6.0199
2026-04-14 04:16:20,368 [INFO] [Epoch 90] val_loss=4.6288
2026-04-14 04:16:20,372 [INFO] Epoch 90 | train=6.0199 | val=4.6288
2026-04-14 04:16:20,416 [INFO] Saved checkpoint (val=4.6288)
2026-04-14 04:16:27,471 [INFO] [Epoch 91] train_loss=6.0151
2026-04-14 04:16:27,872 [INFO] [Epoch 91] val_loss=4.6315
2026-04-14 04:16:27,877 [INFO] Epoch 91 | train=6.0151 | val=4.6315
2026-04-14 04:16:34,951 [INFO] [Epoch 92] train_loss=6.0120
2026-04-14 04:16:35,366 [INFO] [Epoch 92] val_loss=4.6416
2026-04-14 04:16:35,371 [INFO] Epoch 92 | train=6.0120 | val=4.6416
2026-04-14 04:16:42,598 [INFO] [Epoch 93] train_loss=6.0059
2026-04-14 04:16:43,003 [INFO] [Epoch 93] val_loss=4.6441
2026-04-14 04:16:43,009 [INFO] Epoch 93 | train=6.0059 | val=4.6441
2026-04-14 04:16:50,078 [INFO] [Epoch 94] train_loss=6.0027
2026-04-14 04:16:50,487 [INFO] [Epoch 94] val_loss=4.6369
2026-04-14 04:16:50,492 [INFO] Epoch 94 | train=6.0027 | val=4.6369
2026-04-14 04:16:57,496 [INFO] [Epoch 95] train_loss=5.9973
2026-04-14 04:16:57,909 [INFO] [Epoch 95] val_loss=4.6264
2026-04-14 04:16:57,913 [INFO] Epoch 95 | train=5.9973 | val=4.6264
2026-04-14 04:16:57,957 [INFO] Saved checkpoint (val=4.6264)
2026-04-14 04:17:05,012 [INFO] [Epoch 96] train_loss=5.9925
2026-04-14 04:17:05,420 [INFO] [Epoch 96] val_loss=4.6258
2026-04-14 04:17:05,425 [INFO] Epoch 96 | train=5.9925 | val=4.6258
2026-04-14 04:17:05,467 [INFO] Saved checkpoint (val=4.6258)
2026-04-14 04:17:12,420 [INFO] [Epoch 97] train_loss=5.9877
2026-04-14 04:17:12,835 [INFO] [Epoch 97] val_loss=4.6305
2026-04-14 04:17:12,840 [INFO] Epoch 97 | train=5.9877 | val=4.6305
2026-04-14 04:17:19,884 [INFO] [Epoch 98] train_loss=5.9843
2026-04-14 04:17:20,297 [INFO] [Epoch 98] val_loss=4.6181
2026-04-14 04:17:20,302 [INFO] Epoch 98 | train=5.9843 | val=4.6181
2026-04-14 04:17:20,345 [INFO] Saved checkpoint (val=4.6181)
2026-04-14 04:17:27,284 [INFO] [Epoch 99] train_loss=5.9799
2026-04-14 04:17:27,692 [INFO] [Epoch 99] val_loss=4.6267
2026-04-14 04:17:27,696 [INFO] Epoch 99 | train=5.9799 | val=4.6267
2026-04-14 04:17:34,651 [INFO] [Epoch 100] train_loss=5.9752
2026-04-14 04:17:35,054 [INFO] [Epoch 100] val_loss=4.6244
2026-04-14 04:17:35,058 [INFO] Epoch 100 | train=5.9752 | val=4.6244
2026-04-14 04:17:42,007 [INFO] [Epoch 101] train_loss=5.9720
2026-04-14 04:17:42,421 [INFO] [Epoch 101] val_loss=4.6186
2026-04-14 04:17:42,426 [INFO] Epoch 101 | train=5.9720 | val=4.6186
2026-04-14 04:17:49,663 [INFO] [Epoch 102] train_loss=5.9668
2026-04-14 04:17:50,061 [INFO] [Epoch 102] val_loss=4.6235
2026-04-14 04:17:50,064 [INFO] Epoch 102 | train=5.9668 | val=4.6235
2026-04-14 04:17:57,032 [INFO] [Epoch 103] train_loss=5.9614
2026-04-14 04:17:57,442 [INFO] [Epoch 103] val_loss=4.6179
2026-04-14 04:17:57,446 [INFO] Epoch 103 | train=5.9614 | val=4.6179
2026-04-14 04:17:57,475 [INFO] Saved checkpoint (val=4.6179)
2026-04-14 04:18:04,797 [INFO] [Epoch 104] train_loss=5.9597
2026-04-14 04:18:05,210 [INFO] [Epoch 104] val_loss=4.6202
2026-04-14 04:18:05,215 [INFO] Epoch 104 | train=5.9597 | val=4.6202
2026-04-14 04:18:12,227 [INFO] [Epoch 105] train_loss=5.9529
2026-04-14 04:18:12,641 [INFO] [Epoch 105] val_loss=4.6102
2026-04-14 04:18:12,645 [INFO] Epoch 105 | train=5.9529 | val=4.6102
2026-04-14 04:18:12,675 [INFO] Saved checkpoint (val=4.6102)
2026-04-14 04:18:19,759 [INFO] [Epoch 106] train_loss=5.9513
2026-04-14 04:18:20,172 [INFO] [Epoch 106] val_loss=4.6145
2026-04-14 04:18:20,177 [INFO] Epoch 106 | train=5.9513 | val=4.6145
2026-04-14 04:18:27,167 [INFO] [Epoch 107] train_loss=5.9453
2026-04-14 04:18:27,581 [INFO] [Epoch 107] val_loss=4.6099
2026-04-14 04:18:27,586 [INFO] Epoch 107 | train=5.9453 | val=4.6099
2026-04-14 04:18:27,629 [INFO] Saved checkpoint (val=4.6099)
2026-04-14 04:18:34,927 [INFO] [Epoch 108] train_loss=5.9427
2026-04-14 04:18:35,337 [INFO] [Epoch 108] val_loss=4.6197
2026-04-14 04:18:35,342 [INFO] Epoch 108 | train=5.9427 | val=4.6197
2026-04-14 04:18:42,333 [INFO] [Epoch 109] train_loss=5.9386
2026-04-14 04:18:42,735 [INFO] [Epoch 109] val_loss=4.6042
2026-04-14 04:18:42,739 [INFO] Epoch 109 | train=5.9386 | val=4.6042
2026-04-14 04:18:42,780 [INFO] Saved checkpoint (val=4.6042)
2026-04-14 04:18:49,957 [INFO] [Epoch 110] train_loss=5.9337
2026-04-14 04:18:50,363 [INFO] [Epoch 110] val_loss=4.6115
2026-04-14 04:18:50,367 [INFO] Epoch 110 | train=5.9337 | val=4.6115
2026-04-14 04:18:57,539 [INFO] [Epoch 111] train_loss=5.9295
2026-04-14 04:18:57,950 [INFO] [Epoch 111] val_loss=4.6264
2026-04-14 04:18:57,955 [INFO] Epoch 111 | train=5.9295 | val=4.6264
2026-04-14 04:19:04,913 [INFO] [Epoch 112] train_loss=5.9281
2026-04-14 04:19:05,339 [INFO] [Epoch 112] val_loss=4.6101
2026-04-14 04:19:05,343 [INFO] Epoch 112 | train=5.9281 | val=4.6101
2026-04-14 04:19:12,299 [INFO] [Epoch 113] train_loss=5.9220
2026-04-14 04:19:12,705 [INFO] [Epoch 113] val_loss=4.5977
2026-04-14 04:19:12,710 [INFO] Epoch 113 | train=5.9220 | val=4.5977
2026-04-14 04:19:12,752 [INFO] Saved checkpoint (val=4.5977)
2026-04-14 04:19:20,071 [INFO] [Epoch 114] train_loss=5.9192
2026-04-14 04:19:20,471 [INFO] [Epoch 114] val_loss=4.6110
2026-04-14 04:19:20,476 [INFO] Epoch 114 | train=5.9192 | val=4.6110
2026-04-14 04:19:27,551 [INFO] [Epoch 115] train_loss=5.9153
2026-04-14 04:19:27,972 [INFO] [Epoch 115] val_loss=4.6059
2026-04-14 04:19:27,976 [INFO] Epoch 115 | train=5.9153 | val=4.6059
2026-04-14 04:19:35,256 [INFO] [Epoch 116] train_loss=5.9120
2026-04-14 04:19:35,667 [INFO] [Epoch 116] val_loss=4.6172
2026-04-14 04:19:35,672 [INFO] Epoch 116 | train=5.9120 | val=4.6172
2026-04-14 04:19:42,827 [INFO] [Epoch 117] train_loss=5.9081
2026-04-14 04:19:43,237 [INFO] [Epoch 117] val_loss=4.5969
2026-04-14 04:19:43,241 [INFO] Epoch 117 | train=5.9081 | val=4.5969
2026-04-14 04:19:43,284 [INFO] Saved checkpoint (val=4.5969)
2026-04-14 04:19:50,364 [INFO] [Epoch 118] train_loss=5.9043
2026-04-14 04:19:50,764 [INFO] [Epoch 118] val_loss=4.6064
2026-04-14 04:19:50,768 [INFO] Epoch 118 | train=5.9043 | val=4.6064
2026-04-14 04:19:57,933 [INFO] [Epoch 119] train_loss=5.9010
2026-04-14 04:19:58,341 [INFO] [Epoch 119] val_loss=4.6042
2026-04-14 04:19:58,347 [INFO] Epoch 119 | train=5.9010 | val=4.6042
2026-04-14 04:20:05,341 [INFO] [Epoch 120] train_loss=5.8974
2026-04-14 04:20:05,754 [INFO] [Epoch 120] val_loss=4.6043
2026-04-14 04:20:05,759 [INFO] Epoch 120 | train=5.8974 | val=4.6043
2026-04-14 04:20:12,718 [INFO] [Epoch 121] train_loss=5.8939
2026-04-14 04:20:13,117 [INFO] [Epoch 121] val_loss=4.5991
2026-04-14 04:20:13,121 [INFO] Epoch 121 | train=5.8939 | val=4.5991
2026-04-14 04:20:20,123 [INFO] [Epoch 122] train_loss=5.8892
2026-04-14 04:20:20,538 [INFO] [Epoch 122] val_loss=4.6035
2026-04-14 04:20:20,543 [INFO] Epoch 122 | train=5.8892 | val=4.6035
2026-04-14 04:20:27,774 [INFO] [Epoch 123] train_loss=5.8872
2026-04-14 04:20:28,186 [INFO] [Epoch 123] val_loss=4.6081
2026-04-14 04:20:28,191 [INFO] Epoch 123 | train=5.8872 | val=4.6081
2026-04-14 04:20:35,366 [INFO] [Epoch 124] train_loss=5.8830
2026-04-14 04:20:35,771 [INFO] [Epoch 124] val_loss=4.6009
2026-04-14 04:20:35,776 [INFO] Epoch 124 | train=5.8830 | val=4.6009
2026-04-14 04:20:42,887 [INFO] [Epoch 125] train_loss=5.8807
2026-04-14 04:20:43,291 [INFO] [Epoch 125] val_loss=4.5972
2026-04-14 04:20:43,295 [INFO] Epoch 125 | train=5.8807 | val=4.5972
2026-04-14 04:20:50,355 [INFO] [Epoch 126] train_loss=5.8792
2026-04-14 04:20:50,759 [INFO] [Epoch 126] val_loss=4.6070
2026-04-14 04:20:50,764 [INFO] Epoch 126 | train=5.8792 | val=4.6070
2026-04-14 04:20:57,984 [INFO] [Epoch 127] train_loss=5.8733
2026-04-14 04:20:58,390 [INFO] [Epoch 127] val_loss=4.5930
2026-04-14 04:20:58,396 [INFO] Epoch 127 | train=5.8733 | val=4.5930
2026-04-14 04:20:58,427 [INFO] Saved checkpoint (val=4.5930)
2026-04-14 04:21:05,710 [INFO] [Epoch 128] train_loss=5.8701
2026-04-14 04:21:06,163 [INFO] [Epoch 128] val_loss=4.6015
2026-04-14 04:21:06,166 [INFO] Epoch 128 | train=5.8701 | val=4.6015
2026-04-14 04:21:13,313 [INFO] [Epoch 129] train_loss=5.8657
2026-04-14 04:21:13,724 [INFO] [Epoch 129] val_loss=4.6073
2026-04-14 04:21:13,728 [INFO] Epoch 129 | train=5.8657 | val=4.6073
2026-04-14 04:21:20,870 [INFO] [Epoch 130] train_loss=5.8636
2026-04-14 04:21:21,284 [INFO] [Epoch 130] val_loss=4.5918
2026-04-14 04:21:21,289 [INFO] Epoch 130 | train=5.8636 | val=4.5918
2026-04-14 04:21:21,318 [INFO] Saved checkpoint (val=4.5918)
2026-04-14 04:21:28,812 [INFO] [Epoch 131] train_loss=5.8612
2026-04-14 04:21:29,228 [INFO] [Epoch 131] val_loss=4.5838
2026-04-14 04:21:29,231 [INFO] Epoch 131 | train=5.8612 | val=4.5838
2026-04-14 04:21:29,250 [INFO] Saved checkpoint (val=4.5838)
2026-04-14 04:21:36,668 [INFO] [Epoch 132] train_loss=5.8567
2026-04-14 04:21:37,088 [INFO] [Epoch 132] val_loss=4.6013
2026-04-14 04:21:37,094 [INFO] Epoch 132 | train=5.8567 | val=4.6013
2026-04-14 04:21:44,060 [INFO] [Epoch 133] train_loss=5.8546
2026-04-14 04:21:44,470 [INFO] [Epoch 133] val_loss=4.5954
2026-04-14 04:21:44,476 [INFO] Epoch 133 | train=5.8546 | val=4.5954
2026-04-14 04:21:51,485 [INFO] [Epoch 134] train_loss=5.8500
2026-04-14 04:21:51,896 [INFO] [Epoch 134] val_loss=4.5825
2026-04-14 04:21:51,900 [INFO] Epoch 134 | train=5.8500 | val=4.5825
2026-04-14 04:21:51,928 [INFO] Saved checkpoint (val=4.5825)
2026-04-14 04:21:59,142 [INFO] [Epoch 135] train_loss=5.8471
2026-04-14 04:21:59,564 [INFO] [Epoch 135] val_loss=4.5938
2026-04-14 04:21:59,569 [INFO] Epoch 135 | train=5.8471 | val=4.5938
2026-04-14 04:22:06,721 [INFO] [Epoch 136] train_loss=5.8438
2026-04-14 04:22:07,136 [INFO] [Epoch 136] val_loss=4.5912
2026-04-14 04:22:07,141 [INFO] Epoch 136 | train=5.8438 | val=4.5912
2026-04-14 04:22:14,381 [INFO] [Epoch 137] train_loss=5.8408
2026-04-14 04:22:14,799 [INFO] [Epoch 137] val_loss=4.5906
2026-04-14 04:22:14,803 [INFO] Epoch 137 | train=5.8408 | val=4.5906
2026-04-14 04:22:21,896 [INFO] [Epoch 138] train_loss=5.8376
2026-04-14 04:22:22,314 [INFO] [Epoch 138] val_loss=4.5952
2026-04-14 04:22:22,319 [INFO] Epoch 138 | train=5.8376 | val=4.5952
2026-04-14 04:22:29,558 [INFO] [Epoch 139] train_loss=5.8354
2026-04-14 04:22:29,966 [INFO] [Epoch 139] val_loss=4.5904
2026-04-14 04:22:29,971 [INFO] Epoch 139 | train=5.8354 | val=4.5904
2026-04-14 04:22:37,229 [INFO] [Epoch 140] train_loss=5.8311
2026-04-14 04:22:37,634 [INFO] [Epoch 140] val_loss=4.5751
2026-04-14 04:22:37,639 [INFO] Epoch 140 | train=5.8311 | val=4.5751
2026-04-14 04:22:37,682 [INFO] Saved checkpoint (val=4.5751)
2026-04-14 04:22:44,847 [INFO] [Epoch 141] train_loss=5.8302
2026-04-14 04:22:45,250 [INFO] [Epoch 141] val_loss=4.5911
2026-04-14 04:22:45,255 [INFO] Epoch 141 | train=5.8302 | val=4.5911
2026-04-14 04:22:52,557 [INFO] [Epoch 142] train_loss=5.8253
2026-04-14 04:22:52,970 [INFO] [Epoch 142] val_loss=4.6016
2026-04-14 04:22:52,975 [INFO] Epoch 142 | train=5.8253 | val=4.6016
2026-04-14 04:23:00,187 [INFO] [Epoch 143] train_loss=5.8238
2026-04-14 04:23:00,598 [INFO] [Epoch 143] val_loss=4.5806
2026-04-14 04:23:00,603 [INFO] Epoch 143 | train=5.8238 | val=4.5806
2026-04-14 04:23:07,804 [INFO] [Epoch 144] train_loss=5.8194
2026-04-14 04:23:08,213 [INFO] [Epoch 144] val_loss=4.5854
2026-04-14 04:23:08,218 [INFO] Epoch 144 | train=5.8194 | val=4.5854
2026-04-14 04:23:15,208 [INFO] [Epoch 145] train_loss=5.8158
2026-04-14 04:23:15,613 [INFO] [Epoch 145] val_loss=4.5772
2026-04-14 04:23:15,618 [INFO] Epoch 145 | train=5.8158 | val=4.5772
2026-04-14 04:23:22,580 [INFO] [Epoch 146] train_loss=5.8145
2026-04-14 04:23:22,992 [INFO] [Epoch 146] val_loss=4.5796
2026-04-14 04:23:22,997 [INFO] Epoch 146 | train=5.8145 | val=4.5796
2026-04-14 04:23:30,115 [INFO] [Epoch 147] train_loss=5.8101
2026-04-14 04:23:30,532 [INFO] [Epoch 147] val_loss=4.5877
2026-04-14 04:23:30,536 [INFO] Epoch 147 | train=5.8101 | val=4.5877
2026-04-14 04:23:42,006 [INFO] [Epoch 148] train_loss=5.8095
2026-04-14 04:23:42,911 [INFO] [Epoch 148] val_loss=4.5813
2026-04-14 04:23:42,917 [INFO] Epoch 148 | train=5.8095 | val=4.5813
2026-04-14 04:23:56,679 [INFO] [Epoch 149] train_loss=5.8056
2026-04-14 04:23:57,421 [INFO] [Epoch 149] val_loss=4.5842
2026-04-14 04:23:57,424 [INFO] Epoch 149 | train=5.8056 | val=4.5842
2026-04-14 04:24:12,033 [INFO] [Epoch 150] train_loss=5.8032
2026-04-14 04:24:12,894 [INFO] [Epoch 150] val_loss=4.5756
2026-04-14 04:24:12,901 [INFO] Epoch 150 | train=5.8032 | val=4.5756
