2026-04-13 21:52:01,355 [INFO] Logging to logs/open_clip__txt-open_clip__loc-satclip__tproj-linear__lproj-none__loss-mse.log
2026-04-13 21:52:01,357 [INFO] Checkpoints directory: /home/libe2152/outputs/explainable-earth-embeddings/open_clip/txt-open_clip__loc-satclip__tproj-linear__lproj-none__loss-mse
2026-04-13 21:52:07,025 [INFO] Loaded dataset from /home/libe2152/data/skyscript/satclip/open_clip/
2026-04-13 21:52:07,026 [INFO] Train size=341661, Val size=715
2026-04-13 21:52:07,032 [INFO] Using text encoder=open_clip, location encoder=satclip
2026-04-13 21:52:07,383 [INFO] Loss: mse
2026-04-13 21:52:07,383 [INFO] LR=0.001, weight_decay=0.01
2026-04-13 21:52:14,833 [INFO] [Epoch 0] train_loss=0.0031
2026-04-13 21:52:15,170 [INFO] [Epoch 0] val_loss=0.0025
2026-04-13 21:52:15,175 [INFO] Epoch 0 | train=0.0031 | val=0.0025
2026-04-13 21:52:15,191 [INFO] Saved checkpoint (val=0.0025)
2026-04-13 21:52:22,788 [INFO] [Epoch 1] train_loss=0.0026
2026-04-13 21:52:23,129 [INFO] [Epoch 1] val_loss=0.0024
2026-04-13 21:52:23,134 [INFO] Epoch 1 | train=0.0026 | val=0.0024
2026-04-13 21:52:23,148 [INFO] Saved checkpoint (val=0.0024)
2026-04-13 21:52:30,399 [INFO] [Epoch 2] train_loss=0.0025
2026-04-13 21:52:30,777 [INFO] [Epoch 2] val_loss=0.0023
2026-04-13 21:52:30,779 [INFO] Epoch 2 | train=0.0025 | val=0.0023
2026-04-13 21:52:30,785 [INFO] Saved checkpoint (val=0.0023)
2026-04-13 21:52:37,890 [INFO] [Epoch 3] train_loss=0.0025
2026-04-13 21:52:38,223 [INFO] [Epoch 3] val_loss=0.0022
2026-04-13 21:52:38,228 [INFO] Epoch 3 | train=0.0025 | val=0.0022
2026-04-13 21:52:38,242 [INFO] Saved checkpoint (val=0.0022)
2026-04-13 21:52:44,967 [INFO] [Epoch 4] train_loss=0.0024
2026-04-13 21:52:45,293 [INFO] [Epoch 4] val_loss=0.0021
2026-04-13 21:52:45,299 [INFO] Epoch 4 | train=0.0024 | val=0.0021
2026-04-13 21:52:45,314 [INFO] Saved checkpoint (val=0.0021)
2026-04-13 21:52:52,284 [INFO] [Epoch 5] train_loss=0.0024
2026-04-13 21:52:52,612 [INFO] [Epoch 5] val_loss=0.0021
2026-04-13 21:52:52,617 [INFO] Epoch 5 | train=0.0024 | val=0.0021
2026-04-13 21:52:52,631 [INFO] Saved checkpoint (val=0.0021)
2026-04-13 21:52:59,563 [INFO] [Epoch 6] train_loss=0.0023
2026-04-13 21:52:59,895 [INFO] [Epoch 6] val_loss=0.0021
2026-04-13 21:52:59,900 [INFO] Epoch 6 | train=0.0023 | val=0.0021
2026-04-13 21:52:59,914 [INFO] Saved checkpoint (val=0.0021)
2026-04-13 21:53:06,658 [INFO] [Epoch 7] train_loss=0.0023
2026-04-13 21:53:06,986 [INFO] [Epoch 7] val_loss=0.0021
2026-04-13 21:53:06,991 [INFO] Epoch 7 | train=0.0023 | val=0.0021
2026-04-13 21:53:07,005 [INFO] Saved checkpoint (val=0.0021)
2026-04-13 21:53:13,891 [INFO] [Epoch 8] train_loss=0.0023
2026-04-13 21:53:14,226 [INFO] [Epoch 8] val_loss=0.0020
2026-04-13 21:53:14,231 [INFO] Epoch 8 | train=0.0023 | val=0.0020
2026-04-13 21:53:14,245 [INFO] Saved checkpoint (val=0.0020)
2026-04-13 21:53:21,295 [INFO] [Epoch 9] train_loss=0.0023
2026-04-13 21:53:21,627 [INFO] [Epoch 9] val_loss=0.0020
2026-04-13 21:53:21,632 [INFO] Epoch 9 | train=0.0023 | val=0.0020
2026-04-13 21:53:21,646 [INFO] Saved checkpoint (val=0.0020)
2026-04-13 21:53:28,712 [INFO] [Epoch 10] train_loss=0.0023
2026-04-13 21:53:29,051 [INFO] [Epoch 10] val_loss=0.0020
2026-04-13 21:53:29,056 [INFO] Epoch 10 | train=0.0023 | val=0.0020
2026-04-13 21:53:29,071 [INFO] Saved checkpoint (val=0.0020)
2026-04-13 21:53:35,866 [INFO] [Epoch 11] train_loss=0.0023
2026-04-13 21:53:36,196 [INFO] [Epoch 11] val_loss=0.0020
2026-04-13 21:53:36,202 [INFO] Epoch 11 | train=0.0023 | val=0.0020
2026-04-13 21:53:36,216 [INFO] Saved checkpoint (val=0.0020)
2026-04-13 21:53:43,249 [INFO] [Epoch 12] train_loss=0.0023
2026-04-13 21:53:43,578 [INFO] [Epoch 12] val_loss=0.0020
2026-04-13 21:53:43,580 [INFO] Epoch 12 | train=0.0023 | val=0.0020
2026-04-13 21:53:43,586 [INFO] Saved checkpoint (val=0.0020)
2026-04-13 21:53:50,306 [INFO] [Epoch 13] train_loss=0.0022
2026-04-13 21:53:50,630 [INFO] [Epoch 13] val_loss=0.0020
2026-04-13 21:53:50,635 [INFO] Epoch 13 | train=0.0022 | val=0.0020
2026-04-13 21:53:50,648 [INFO] Saved checkpoint (val=0.0020)
2026-04-13 21:53:57,489 [INFO] [Epoch 14] train_loss=0.0022
2026-04-13 21:53:57,827 [INFO] [Epoch 14] val_loss=0.0020
2026-04-13 21:53:57,832 [INFO] Epoch 14 | train=0.0022 | val=0.0020
2026-04-13 21:53:57,845 [INFO] Saved checkpoint (val=0.0020)
2026-04-13 21:54:04,645 [INFO] [Epoch 15] train_loss=0.0022
2026-04-13 21:54:04,968 [INFO] [Epoch 15] val_loss=0.0020
2026-04-13 21:54:04,972 [INFO] Epoch 15 | train=0.0022 | val=0.0020
2026-04-13 21:54:04,984 [INFO] Saved checkpoint (val=0.0020)
2026-04-13 21:54:11,673 [INFO] [Epoch 16] train_loss=0.0022
2026-04-13 21:54:12,001 [INFO] [Epoch 16] val_loss=0.0020
2026-04-13 21:54:12,004 [INFO] Epoch 16 | train=0.0022 | val=0.0020
2026-04-13 21:54:12,010 [INFO] Saved checkpoint (val=0.0020)
2026-04-13 21:54:18,698 [INFO] [Epoch 17] train_loss=0.0022
2026-04-13 21:54:19,032 [INFO] [Epoch 17] val_loss=0.0020
2026-04-13 21:54:19,037 [INFO] Epoch 17 | train=0.0022 | val=0.0020
2026-04-13 21:54:19,050 [INFO] Saved checkpoint (val=0.0020)
2026-04-13 21:54:25,846 [INFO] [Epoch 18] train_loss=0.0022
2026-04-13 21:54:26,176 [INFO] [Epoch 18] val_loss=0.0020
2026-04-13 21:54:26,179 [INFO] Epoch 18 | train=0.0022 | val=0.0020
2026-04-13 21:54:26,186 [INFO] Saved checkpoint (val=0.0020)
2026-04-13 21:54:32,939 [INFO] [Epoch 19] train_loss=0.0022
2026-04-13 21:54:33,281 [INFO] [Epoch 19] val_loss=0.0020
2026-04-13 21:54:33,286 [INFO] Epoch 19 | train=0.0022 | val=0.0020
2026-04-13 21:54:40,171 [INFO] [Epoch 20] train_loss=0.0022
2026-04-13 21:54:40,502 [INFO] [Epoch 20] val_loss=0.0020
2026-04-13 21:54:40,507 [INFO] Epoch 20 | train=0.0022 | val=0.0020
2026-04-13 21:54:47,346 [INFO] [Epoch 21] train_loss=0.0022
2026-04-13 21:54:47,686 [INFO] [Epoch 21] val_loss=0.0020
2026-04-13 21:54:47,694 [INFO] Epoch 21 | train=0.0022 | val=0.0020
2026-04-13 21:54:54,426 [INFO] [Epoch 22] train_loss=0.0022
2026-04-13 21:54:54,764 [INFO] [Epoch 22] val_loss=0.0020
2026-04-13 21:54:54,768 [INFO] Epoch 22 | train=0.0022 | val=0.0020
2026-04-13 21:55:01,624 [INFO] [Epoch 23] train_loss=0.0022
2026-04-13 21:55:01,961 [INFO] [Epoch 23] val_loss=0.0020
2026-04-13 21:55:01,965 [INFO] Epoch 23 | train=0.0022 | val=0.0020
2026-04-13 22:59:29,487 [INFO] Logging to logs/open_clip__txt-open_clip__loc-satclip__tproj-linear__lproj-none__loss-mse.log
2026-04-13 22:59:29,492 [INFO] Checkpoints directory: /home/libe2152/outputs/explainable-earth-embeddings/open_clip/txt-open_clip__loc-satclip__tproj-linear__lproj-none__loss-mse
2026-04-13 22:59:38,632 [INFO] Loaded dataset from /home/libe2152/data/skyscript/satclip/open_clip/
2026-04-13 22:59:38,632 [INFO] Train size=341661, Val size=715
2026-04-13 22:59:38,637 [INFO] Using text encoder=open_clip, location encoder=satclip
2026-04-13 22:59:39,514 [INFO] Loss: mse
2026-04-13 22:59:39,515 [INFO] LR=0.0001, weight_decay=0.01
2026-04-13 22:59:51,140 [INFO] [Epoch 0] train_loss=0.0045
2026-04-13 22:59:51,808 [INFO] [Epoch 0] val_loss=0.0032
2026-04-13 22:59:51,822 [INFO] Epoch 0 | train=0.0045 | val=0.0032
2026-04-13 22:59:51,844 [INFO] Saved checkpoint (val=0.0032)
2026-04-13 23:00:05,522 [INFO] [Epoch 1] train_loss=0.0032
2026-04-13 23:00:06,188 [INFO] [Epoch 1] val_loss=0.0028
2026-04-13 23:00:06,199 [INFO] Epoch 1 | train=0.0032 | val=0.0028
2026-04-13 23:00:06,217 [INFO] Saved checkpoint (val=0.0028)
2026-04-13 23:00:19,024 [INFO] [Epoch 2] train_loss=0.0030
2026-04-13 23:00:19,419 [INFO] [Epoch 2] val_loss=0.0027
2026-04-13 23:00:19,424 [INFO] Epoch 2 | train=0.0030 | val=0.0027
2026-04-13 23:00:19,438 [INFO] Saved checkpoint (val=0.0027)
2026-04-13 23:00:32,600 [INFO] [Epoch 3] train_loss=0.0029
2026-04-13 23:00:33,569 [INFO] [Epoch 3] val_loss=0.0026
2026-04-13 23:00:33,580 [INFO] Epoch 3 | train=0.0029 | val=0.0026
2026-04-13 23:00:33,600 [INFO] Saved checkpoint (val=0.0026)
2026-04-13 23:00:45,732 [INFO] [Epoch 4] train_loss=0.0028
2026-04-13 23:00:46,496 [INFO] [Epoch 4] val_loss=0.0026
2026-04-13 23:00:46,499 [INFO] Epoch 4 | train=0.0028 | val=0.0026
2026-04-13 23:00:46,522 [INFO] Saved checkpoint (val=0.0026)
2026-04-13 23:00:58,558 [INFO] [Epoch 5] train_loss=0.0028
2026-04-13 23:00:59,344 [INFO] [Epoch 5] val_loss=0.0025
2026-04-13 23:00:59,355 [INFO] Epoch 5 | train=0.0028 | val=0.0025
2026-04-13 23:00:59,373 [INFO] Saved checkpoint (val=0.0025)
2026-04-13 23:01:10,347 [INFO] [Epoch 6] train_loss=0.0027
2026-04-13 23:01:11,069 [INFO] [Epoch 6] val_loss=0.0025
2026-04-13 23:01:11,079 [INFO] Epoch 6 | train=0.0027 | val=0.0025
2026-04-13 23:01:11,094 [INFO] Saved checkpoint (val=0.0025)
2026-04-13 23:01:24,500 [INFO] [Epoch 7] train_loss=0.0027
2026-04-13 23:01:25,059 [INFO] [Epoch 7] val_loss=0.0025
2026-04-13 23:01:25,062 [INFO] Epoch 7 | train=0.0027 | val=0.0025
2026-04-13 23:01:25,080 [INFO] Saved checkpoint (val=0.0025)
2026-04-13 23:01:37,042 [INFO] [Epoch 8] train_loss=0.0027
2026-04-13 23:01:37,768 [INFO] [Epoch 8] val_loss=0.0025
2026-04-13 23:01:37,779 [INFO] Epoch 8 | train=0.0027 | val=0.0025
2026-04-13 23:01:37,795 [INFO] Saved checkpoint (val=0.0025)
2026-04-13 23:01:50,516 [INFO] [Epoch 9] train_loss=0.0026
2026-04-13 23:01:51,206 [INFO] [Epoch 9] val_loss=0.0024
2026-04-13 23:01:51,213 [INFO] Epoch 9 | train=0.0026 | val=0.0024
2026-04-13 23:01:51,223 [INFO] Saved checkpoint (val=0.0024)
2026-04-13 23:02:03,250 [INFO] [Epoch 10] train_loss=0.0026
2026-04-13 23:02:03,859 [INFO] [Epoch 10] val_loss=0.0024
2026-04-13 23:02:03,873 [INFO] Epoch 10 | train=0.0026 | val=0.0024
2026-04-13 23:02:03,891 [INFO] Saved checkpoint (val=0.0024)
2026-04-13 23:02:15,570 [INFO] [Epoch 11] train_loss=0.0026
2026-04-13 23:02:16,167 [INFO] [Epoch 11] val_loss=0.0024
2026-04-13 23:02:16,172 [INFO] Epoch 11 | train=0.0026 | val=0.0024
2026-04-13 23:02:16,186 [INFO] Saved checkpoint (val=0.0024)
2026-04-13 23:02:27,518 [INFO] [Epoch 12] train_loss=0.0026
2026-04-13 23:02:28,409 [INFO] [Epoch 12] val_loss=0.0024
2026-04-13 23:02:28,412 [INFO] Epoch 12 | train=0.0026 | val=0.0024
2026-04-13 23:02:28,418 [INFO] Saved checkpoint (val=0.0024)
2026-04-13 23:02:41,115 [INFO] [Epoch 13] train_loss=0.0026
2026-04-13 23:02:41,954 [INFO] [Epoch 13] val_loss=0.0023
2026-04-13 23:02:41,957 [INFO] Epoch 13 | train=0.0026 | val=0.0023
2026-04-13 23:02:41,971 [INFO] Saved checkpoint (val=0.0023)
2026-04-13 23:02:54,735 [INFO] [Epoch 14] train_loss=0.0025
2026-04-13 23:02:55,728 [INFO] [Epoch 14] val_loss=0.0023
2026-04-13 23:02:55,742 [INFO] Epoch 14 | train=0.0025 | val=0.0023
2026-04-13 23:02:55,758 [INFO] Saved checkpoint (val=0.0023)
2026-04-13 23:03:06,885 [INFO] [Epoch 15] train_loss=0.0025
2026-04-13 23:03:07,551 [INFO] [Epoch 15] val_loss=0.0023
2026-04-13 23:03:07,562 [INFO] Epoch 15 | train=0.0025 | val=0.0023
2026-04-13 23:03:07,579 [INFO] Saved checkpoint (val=0.0023)
2026-04-13 23:03:19,761 [INFO] [Epoch 16] train_loss=0.0025
2026-04-13 23:03:20,413 [INFO] [Epoch 16] val_loss=0.0023
2026-04-13 23:03:20,418 [INFO] Epoch 16 | train=0.0025 | val=0.0023
2026-04-13 23:03:20,433 [INFO] Saved checkpoint (val=0.0023)
2026-04-13 23:03:33,749 [INFO] [Epoch 17] train_loss=0.0025
2026-04-13 23:03:34,255 [INFO] [Epoch 17] val_loss=0.0023
2026-04-13 23:03:34,259 [INFO] Epoch 17 | train=0.0025 | val=0.0023
2026-04-13 23:03:34,270 [INFO] Saved checkpoint (val=0.0023)
2026-04-13 23:03:46,490 [INFO] [Epoch 18] train_loss=0.0025
2026-04-13 23:03:47,291 [INFO] [Epoch 18] val_loss=0.0023
2026-04-13 23:03:47,299 [INFO] Epoch 18 | train=0.0025 | val=0.0023
2026-04-13 23:03:47,318 [INFO] Saved checkpoint (val=0.0023)
2026-04-13 23:04:01,019 [INFO] [Epoch 19] train_loss=0.0025
2026-04-13 23:04:01,681 [INFO] [Epoch 19] val_loss=0.0023
2026-04-13 23:04:01,686 [INFO] Epoch 19 | train=0.0025 | val=0.0023
2026-04-13 23:04:01,698 [INFO] Saved checkpoint (val=0.0023)
2026-04-13 23:04:13,770 [INFO] [Epoch 20] train_loss=0.0025
2026-04-13 23:04:14,278 [INFO] [Epoch 20] val_loss=0.0022
2026-04-13 23:04:14,295 [INFO] Epoch 20 | train=0.0025 | val=0.0022
2026-04-13 23:04:14,326 [INFO] Saved checkpoint (val=0.0022)
2026-04-13 23:04:26,605 [INFO] [Epoch 21] train_loss=0.0025
2026-04-13 23:04:27,128 [INFO] [Epoch 21] val_loss=0.0022
2026-04-13 23:04:27,132 [INFO] Epoch 21 | train=0.0025 | val=0.0022
2026-04-13 23:04:27,146 [INFO] Saved checkpoint (val=0.0022)
2026-04-13 23:04:39,793 [INFO] [Epoch 22] train_loss=0.0024
2026-04-13 23:04:40,551 [INFO] [Epoch 22] val_loss=0.0022
2026-04-13 23:04:40,553 [INFO] Epoch 22 | train=0.0024 | val=0.0022
2026-04-13 23:04:40,559 [INFO] Saved checkpoint (val=0.0022)
2026-04-13 23:04:54,631 [INFO] [Epoch 23] train_loss=0.0024
2026-04-13 23:04:55,031 [INFO] [Epoch 23] val_loss=0.0022
2026-04-13 23:04:55,036 [INFO] Epoch 23 | train=0.0024 | val=0.0022
2026-04-13 23:04:55,051 [INFO] Saved checkpoint (val=0.0022)
2026-04-13 23:05:07,603 [INFO] [Epoch 24] train_loss=0.0024
2026-04-13 23:05:08,304 [INFO] [Epoch 24] val_loss=0.0022
2026-04-13 23:05:08,306 [INFO] Epoch 24 | train=0.0024 | val=0.0022
2026-04-13 23:05:08,314 [INFO] Saved checkpoint (val=0.0022)
2026-04-13 23:05:20,667 [INFO] [Epoch 25] train_loss=0.0024
2026-04-13 23:05:21,403 [INFO] [Epoch 25] val_loss=0.0022
2026-04-13 23:05:21,414 [INFO] Epoch 25 | train=0.0024 | val=0.0022
2026-04-13 23:05:21,432 [INFO] Saved checkpoint (val=0.0022)
2026-04-13 23:05:33,525 [INFO] [Epoch 26] train_loss=0.0024
2026-04-13 23:05:34,525 [INFO] [Epoch 26] val_loss=0.0022
2026-04-13 23:05:34,535 [INFO] Epoch 26 | train=0.0024 | val=0.0022
2026-04-13 23:05:34,551 [INFO] Saved checkpoint (val=0.0022)
2026-04-13 23:05:47,123 [INFO] [Epoch 27] train_loss=0.0024
2026-04-13 23:05:47,662 [INFO] [Epoch 27] val_loss=0.0022
2026-04-13 23:05:47,666 [INFO] Epoch 27 | train=0.0024 | val=0.0022
2026-04-13 23:05:47,679 [INFO] Saved checkpoint (val=0.0022)
2026-04-13 23:06:00,940 [INFO] [Epoch 28] train_loss=0.0024
2026-04-13 23:06:01,375 [INFO] [Epoch 28] val_loss=0.0022
2026-04-13 23:06:01,381 [INFO] Epoch 28 | train=0.0024 | val=0.0022
2026-04-13 23:06:01,391 [INFO] Saved checkpoint (val=0.0022)
2026-04-13 23:06:14,307 [INFO] [Epoch 29] train_loss=0.0024
2026-04-13 23:06:15,117 [INFO] [Epoch 29] val_loss=0.0022
2026-04-13 23:06:15,120 [INFO] Epoch 29 | train=0.0024 | val=0.0022
2026-04-13 23:06:15,141 [INFO] Saved checkpoint (val=0.0022)
2026-04-13 23:06:28,768 [INFO] [Epoch 30] train_loss=0.0024
2026-04-13 23:06:29,187 [INFO] [Epoch 30] val_loss=0.0021
2026-04-13 23:06:29,191 [INFO] Epoch 30 | train=0.0024 | val=0.0021
2026-04-13 23:06:29,207 [INFO] Saved checkpoint (val=0.0021)
2026-04-13 23:06:42,224 [INFO] [Epoch 31] train_loss=0.0024
2026-04-13 23:06:42,987 [INFO] [Epoch 31] val_loss=0.0021
2026-04-13 23:06:42,991 [INFO] Epoch 31 | train=0.0024 | val=0.0021
2026-04-13 23:06:43,014 [INFO] Saved checkpoint (val=0.0021)
2026-04-13 23:06:55,623 [INFO] [Epoch 32] train_loss=0.0024
2026-04-13 23:06:56,390 [INFO] [Epoch 32] val_loss=0.0021
2026-04-13 23:06:56,394 [INFO] Epoch 32 | train=0.0024 | val=0.0021
2026-04-13 23:06:56,407 [INFO] Saved checkpoint (val=0.0021)
2026-04-13 23:07:10,027 [INFO] [Epoch 33] train_loss=0.0024
2026-04-13 23:07:10,474 [INFO] [Epoch 33] val_loss=0.0021
2026-04-13 23:07:10,479 [INFO] Epoch 33 | train=0.0024 | val=0.0021
2026-04-13 23:07:10,494 [INFO] Saved checkpoint (val=0.0021)
2026-04-13 23:07:23,928 [INFO] [Epoch 34] train_loss=0.0024
2026-04-13 23:07:24,429 [INFO] [Epoch 34] val_loss=0.0021
2026-04-13 23:07:24,435 [INFO] Epoch 34 | train=0.0024 | val=0.0021
2026-04-13 23:07:24,445 [INFO] Saved checkpoint (val=0.0021)
2026-04-13 23:07:37,861 [INFO] [Epoch 35] train_loss=0.0023
2026-04-13 23:07:38,691 [INFO] [Epoch 35] val_loss=0.0021
2026-04-13 23:07:38,697 [INFO] Epoch 35 | train=0.0023 | val=0.0021
2026-04-13 23:07:38,707 [INFO] Saved checkpoint (val=0.0021)
2026-04-13 23:07:51,384 [INFO] [Epoch 36] train_loss=0.0023
2026-04-13 23:07:52,303 [INFO] [Epoch 36] val_loss=0.0021
2026-04-13 23:07:52,315 [INFO] Epoch 36 | train=0.0023 | val=0.0021
2026-04-13 23:07:52,330 [INFO] Saved checkpoint (val=0.0021)
2026-04-13 23:08:05,116 [INFO] [Epoch 37] train_loss=0.0023
2026-04-13 23:08:05,871 [INFO] [Epoch 37] val_loss=0.0021
2026-04-13 23:08:05,876 [INFO] Epoch 37 | train=0.0023 | val=0.0021
2026-04-13 23:08:05,892 [INFO] Saved checkpoint (val=0.0021)
2026-04-13 23:08:19,312 [INFO] [Epoch 38] train_loss=0.0023
2026-04-13 23:08:20,183 [INFO] [Epoch 38] val_loss=0.0021
2026-04-13 23:08:20,186 [INFO] Epoch 38 | train=0.0023 | val=0.0021
2026-04-13 23:08:20,193 [INFO] Saved checkpoint (val=0.0021)
2026-04-13 23:08:32,208 [INFO] [Epoch 39] train_loss=0.0023
2026-04-13 23:08:32,601 [INFO] [Epoch 39] val_loss=0.0021
2026-04-13 23:08:32,606 [INFO] Epoch 39 | train=0.0023 | val=0.0021
2026-04-13 23:08:32,620 [INFO] Saved checkpoint (val=0.0021)
2026-04-13 23:08:45,228 [INFO] [Epoch 40] train_loss=0.0023
2026-04-13 23:08:45,830 [INFO] [Epoch 40] val_loss=0.0021
2026-04-13 23:08:45,835 [INFO] Epoch 40 | train=0.0023 | val=0.0021
2026-04-13 23:08:45,848 [INFO] Saved checkpoint (val=0.0021)
2026-04-13 23:08:59,593 [INFO] [Epoch 41] train_loss=0.0023
2026-04-13 23:09:00,134 [INFO] [Epoch 41] val_loss=0.0021
2026-04-13 23:09:00,138 [INFO] Epoch 41 | train=0.0023 | val=0.0021
2026-04-13 23:09:00,155 [INFO] Saved checkpoint (val=0.0021)
2026-04-13 23:09:13,551 [INFO] [Epoch 42] train_loss=0.0023
2026-04-13 23:09:14,011 [INFO] [Epoch 42] val_loss=0.0021
2026-04-13 23:09:14,016 [INFO] Epoch 42 | train=0.0023 | val=0.0021
2026-04-13 23:09:14,029 [INFO] Saved checkpoint (val=0.0021)
2026-04-13 23:09:27,026 [INFO] [Epoch 43] train_loss=0.0023
2026-04-13 23:09:27,452 [INFO] [Epoch 43] val_loss=0.0021
2026-04-13 23:09:27,455 [INFO] Epoch 43 | train=0.0023 | val=0.0021
2026-04-13 23:09:27,465 [INFO] Saved checkpoint (val=0.0021)
2026-04-13 23:09:38,647 [INFO] [Epoch 44] train_loss=0.0023
2026-04-13 23:09:39,564 [INFO] [Epoch 44] val_loss=0.0021
2026-04-13 23:09:39,575 [INFO] Epoch 44 | train=0.0023 | val=0.0021
2026-04-13 23:09:39,592 [INFO] Saved checkpoint (val=0.0021)
2026-04-13 23:09:53,252 [INFO] [Epoch 45] train_loss=0.0023
2026-04-13 23:09:53,929 [INFO] [Epoch 45] val_loss=0.0021
2026-04-13 23:09:53,943 [INFO] Epoch 45 | train=0.0023 | val=0.0021
2026-04-13 23:09:53,960 [INFO] Saved checkpoint (val=0.0021)
2026-04-13 23:10:06,541 [INFO] [Epoch 46] train_loss=0.0023
2026-04-13 23:10:06,935 [INFO] [Epoch 46] val_loss=0.0021
2026-04-13 23:10:06,939 [INFO] Epoch 46 | train=0.0023 | val=0.0021
2026-04-13 23:10:06,953 [INFO] Saved checkpoint (val=0.0021)
2026-04-13 23:10:20,020 [INFO] [Epoch 47] train_loss=0.0023
2026-04-13 23:10:20,714 [INFO] [Epoch 47] val_loss=0.0021
2026-04-13 23:10:20,716 [INFO] Epoch 47 | train=0.0023 | val=0.0021
2026-04-13 23:10:20,722 [INFO] Saved checkpoint (val=0.0021)
2026-04-13 23:10:33,038 [INFO] [Epoch 48] train_loss=0.0023
2026-04-13 23:10:33,500 [INFO] [Epoch 48] val_loss=0.0020
2026-04-13 23:10:33,507 [INFO] Epoch 48 | train=0.0023 | val=0.0020
2026-04-13 23:10:33,545 [INFO] Saved checkpoint (val=0.0020)
2026-04-13 23:10:46,843 [INFO] [Epoch 49] train_loss=0.0023
2026-04-13 23:10:47,345 [INFO] [Epoch 49] val_loss=0.0020
2026-04-13 23:10:47,351 [INFO] Epoch 49 | train=0.0023 | val=0.0020
2026-04-13 23:10:47,360 [INFO] Saved checkpoint (val=0.0020)
2026-04-13 23:11:00,411 [INFO] [Epoch 50] train_loss=0.0023
2026-04-13 23:11:01,113 [INFO] [Epoch 50] val_loss=0.0020
2026-04-13 23:11:01,125 [INFO] Epoch 50 | train=0.0023 | val=0.0020
2026-04-13 23:11:01,142 [INFO] Saved checkpoint (val=0.0020)
2026-04-13 23:11:15,594 [INFO] [Epoch 51] train_loss=0.0023
2026-04-13 23:11:16,465 [INFO] [Epoch 51] val_loss=0.0020
2026-04-13 23:11:16,476 [INFO] Epoch 51 | train=0.0023 | val=0.0020
2026-04-13 23:11:16,493 [INFO] Saved checkpoint (val=0.0020)
2026-04-13 23:11:27,538 [INFO] [Epoch 52] train_loss=0.0023
2026-04-13 23:11:28,460 [INFO] [Epoch 52] val_loss=0.0020
2026-04-13 23:11:28,471 [INFO] Epoch 52 | train=0.0023 | val=0.0020
2026-04-13 23:11:28,489 [INFO] Saved checkpoint (val=0.0020)
2026-04-13 23:11:41,161 [INFO] [Epoch 53] train_loss=0.0023
2026-04-13 23:11:41,773 [INFO] [Epoch 53] val_loss=0.0020
2026-04-13 23:11:41,777 [INFO] Epoch 53 | train=0.0023 | val=0.0020
2026-04-13 23:11:41,805 [INFO] Saved checkpoint (val=0.0020)
2026-04-13 23:11:54,897 [INFO] [Epoch 54] train_loss=0.0023
2026-04-13 23:11:55,345 [INFO] [Epoch 54] val_loss=0.0020
2026-04-13 23:11:55,351 [INFO] Epoch 54 | train=0.0023 | val=0.0020
2026-04-13 23:11:55,378 [INFO] Saved checkpoint (val=0.0020)
2026-04-13 23:12:08,279 [INFO] [Epoch 55] train_loss=0.0023
2026-04-13 23:12:09,088 [INFO] [Epoch 55] val_loss=0.0020
2026-04-13 23:12:09,095 [INFO] Epoch 55 | train=0.0023 | val=0.0020
2026-04-13 23:12:09,108 [INFO] Saved checkpoint (val=0.0020)
2026-04-13 23:12:22,382 [INFO] [Epoch 56] train_loss=0.0023
2026-04-13 23:12:23,037 [INFO] [Epoch 56] val_loss=0.0020
2026-04-13 23:12:23,039 [INFO] Epoch 56 | train=0.0023 | val=0.0020
2026-04-13 23:12:23,046 [INFO] Saved checkpoint (val=0.0020)
2026-04-13 23:12:34,964 [INFO] [Epoch 57] train_loss=0.0023
2026-04-13 23:12:35,411 [INFO] [Epoch 57] val_loss=0.0020
2026-04-13 23:12:35,414 [INFO] Epoch 57 | train=0.0023 | val=0.0020
2026-04-13 23:12:47,709 [INFO] [Epoch 58] train_loss=0.0023
2026-04-13 23:12:48,168 [INFO] [Epoch 58] val_loss=0.0020
2026-04-13 23:12:48,171 [INFO] Epoch 58 | train=0.0023 | val=0.0020
2026-04-13 23:12:48,184 [INFO] Saved checkpoint (val=0.0020)
2026-04-13 23:13:00,382 [INFO] [Epoch 59] train_loss=0.0023
2026-04-13 23:13:00,957 [INFO] [Epoch 59] val_loss=0.0020
2026-04-13 23:13:00,964 [INFO] Epoch 59 | train=0.0023 | val=0.0020
2026-04-13 23:13:00,974 [INFO] Saved checkpoint (val=0.0020)
2026-04-13 23:13:14,363 [INFO] [Epoch 60] train_loss=0.0023
2026-04-13 23:13:15,311 [INFO] [Epoch 60] val_loss=0.0020
2026-04-13 23:13:15,326 [INFO] Epoch 60 | train=0.0023 | val=0.0020
2026-04-13 23:13:15,345 [INFO] Saved checkpoint (val=0.0020)
2026-04-13 23:13:27,322 [INFO] [Epoch 61] train_loss=0.0023
2026-04-13 23:13:27,889 [INFO] [Epoch 61] val_loss=0.0020
2026-04-13 23:13:27,894 [INFO] Epoch 61 | train=0.0023 | val=0.0020
2026-04-13 23:13:27,907 [INFO] Saved checkpoint (val=0.0020)
2026-04-13 23:13:39,384 [INFO] [Epoch 62] train_loss=0.0023
2026-04-13 23:13:40,243 [INFO] [Epoch 62] val_loss=0.0020
2026-04-13 23:13:40,254 [INFO] Epoch 62 | train=0.0023 | val=0.0020
2026-04-13 23:13:40,271 [INFO] Saved checkpoint (val=0.0020)
2026-04-13 23:13:53,926 [INFO] [Epoch 63] train_loss=0.0023
2026-04-13 23:13:54,316 [INFO] [Epoch 63] val_loss=0.0020
2026-04-13 23:13:54,321 [INFO] Epoch 63 | train=0.0023 | val=0.0020
2026-04-13 23:13:54,336 [INFO] Saved checkpoint (val=0.0020)
2026-04-13 23:14:08,133 [INFO] [Epoch 64] train_loss=0.0023
2026-04-13 23:14:08,817 [INFO] [Epoch 64] val_loss=0.0020
2026-04-13 23:14:08,819 [INFO] Epoch 64 | train=0.0023 | val=0.0020
2026-04-13 23:14:08,842 [INFO] Saved checkpoint (val=0.0020)
2026-04-13 23:14:22,407 [INFO] [Epoch 65] train_loss=0.0023
2026-04-13 23:14:23,248 [INFO] [Epoch 65] val_loss=0.0020
2026-04-13 23:14:23,252 [INFO] Epoch 65 | train=0.0023 | val=0.0020
2026-04-13 23:14:23,273 [INFO] Saved checkpoint (val=0.0020)
2026-04-13 23:14:36,651 [INFO] [Epoch 66] train_loss=0.0023
2026-04-13 23:14:37,194 [INFO] [Epoch 66] val_loss=0.0020
2026-04-13 23:14:37,199 [INFO] Epoch 66 | train=0.0023 | val=0.0020
2026-04-13 23:14:50,863 [INFO] [Epoch 67] train_loss=0.0023
2026-04-13 23:14:51,303 [INFO] [Epoch 67] val_loss=0.0020
2026-04-13 23:14:51,308 [INFO] Epoch 67 | train=0.0023 | val=0.0020
2026-04-13 23:14:51,321 [INFO] Saved checkpoint (val=0.0020)
2026-04-13 23:15:04,364 [INFO] [Epoch 68] train_loss=0.0022
2026-04-13 23:15:05,158 [INFO] [Epoch 68] val_loss=0.0020
2026-04-13 23:15:05,163 [INFO] Epoch 68 | train=0.0022 | val=0.0020
2026-04-13 23:15:05,187 [INFO] Saved checkpoint (val=0.0020)
2026-04-13 23:15:18,572 [INFO] [Epoch 69] train_loss=0.0022
2026-04-13 23:15:19,009 [INFO] [Epoch 69] val_loss=0.0020
2026-04-13 23:15:19,012 [INFO] Epoch 69 | train=0.0022 | val=0.0020
2026-04-13 23:15:31,560 [INFO] [Epoch 70] train_loss=0.0022
2026-04-13 23:15:32,007 [INFO] [Epoch 70] val_loss=0.0020
2026-04-13 23:15:32,013 [INFO] Epoch 70 | train=0.0022 | val=0.0020
2026-04-13 23:15:44,663 [INFO] [Epoch 71] train_loss=0.0022
2026-04-13 23:15:45,092 [INFO] [Epoch 71] val_loss=0.0020
2026-04-13 23:15:45,097 [INFO] Epoch 71 | train=0.0022 | val=0.0020
2026-04-13 23:15:58,998 [INFO] [Epoch 72] train_loss=0.0022
2026-04-13 23:15:59,771 [INFO] [Epoch 72] val_loss=0.0020
2026-04-13 23:15:59,774 [INFO] Epoch 72 | train=0.0022 | val=0.0020
2026-04-13 23:15:59,782 [INFO] Saved checkpoint (val=0.0020)
2026-04-13 23:16:13,372 [INFO] [Epoch 73] train_loss=0.0022
2026-04-13 23:16:14,274 [INFO] [Epoch 73] val_loss=0.0020
2026-04-13 23:16:14,279 [INFO] Epoch 73 | train=0.0022 | val=0.0020
2026-04-13 23:16:14,286 [INFO] Saved checkpoint (val=0.0020)
2026-04-13 23:16:27,130 [INFO] [Epoch 74] train_loss=0.0022
2026-04-13 23:16:27,811 [INFO] [Epoch 74] val_loss=0.0020
2026-04-13 23:16:27,815 [INFO] Epoch 74 | train=0.0022 | val=0.0020
2026-04-13 23:16:41,108 [INFO] [Epoch 75] train_loss=0.0022
2026-04-13 23:16:41,879 [INFO] [Epoch 75] val_loss=0.0020
2026-04-13 23:16:41,881 [INFO] Epoch 75 | train=0.0022 | val=0.0020
2026-04-13 23:16:54,940 [INFO] [Epoch 76] train_loss=0.0022
2026-04-13 23:16:55,599 [INFO] [Epoch 76] val_loss=0.0020
2026-04-13 23:16:55,602 [INFO] Epoch 76 | train=0.0022 | val=0.0020
2026-04-13 23:17:09,055 [INFO] [Epoch 77] train_loss=0.0022
2026-04-13 23:17:09,471 [INFO] [Epoch 77] val_loss=0.0020
2026-04-13 23:17:09,477 [INFO] Epoch 77 | train=0.0022 | val=0.0020
2026-04-13 23:17:22,173 [INFO] [Epoch 78] train_loss=0.0022
2026-04-13 23:17:22,948 [INFO] [Epoch 78] val_loss=0.0020
2026-04-13 23:17:22,951 [INFO] Epoch 78 | train=0.0022 | val=0.0020
2026-04-13 23:17:37,205 [INFO] [Epoch 79] train_loss=0.0022
2026-04-13 23:17:37,600 [INFO] [Epoch 79] val_loss=0.0020
2026-04-13 23:17:37,605 [INFO] Epoch 79 | train=0.0022 | val=0.0020
2026-04-13 23:17:50,662 [INFO] [Epoch 80] train_loss=0.0022
2026-04-13 23:17:51,244 [INFO] [Epoch 80] val_loss=0.0020
2026-04-13 23:17:51,275 [INFO] Epoch 80 | train=0.0022 | val=0.0020
2026-04-13 23:18:04,411 [INFO] [Epoch 81] train_loss=0.0022
2026-04-13 23:18:04,860 [INFO] [Epoch 81] val_loss=0.0020
2026-04-13 23:18:04,862 [INFO] Epoch 81 | train=0.0022 | val=0.0020
2026-04-13 23:18:04,869 [INFO] Saved checkpoint (val=0.0020)
2026-04-13 23:18:17,557 [INFO] [Epoch 82] train_loss=0.0022
2026-04-13 23:18:18,197 [INFO] [Epoch 82] val_loss=0.0020
2026-04-13 23:18:18,207 [INFO] Epoch 82 | train=0.0022 | val=0.0020
2026-04-13 23:18:18,226 [INFO] Saved checkpoint (val=0.0020)
2026-04-13 23:18:31,116 [INFO] [Epoch 83] train_loss=0.0022
2026-04-13 23:18:31,525 [INFO] [Epoch 83] val_loss=0.0020
2026-04-13 23:18:31,529 [INFO] Epoch 83 | train=0.0022 | val=0.0020
2026-04-13 23:18:44,319 [INFO] [Epoch 84] train_loss=0.0022
2026-04-13 23:18:44,922 [INFO] [Epoch 84] val_loss=0.0020
2026-04-13 23:18:44,926 [INFO] Epoch 84 | train=0.0022 | val=0.0020
2026-04-13 23:18:57,549 [INFO] [Epoch 85] train_loss=0.0022
2026-04-13 23:18:58,362 [INFO] [Epoch 85] val_loss=0.0020
2026-04-13 23:18:58,365 [INFO] Epoch 85 | train=0.0022 | val=0.0020
2026-04-13 23:19:11,081 [INFO] [Epoch 86] train_loss=0.0022
2026-04-13 23:19:11,802 [INFO] [Epoch 86] val_loss=0.0020
2026-04-13 23:19:11,805 [INFO] Epoch 86 | train=0.0022 | val=0.0020
2026-04-13 23:19:23,883 [INFO] [Epoch 87] train_loss=0.0022
2026-04-13 23:19:24,400 [INFO] [Epoch 87] val_loss=0.0020
2026-04-13 23:19:24,404 [INFO] Epoch 87 | train=0.0022 | val=0.0020
2026-04-13 23:19:24,434 [INFO] Saved checkpoint (val=0.0020)
2026-04-13 23:19:37,351 [INFO] [Epoch 88] train_loss=0.0022
2026-04-13 23:19:37,834 [INFO] [Epoch 88] val_loss=0.0020
2026-04-13 23:19:37,839 [INFO] Epoch 88 | train=0.0022 | val=0.0020
2026-04-13 23:19:37,849 [INFO] Saved checkpoint (val=0.0020)
2026-04-13 23:19:51,413 [INFO] [Epoch 89] train_loss=0.0022
2026-04-13 23:19:51,829 [INFO] [Epoch 89] val_loss=0.0020
2026-04-13 23:19:51,834 [INFO] Epoch 89 | train=0.0022 | val=0.0020
2026-04-13 23:20:04,174 [INFO] [Epoch 90] train_loss=0.0022
2026-04-13 23:20:04,970 [INFO] [Epoch 90] val_loss=0.0020
2026-04-13 23:20:04,973 [INFO] Epoch 90 | train=0.0022 | val=0.0020
2026-04-13 23:20:04,998 [INFO] Saved checkpoint (val=0.0020)
2026-04-13 23:20:17,536 [INFO] [Epoch 91] train_loss=0.0022
2026-04-13 23:20:18,418 [INFO] [Epoch 91] val_loss=0.0020
2026-04-13 23:20:18,422 [INFO] Epoch 91 | train=0.0022 | val=0.0020
2026-04-13 23:20:30,303 [INFO] [Epoch 92] train_loss=0.0022
2026-04-13 23:20:30,732 [INFO] [Epoch 92] val_loss=0.0020
2026-04-13 23:20:30,738 [INFO] Epoch 92 | train=0.0022 | val=0.0020
2026-04-13 23:20:30,752 [INFO] Saved checkpoint (val=0.0020)
2026-04-13 23:20:43,502 [INFO] [Epoch 93] train_loss=0.0022
2026-04-13 23:20:44,144 [INFO] [Epoch 93] val_loss=0.0020
2026-04-13 23:20:44,148 [INFO] Epoch 93 | train=0.0022 | val=0.0020
2026-04-13 23:20:57,174 [INFO] [Epoch 94] train_loss=0.0022
2026-04-13 23:20:57,612 [INFO] [Epoch 94] val_loss=0.0020
2026-04-13 23:20:57,617 [INFO] Epoch 94 | train=0.0022 | val=0.0020
2026-04-13 23:20:57,632 [INFO] Saved checkpoint (val=0.0020)
2026-04-13 23:21:10,468 [INFO] [Epoch 95] train_loss=0.0022
2026-04-13 23:21:11,156 [INFO] [Epoch 95] val_loss=0.0020
2026-04-13 23:21:11,161 [INFO] Epoch 95 | train=0.0022 | val=0.0020
2026-04-13 23:21:23,981 [INFO] [Epoch 96] train_loss=0.0022
2026-04-13 23:21:24,665 [INFO] [Epoch 96] val_loss=0.0020
2026-04-13 23:21:24,668 [INFO] Epoch 96 | train=0.0022 | val=0.0020
2026-04-13 23:21:37,587 [INFO] [Epoch 97] train_loss=0.0022
2026-04-13 23:21:38,090 [INFO] [Epoch 97] val_loss=0.0020
2026-04-13 23:21:38,094 [INFO] Epoch 97 | train=0.0022 | val=0.0020
2026-04-13 23:21:52,191 [INFO] [Epoch 98] train_loss=0.0022
2026-04-13 23:21:52,656 [INFO] [Epoch 98] val_loss=0.0020
2026-04-13 23:21:52,659 [INFO] Epoch 98 | train=0.0022 | val=0.0020
2026-04-13 23:21:52,675 [INFO] Saved checkpoint (val=0.0020)
2026-04-13 23:22:06,311 [INFO] [Epoch 99] train_loss=0.0022
2026-04-13 23:22:06,929 [INFO] [Epoch 99] val_loss=0.0020
2026-04-13 23:22:06,933 [INFO] Epoch 99 | train=0.0022 | val=0.0020
2026-04-13 23:22:06,946 [INFO] Saved checkpoint (val=0.0020)
2026-04-13 23:22:20,114 [INFO] [Epoch 100] train_loss=0.0022
2026-04-13 23:22:20,557 [INFO] [Epoch 100] val_loss=0.0020
2026-04-13 23:22:20,562 [INFO] Epoch 100 | train=0.0022 | val=0.0020
2026-04-13 23:22:20,577 [INFO] Saved checkpoint (val=0.0020)
2026-04-13 23:22:34,392 [INFO] [Epoch 101] train_loss=0.0022
2026-04-13 23:22:35,195 [INFO] [Epoch 101] val_loss=0.0020
2026-04-13 23:22:35,202 [INFO] Epoch 101 | train=0.0022 | val=0.0020
2026-04-13 23:22:47,446 [INFO] [Epoch 102] train_loss=0.0022
2026-04-13 23:22:47,868 [INFO] [Epoch 102] val_loss=0.0020
2026-04-13 23:22:47,875 [INFO] Epoch 102 | train=0.0022 | val=0.0020
2026-04-13 23:22:59,854 [INFO] [Epoch 103] train_loss=0.0022
2026-04-13 23:23:00,871 [INFO] [Epoch 103] val_loss=0.0020
2026-04-13 23:23:00,881 [INFO] Epoch 103 | train=0.0022 | val=0.0020
2026-04-13 23:23:00,896 [INFO] Saved checkpoint (val=0.0020)
2026-04-13 23:23:11,144 [INFO] [Epoch 104] train_loss=0.0022
2026-04-13 23:23:12,103 [INFO] [Epoch 104] val_loss=0.0020
2026-04-13 23:23:12,113 [INFO] Epoch 104 | train=0.0022 | val=0.0020
2026-04-13 23:23:25,032 [INFO] [Epoch 105] train_loss=0.0022
2026-04-13 23:23:25,422 [INFO] [Epoch 105] val_loss=0.0020
2026-04-13 23:23:25,427 [INFO] Epoch 105 | train=0.0022 | val=0.0020
2026-04-13 23:23:25,442 [INFO] Saved checkpoint (val=0.0020)
2026-04-13 23:23:38,221 [INFO] [Epoch 106] train_loss=0.0022
2026-04-13 23:23:38,852 [INFO] [Epoch 106] val_loss=0.0020
2026-04-13 23:23:38,858 [INFO] Epoch 106 | train=0.0022 | val=0.0020
2026-04-13 23:23:52,557 [INFO] [Epoch 107] train_loss=0.0022
2026-04-13 23:23:53,379 [INFO] [Epoch 107] val_loss=0.0020
2026-04-13 23:23:53,391 [INFO] Epoch 107 | train=0.0022 | val=0.0020
2026-04-13 23:23:53,411 [INFO] Saved checkpoint (val=0.0020)
2026-04-13 23:24:06,159 [INFO] [Epoch 108] train_loss=0.0022
2026-04-13 23:24:07,014 [INFO] [Epoch 108] val_loss=0.0020
2026-04-13 23:24:07,016 [INFO] Epoch 108 | train=0.0022 | val=0.0020
2026-04-13 23:24:18,584 [INFO] [Epoch 109] train_loss=0.0022
2026-04-13 23:24:19,003 [INFO] [Epoch 109] val_loss=0.0020
2026-04-13 23:24:19,008 [INFO] Epoch 109 | train=0.0022 | val=0.0020
2026-04-13 23:24:32,310 [INFO] [Epoch 110] train_loss=0.0022
2026-04-13 23:24:33,023 [INFO] [Epoch 110] val_loss=0.0020
2026-04-13 23:24:33,027 [INFO] Epoch 110 | train=0.0022 | val=0.0020
2026-04-13 23:24:46,335 [INFO] [Epoch 111] train_loss=0.0022
2026-04-13 23:24:46,760 [INFO] [Epoch 111] val_loss=0.0020
2026-04-13 23:24:46,764 [INFO] Epoch 111 | train=0.0022 | val=0.0020
2026-04-13 23:24:46,777 [INFO] Saved checkpoint (val=0.0020)
2026-04-13 23:25:00,080 [INFO] [Epoch 112] train_loss=0.0022
2026-04-13 23:25:00,597 [INFO] [Epoch 112] val_loss=0.0020
2026-04-13 23:25:00,599 [INFO] Epoch 112 | train=0.0022 | val=0.0020
2026-04-13 23:25:12,633 [INFO] [Epoch 113] train_loss=0.0022
2026-04-13 23:25:13,237 [INFO] [Epoch 113] val_loss=0.0020
2026-04-13 23:25:13,249 [INFO] Epoch 113 | train=0.0022 | val=0.0020
2026-04-13 23:25:13,266 [INFO] Saved checkpoint (val=0.0020)
2026-04-13 23:25:24,935 [INFO] [Epoch 114] train_loss=0.0022
2026-04-13 23:25:25,925 [INFO] [Epoch 114] val_loss=0.0020
2026-04-13 23:25:25,934 [INFO] Epoch 114 | train=0.0022 | val=0.0020
2026-04-13 23:25:25,951 [INFO] Saved checkpoint (val=0.0020)
2026-04-13 23:25:39,184 [INFO] [Epoch 115] train_loss=0.0022
2026-04-13 23:25:39,982 [INFO] [Epoch 115] val_loss=0.0020
2026-04-13 23:25:39,985 [INFO] Epoch 115 | train=0.0022 | val=0.0020
2026-04-13 23:25:39,996 [INFO] Saved checkpoint (val=0.0020)
2026-04-13 23:25:52,718 [INFO] [Epoch 116] train_loss=0.0022
2026-04-13 23:25:53,382 [INFO] [Epoch 116] val_loss=0.0020
2026-04-13 23:25:53,393 [INFO] Epoch 116 | train=0.0022 | val=0.0020
2026-04-13 23:26:06,470 [INFO] [Epoch 117] train_loss=0.0022
2026-04-13 23:26:07,075 [INFO] [Epoch 117] val_loss=0.0020
2026-04-13 23:26:07,078 [INFO] Epoch 117 | train=0.0022 | val=0.0020
2026-04-13 23:26:19,361 [INFO] [Epoch 118] train_loss=0.0022
2026-04-13 23:26:20,088 [INFO] [Epoch 118] val_loss=0.0020
2026-04-13 23:26:20,092 [INFO] Epoch 118 | train=0.0022 | val=0.0020
2026-04-13 23:26:32,961 [INFO] [Epoch 119] train_loss=0.0022
2026-04-13 23:26:33,846 [INFO] [Epoch 119] val_loss=0.0020
2026-04-13 23:26:33,851 [INFO] Epoch 119 | train=0.0022 | val=0.0020
2026-04-13 23:26:33,859 [INFO] Saved checkpoint (val=0.0020)
2026-04-13 23:26:46,323 [INFO] [Epoch 120] train_loss=0.0022
2026-04-13 23:26:46,862 [INFO] [Epoch 120] val_loss=0.0020
2026-04-13 23:26:46,867 [INFO] Epoch 120 | train=0.0022 | val=0.0020
2026-04-13 23:27:00,146 [INFO] [Epoch 121] train_loss=0.0022
2026-04-13 23:27:00,538 [INFO] [Epoch 121] val_loss=0.0020
2026-04-13 23:27:00,543 [INFO] Epoch 121 | train=0.0022 | val=0.0020
2026-04-13 23:27:00,557 [INFO] Saved checkpoint (val=0.0020)
2026-04-13 23:27:13,893 [INFO] [Epoch 122] train_loss=0.0022
2026-04-13 23:27:14,631 [INFO] [Epoch 122] val_loss=0.0020
2026-04-13 23:27:14,642 [INFO] Epoch 122 | train=0.0022 | val=0.0020
2026-04-13 23:27:27,823 [INFO] [Epoch 123] train_loss=0.0022
2026-04-13 23:27:28,227 [INFO] [Epoch 123] val_loss=0.0020
2026-04-13 23:27:28,229 [INFO] Epoch 123 | train=0.0022 | val=0.0020
2026-04-13 23:27:40,696 [INFO] [Epoch 124] train_loss=0.0022
2026-04-13 23:27:41,434 [INFO] [Epoch 124] val_loss=0.0020
2026-04-13 23:27:41,438 [INFO] Epoch 124 | train=0.0022 | val=0.0020
2026-04-13 23:27:54,608 [INFO] [Epoch 125] train_loss=0.0022
2026-04-13 23:27:55,299 [INFO] [Epoch 125] val_loss=0.0020
2026-04-13 23:27:55,304 [INFO] Epoch 125 | train=0.0022 | val=0.0020
2026-04-13 23:28:07,855 [INFO] [Epoch 126] train_loss=0.0022
2026-04-13 23:28:08,278 [INFO] [Epoch 126] val_loss=0.0020
2026-04-13 23:28:08,284 [INFO] Epoch 126 | train=0.0022 | val=0.0020
2026-04-13 23:28:08,294 [INFO] Saved checkpoint (val=0.0020)
2026-04-13 23:28:21,738 [INFO] [Epoch 127] train_loss=0.0022
2026-04-13 23:28:22,160 [INFO] [Epoch 127] val_loss=0.0020
2026-04-13 23:28:22,166 [INFO] Epoch 127 | train=0.0022 | val=0.0020
2026-04-13 23:28:35,217 [INFO] [Epoch 128] train_loss=0.0022
2026-04-13 23:28:35,869 [INFO] [Epoch 128] val_loss=0.0020
2026-04-13 23:28:35,875 [INFO] Epoch 128 | train=0.0022 | val=0.0020
2026-04-13 23:28:48,970 [INFO] [Epoch 129] train_loss=0.0022
2026-04-13 23:28:49,401 [INFO] [Epoch 129] val_loss=0.0020
2026-04-13 23:28:49,406 [INFO] Epoch 129 | train=0.0022 | val=0.0020
2026-04-13 23:29:01,657 [INFO] [Epoch 130] train_loss=0.0022
2026-04-13 23:29:02,479 [INFO] [Epoch 130] val_loss=0.0020
2026-04-13 23:29:02,483 [INFO] Epoch 130 | train=0.0022 | val=0.0020
2026-04-13 23:29:14,757 [INFO] [Epoch 131] train_loss=0.0022
2026-04-13 23:29:15,516 [INFO] [Epoch 131] val_loss=0.0020
2026-04-13 23:29:15,530 [INFO] Epoch 131 | train=0.0022 | val=0.0020
2026-04-13 23:29:27,577 [INFO] [Epoch 132] train_loss=0.0022
2026-04-13 23:29:28,482 [INFO] [Epoch 132] val_loss=0.0020
2026-04-13 23:29:28,488 [INFO] Epoch 132 | train=0.0022 | val=0.0020
2026-04-13 23:29:40,669 [INFO] [Epoch 133] train_loss=0.0022
2026-04-13 23:29:41,711 [INFO] [Epoch 133] val_loss=0.0020
2026-04-13 23:29:41,721 [INFO] Epoch 133 | train=0.0022 | val=0.0020
2026-04-13 23:29:53,657 [INFO] [Epoch 134] train_loss=0.0022
2026-04-13 23:29:54,059 [INFO] [Epoch 134] val_loss=0.0020
2026-04-13 23:29:54,063 [INFO] Epoch 134 | train=0.0022 | val=0.0020
2026-04-13 23:30:07,534 [INFO] [Epoch 135] train_loss=0.0022
2026-04-13 23:30:08,197 [INFO] [Epoch 135] val_loss=0.0020
2026-04-13 23:30:08,200 [INFO] Epoch 135 | train=0.0022 | val=0.0020
2026-04-13 23:30:21,746 [INFO] [Epoch 136] train_loss=0.0022
2026-04-13 23:30:22,261 [INFO] [Epoch 136] val_loss=0.0020
2026-04-13 23:30:22,269 [INFO] Epoch 136 | train=0.0022 | val=0.0020
