2026-04-13 21:55:13,840 [INFO] Logging to logs/open_clip__txt-open_clip__loc-satclip__tproj-mlp__lproj-none__loss-clip.log
2026-04-13 21:55:13,841 [INFO] Checkpoints directory: /home/libe2152/outputs/explainable-earth-embeddings/open_clip/txt-open_clip__loc-satclip__tproj-mlp__lproj-none__loss-clip
2026-04-13 21:55:19,143 [INFO] Loaded dataset from /home/libe2152/data/skyscript/satclip/open_clip/
2026-04-13 21:55:19,144 [INFO] Train size=341661, Val size=715
2026-04-13 21:55:19,151 [INFO] Using text encoder=open_clip, location encoder=satclip
2026-04-13 21:55:19,387 [INFO] Loss: clip
2026-04-13 21:55:19,387 [INFO] LR=0.001, weight_decay=0.01
2026-04-13 21:55:26,283 [INFO] [Epoch 0] train_loss=7.7200
2026-04-13 21:55:26,634 [INFO] [Epoch 0] val_loss=5.5853
2026-04-13 21:55:26,639 [INFO] Epoch 0 | train=7.7200 | val=5.5853
2026-04-13 21:55:26,662 [INFO] Saved checkpoint (val=5.5853)
2026-04-13 21:55:33,554 [INFO] [Epoch 1] train_loss=7.2131
2026-04-13 21:55:33,907 [INFO] [Epoch 1] val_loss=5.3264
2026-04-13 21:55:33,912 [INFO] Epoch 1 | train=7.2131 | val=5.3264
2026-04-13 21:55:33,952 [INFO] Saved checkpoint (val=5.3264)
2026-04-13 21:55:40,883 [INFO] [Epoch 2] train_loss=7.0353
2026-04-13 21:55:41,235 [INFO] [Epoch 2] val_loss=5.2505
2026-04-13 21:55:41,240 [INFO] Epoch 2 | train=7.0353 | val=5.2505
2026-04-13 21:55:41,282 [INFO] Saved checkpoint (val=5.2505)
2026-04-13 21:55:48,030 [INFO] [Epoch 3] train_loss=6.9171
2026-04-13 21:55:48,372 [INFO] [Epoch 3] val_loss=5.1580
2026-04-13 21:55:48,378 [INFO] Epoch 3 | train=6.9171 | val=5.1580
2026-04-13 21:55:48,405 [INFO] Saved checkpoint (val=5.1580)
2026-04-13 21:55:55,366 [INFO] [Epoch 4] train_loss=6.8311
2026-04-13 21:55:55,715 [INFO] [Epoch 4] val_loss=5.0903
2026-04-13 21:55:55,720 [INFO] Epoch 4 | train=6.8311 | val=5.0903
2026-04-13 21:55:55,764 [INFO] Saved checkpoint (val=5.0903)
2026-04-13 21:56:02,588 [INFO] [Epoch 5] train_loss=6.7582
2026-04-13 21:56:02,932 [INFO] [Epoch 5] val_loss=5.0889
2026-04-13 21:56:02,937 [INFO] Epoch 5 | train=6.7582 | val=5.0889
2026-04-13 21:56:02,962 [INFO] Saved checkpoint (val=5.0889)
2026-04-13 21:56:10,019 [INFO] [Epoch 6] train_loss=6.6942
2026-04-13 21:56:10,362 [INFO] [Epoch 6] val_loss=5.0436
2026-04-13 21:56:10,367 [INFO] Epoch 6 | train=6.6942 | val=5.0436
2026-04-13 21:56:10,410 [INFO] Saved checkpoint (val=5.0436)
2026-04-13 21:56:17,262 [INFO] [Epoch 7] train_loss=6.6429
2026-04-13 21:56:17,608 [INFO] [Epoch 7] val_loss=5.0095
2026-04-13 21:56:17,613 [INFO] Epoch 7 | train=6.6429 | val=5.0095
2026-04-13 21:56:17,639 [INFO] Saved checkpoint (val=5.0095)
2026-04-13 21:56:24,466 [INFO] [Epoch 8] train_loss=6.5991
2026-04-13 21:56:24,816 [INFO] [Epoch 8] val_loss=4.9877
2026-04-13 21:56:24,821 [INFO] Epoch 8 | train=6.5991 | val=4.9877
2026-04-13 21:56:24,861 [INFO] Saved checkpoint (val=4.9877)
2026-04-13 21:56:32,101 [INFO] [Epoch 9] train_loss=6.5556
2026-04-13 21:56:32,444 [INFO] [Epoch 9] val_loss=4.9269
2026-04-13 21:56:32,448 [INFO] Epoch 9 | train=6.5556 | val=4.9269
2026-04-13 21:56:32,490 [INFO] Saved checkpoint (val=4.9269)
2026-04-13 21:56:39,330 [INFO] [Epoch 10] train_loss=6.5178
2026-04-13 21:56:39,675 [INFO] [Epoch 10] val_loss=4.9427
2026-04-13 21:56:39,679 [INFO] Epoch 10 | train=6.5178 | val=4.9427
2026-04-13 21:56:46,541 [INFO] [Epoch 11] train_loss=6.4876
2026-04-13 21:56:46,895 [INFO] [Epoch 11] val_loss=4.9051
2026-04-13 21:56:46,900 [INFO] Epoch 11 | train=6.4876 | val=4.9051
2026-04-13 21:56:46,926 [INFO] Saved checkpoint (val=4.9051)
2026-04-13 21:56:53,704 [INFO] [Epoch 12] train_loss=6.4550
2026-04-13 21:56:54,062 [INFO] [Epoch 12] val_loss=4.9070
2026-04-13 21:56:54,068 [INFO] Epoch 12 | train=6.4550 | val=4.9070
2026-04-13 21:57:00,773 [INFO] [Epoch 13] train_loss=6.4296
2026-04-13 21:57:01,108 [INFO] [Epoch 13] val_loss=4.8795
2026-04-13 21:57:01,112 [INFO] Epoch 13 | train=6.4296 | val=4.8795
2026-04-13 21:57:01,139 [INFO] Saved checkpoint (val=4.8795)
2026-04-13 21:57:07,920 [INFO] [Epoch 14] train_loss=6.4012
2026-04-13 21:57:08,268 [INFO] [Epoch 14] val_loss=4.8398
2026-04-13 21:57:08,273 [INFO] Epoch 14 | train=6.4012 | val=4.8398
2026-04-13 21:57:08,314 [INFO] Saved checkpoint (val=4.8398)
2026-04-13 21:57:15,227 [INFO] [Epoch 15] train_loss=6.3763
2026-04-13 21:57:15,572 [INFO] [Epoch 15] val_loss=4.8581
2026-04-13 21:57:15,578 [INFO] Epoch 15 | train=6.3763 | val=4.8581
2026-04-13 21:57:22,493 [INFO] [Epoch 16] train_loss=6.3527
2026-04-13 21:57:22,848 [INFO] [Epoch 16] val_loss=4.8125
2026-04-13 21:57:22,853 [INFO] Epoch 16 | train=6.3527 | val=4.8125
2026-04-13 21:57:22,878 [INFO] Saved checkpoint (val=4.8125)
2026-04-13 21:57:29,566 [INFO] [Epoch 17] train_loss=6.3356
2026-04-13 21:57:29,917 [INFO] [Epoch 17] val_loss=4.8179
2026-04-13 21:57:29,922 [INFO] Epoch 17 | train=6.3356 | val=4.8179
2026-04-13 21:57:36,886 [INFO] [Epoch 18] train_loss=6.3106
2026-04-13 21:57:37,225 [INFO] [Epoch 18] val_loss=4.8291
2026-04-13 21:57:37,230 [INFO] Epoch 18 | train=6.3106 | val=4.8291
2026-04-13 21:57:44,128 [INFO] [Epoch 19] train_loss=6.2941
2026-04-13 21:57:44,478 [INFO] [Epoch 19] val_loss=4.8043
2026-04-13 21:57:44,483 [INFO] Epoch 19 | train=6.2941 | val=4.8043
2026-04-13 21:57:44,524 [INFO] Saved checkpoint (val=4.8043)
2026-04-13 21:57:51,265 [INFO] [Epoch 20] train_loss=6.2773
2026-04-13 21:57:51,598 [INFO] [Epoch 20] val_loss=4.7821
2026-04-13 21:57:51,603 [INFO] Epoch 20 | train=6.2773 | val=4.7821
2026-04-13 21:57:51,629 [INFO] Saved checkpoint (val=4.7821)
2026-04-13 21:57:58,500 [INFO] [Epoch 21] train_loss=6.2590
2026-04-13 21:57:58,833 [INFO] [Epoch 21] val_loss=4.7811
2026-04-13 21:57:58,838 [INFO] Epoch 21 | train=6.2590 | val=4.7811
2026-04-13 21:57:58,878 [INFO] Saved checkpoint (val=4.7811)
2026-04-13 21:58:05,624 [INFO] [Epoch 22] train_loss=6.2443
2026-04-13 21:58:05,975 [INFO] [Epoch 22] val_loss=4.7825
2026-04-13 21:58:05,980 [INFO] Epoch 22 | train=6.2443 | val=4.7825
2026-04-13 21:58:12,695 [INFO] [Epoch 23] train_loss=6.2325
2026-04-13 21:58:13,025 [INFO] [Epoch 23] val_loss=4.7849
2026-04-13 21:58:13,030 [INFO] Epoch 23 | train=6.2325 | val=4.7849
2026-04-13 21:58:19,790 [INFO] [Epoch 24] train_loss=6.2134
2026-04-13 21:58:20,152 [INFO] [Epoch 24] val_loss=4.7639
2026-04-13 21:58:20,157 [INFO] Epoch 24 | train=6.2134 | val=4.7639
2026-04-13 21:58:20,183 [INFO] Saved checkpoint (val=4.7639)
2026-04-13 21:58:27,025 [INFO] [Epoch 25] train_loss=6.1989
2026-04-13 21:58:27,368 [INFO] [Epoch 25] val_loss=4.7531
2026-04-13 21:58:27,372 [INFO] Epoch 25 | train=6.1989 | val=4.7531
2026-04-13 21:58:27,408 [INFO] Saved checkpoint (val=4.7531)
2026-04-13 21:58:34,199 [INFO] [Epoch 26] train_loss=6.1853
2026-04-13 21:58:34,559 [INFO] [Epoch 26] val_loss=4.7335
2026-04-13 21:58:34,564 [INFO] Epoch 26 | train=6.1853 | val=4.7335
2026-04-13 21:58:34,606 [INFO] Saved checkpoint (val=4.7335)
2026-04-13 21:58:41,351 [INFO] [Epoch 27] train_loss=6.1708
2026-04-13 21:58:41,698 [INFO] [Epoch 27] val_loss=4.7390
2026-04-13 21:58:41,702 [INFO] Epoch 27 | train=6.1708 | val=4.7390
2026-04-13 21:58:48,488 [INFO] [Epoch 28] train_loss=6.1616
2026-04-13 21:58:48,839 [INFO] [Epoch 28] val_loss=4.7311
2026-04-13 21:58:48,842 [INFO] Epoch 28 | train=6.1616 | val=4.7311
2026-04-13 21:58:48,871 [INFO] Saved checkpoint (val=4.7311)
2026-04-13 21:58:55,583 [INFO] [Epoch 29] train_loss=6.1518
2026-04-13 21:58:55,934 [INFO] [Epoch 29] val_loss=4.7074
2026-04-13 21:58:55,939 [INFO] Epoch 29 | train=6.1518 | val=4.7074
2026-04-13 21:58:55,980 [INFO] Saved checkpoint (val=4.7074)
2026-04-13 21:59:02,816 [INFO] [Epoch 30] train_loss=6.1385
2026-04-13 21:59:03,156 [INFO] [Epoch 30] val_loss=4.7215
2026-04-13 21:59:03,161 [INFO] Epoch 30 | train=6.1385 | val=4.7215
2026-04-13 21:59:10,006 [INFO] [Epoch 31] train_loss=6.1271
2026-04-13 21:59:10,355 [INFO] [Epoch 31] val_loss=4.7262
2026-04-13 21:59:10,359 [INFO] Epoch 31 | train=6.1271 | val=4.7262
2026-04-13 21:59:17,081 [INFO] [Epoch 32] train_loss=6.1185
2026-04-13 21:59:17,422 [INFO] [Epoch 32] val_loss=4.7218
2026-04-13 21:59:17,427 [INFO] Epoch 32 | train=6.1185 | val=4.7218
2026-04-13 21:59:24,268 [INFO] [Epoch 33] train_loss=6.1038
2026-04-13 21:59:24,612 [INFO] [Epoch 33] val_loss=4.7089
2026-04-13 21:59:24,617 [INFO] Epoch 33 | train=6.1038 | val=4.7089
2026-04-13 21:59:31,295 [INFO] [Epoch 34] train_loss=6.0993
2026-04-13 21:59:31,637 [INFO] [Epoch 34] val_loss=4.6956
2026-04-13 21:59:31,641 [INFO] Epoch 34 | train=6.0993 | val=4.6956
2026-04-13 21:59:31,682 [INFO] Saved checkpoint (val=4.6956)
2026-04-13 21:59:38,659 [INFO] [Epoch 35] train_loss=6.0835
2026-04-13 21:59:39,010 [INFO] [Epoch 35] val_loss=4.7269
2026-04-13 21:59:39,015 [INFO] Epoch 35 | train=6.0835 | val=4.7269
2026-04-13 21:59:45,792 [INFO] [Epoch 36] train_loss=6.0751
2026-04-13 21:59:46,129 [INFO] [Epoch 36] val_loss=4.6994
2026-04-13 21:59:46,134 [INFO] Epoch 36 | train=6.0751 | val=4.6994
2026-04-13 21:59:52,974 [INFO] [Epoch 37] train_loss=6.0684
2026-04-13 21:59:53,323 [INFO] [Epoch 37] val_loss=4.7217
2026-04-13 21:59:53,328 [INFO] Epoch 37 | train=6.0684 | val=4.7217
2026-04-13 22:00:00,046 [INFO] [Epoch 38] train_loss=6.0604
2026-04-13 22:00:00,389 [INFO] [Epoch 38] val_loss=4.7009
2026-04-13 22:00:00,394 [INFO] Epoch 38 | train=6.0604 | val=4.7009
2026-04-13 22:00:07,189 [INFO] [Epoch 39] train_loss=6.0477
2026-04-13 22:00:07,527 [INFO] [Epoch 39] val_loss=4.7061
2026-04-13 22:00:07,532 [INFO] Epoch 39 | train=6.0477 | val=4.7061
2026-04-13 22:00:14,216 [INFO] [Epoch 40] train_loss=6.0424
2026-04-13 22:00:14,561 [INFO] [Epoch 40] val_loss=4.6867
2026-04-13 22:00:14,565 [INFO] Epoch 40 | train=6.0424 | val=4.6867
2026-04-13 22:00:14,604 [INFO] Saved checkpoint (val=4.6867)
2026-04-13 22:00:21,722 [INFO] [Epoch 41] train_loss=6.0335
2026-04-13 22:00:22,059 [INFO] [Epoch 41] val_loss=4.6989
2026-04-13 22:00:22,063 [INFO] Epoch 41 | train=6.0335 | val=4.6989
2026-04-13 22:00:28,813 [INFO] [Epoch 42] train_loss=6.0234
2026-04-13 22:00:29,154 [INFO] [Epoch 42] val_loss=4.6935
2026-04-13 22:00:29,156 [INFO] Epoch 42 | train=6.0234 | val=4.6935
2026-04-13 22:00:36,139 [INFO] [Epoch 43] train_loss=6.0174
2026-04-13 22:00:36,486 [INFO] [Epoch 43] val_loss=4.6938
2026-04-13 22:00:36,491 [INFO] Epoch 43 | train=6.0174 | val=4.6938
2026-04-13 22:00:43,359 [INFO] [Epoch 44] train_loss=6.0106
2026-04-13 22:00:43,699 [INFO] [Epoch 44] val_loss=4.6698
2026-04-13 22:00:43,705 [INFO] Epoch 44 | train=6.0106 | val=4.6698
2026-04-13 22:00:43,747 [INFO] Saved checkpoint (val=4.6698)
2026-04-13 22:00:50,687 [INFO] [Epoch 45] train_loss=6.0018
2026-04-13 22:00:51,011 [INFO] [Epoch 45] val_loss=4.7171
2026-04-13 22:00:51,015 [INFO] Epoch 45 | train=6.0018 | val=4.7171
2026-04-13 22:00:57,802 [INFO] [Epoch 46] train_loss=5.9939
2026-04-13 22:00:58,151 [INFO] [Epoch 46] val_loss=4.6852
2026-04-13 22:00:58,156 [INFO] Epoch 46 | train=5.9939 | val=4.6852
2026-04-13 22:01:04,864 [INFO] [Epoch 47] train_loss=5.9887
2026-04-13 22:01:05,208 [INFO] [Epoch 47] val_loss=4.6591
2026-04-13 22:01:05,213 [INFO] Epoch 47 | train=5.9887 | val=4.6591
2026-04-13 22:01:05,254 [INFO] Saved checkpoint (val=4.6591)
2026-04-13 22:01:11,983 [INFO] [Epoch 48] train_loss=5.9768
2026-04-13 22:01:12,334 [INFO] [Epoch 48] val_loss=4.6979
2026-04-13 22:01:12,338 [INFO] Epoch 48 | train=5.9768 | val=4.6979
2026-04-13 22:01:19,072 [INFO] [Epoch 49] train_loss=5.9719
2026-04-13 22:01:19,413 [INFO] [Epoch 49] val_loss=4.6757
2026-04-13 22:01:19,418 [INFO] Epoch 49 | train=5.9719 | val=4.6757
2026-04-13 22:01:26,257 [INFO] [Epoch 50] train_loss=5.9672
2026-04-13 22:01:26,615 [INFO] [Epoch 50] val_loss=4.6963
2026-04-13 22:01:26,620 [INFO] Epoch 50 | train=5.9672 | val=4.6963
2026-04-13 22:01:33,358 [INFO] [Epoch 51] train_loss=5.9614
2026-04-13 22:01:33,706 [INFO] [Epoch 51] val_loss=4.6867
2026-04-13 22:01:33,711 [INFO] Epoch 51 | train=5.9614 | val=4.6867
2026-04-13 22:01:40,430 [INFO] [Epoch 52] train_loss=5.9539
2026-04-13 22:01:40,769 [INFO] [Epoch 52] val_loss=4.6865
2026-04-13 22:01:40,773 [INFO] Epoch 52 | train=5.9539 | val=4.6865
2026-04-13 22:01:47,619 [INFO] [Epoch 53] train_loss=5.9486
2026-04-13 22:01:47,969 [INFO] [Epoch 53] val_loss=4.6469
2026-04-13 22:01:47,974 [INFO] Epoch 53 | train=5.9486 | val=4.6469
2026-04-13 22:01:48,016 [INFO] Saved checkpoint (val=4.6469)
2026-04-13 22:01:54,744 [INFO] [Epoch 54] train_loss=5.9427
2026-04-13 22:01:55,090 [INFO] [Epoch 54] val_loss=4.6886
2026-04-13 22:01:55,092 [INFO] Epoch 54 | train=5.9427 | val=4.6886
2026-04-13 22:02:02,013 [INFO] [Epoch 55] train_loss=5.9360
2026-04-13 22:02:02,355 [INFO] [Epoch 55] val_loss=4.6813
2026-04-13 22:02:02,360 [INFO] Epoch 55 | train=5.9360 | val=4.6813
2026-04-13 22:02:09,205 [INFO] [Epoch 56] train_loss=5.9321
2026-04-13 22:02:09,556 [INFO] [Epoch 56] val_loss=4.6874
2026-04-13 22:02:09,561 [INFO] Epoch 56 | train=5.9321 | val=4.6874
2026-04-13 22:02:16,360 [INFO] [Epoch 57] train_loss=5.9235
2026-04-13 22:02:16,710 [INFO] [Epoch 57] val_loss=4.6728
2026-04-13 22:02:16,713 [INFO] Epoch 57 | train=5.9235 | val=4.6728
2026-04-13 22:02:23,452 [INFO] [Epoch 58] train_loss=5.9192
2026-04-13 22:02:23,783 [INFO] [Epoch 58] val_loss=4.6660
2026-04-13 22:02:23,788 [INFO] Epoch 58 | train=5.9192 | val=4.6660
2026-04-13 22:02:30,504 [INFO] [Epoch 59] train_loss=5.9122
2026-04-13 22:02:30,848 [INFO] [Epoch 59] val_loss=4.6712
2026-04-13 22:02:30,853 [INFO] Epoch 59 | train=5.9122 | val=4.6712
2026-04-13 22:02:37,515 [INFO] [Epoch 60] train_loss=5.9089
2026-04-13 22:02:37,867 [INFO] [Epoch 60] val_loss=4.6627
2026-04-13 22:02:37,872 [INFO] Epoch 60 | train=5.9089 | val=4.6627
2026-04-13 22:02:44,640 [INFO] [Epoch 61] train_loss=5.9055
2026-04-13 22:02:44,990 [INFO] [Epoch 61] val_loss=4.6927
2026-04-13 22:02:44,995 [INFO] Epoch 61 | train=5.9055 | val=4.6927
2026-04-13 22:02:51,688 [INFO] [Epoch 62] train_loss=5.8982
2026-04-13 22:02:52,031 [INFO] [Epoch 62] val_loss=4.6812
2026-04-13 22:02:52,035 [INFO] Epoch 62 | train=5.8982 | val=4.6812
2026-04-13 22:02:58,932 [INFO] [Epoch 63] train_loss=5.8918
2026-04-13 22:02:59,276 [INFO] [Epoch 63] val_loss=4.6442
2026-04-13 22:02:59,281 [INFO] Epoch 63 | train=5.8918 | val=4.6442
2026-04-13 22:02:59,321 [INFO] Saved checkpoint (val=4.6442)
2026-04-13 22:03:06,175 [INFO] [Epoch 64] train_loss=5.8836
2026-04-13 22:03:06,530 [INFO] [Epoch 64] val_loss=4.6861
2026-04-13 22:03:06,535 [INFO] Epoch 64 | train=5.8836 | val=4.6861
2026-04-13 22:03:13,309 [INFO] [Epoch 65] train_loss=5.8805
2026-04-13 22:03:13,672 [INFO] [Epoch 65] val_loss=4.6661
2026-04-13 22:03:13,676 [INFO] Epoch 65 | train=5.8805 | val=4.6661
2026-04-13 22:03:20,509 [INFO] [Epoch 66] train_loss=5.8794
2026-04-13 22:03:20,861 [INFO] [Epoch 66] val_loss=4.6614
2026-04-13 22:03:20,866 [INFO] Epoch 66 | train=5.8794 | val=4.6614
2026-04-13 22:03:27,619 [INFO] [Epoch 67] train_loss=5.8717
2026-04-13 22:03:27,976 [INFO] [Epoch 67] val_loss=4.6434
2026-04-13 22:03:27,981 [INFO] Epoch 67 | train=5.8717 | val=4.6434
2026-04-13 22:03:28,021 [INFO] Saved checkpoint (val=4.6434)
2026-04-13 22:03:34,733 [INFO] [Epoch 68] train_loss=5.8656
2026-04-13 22:03:35,079 [INFO] [Epoch 68] val_loss=4.6444
2026-04-13 22:03:35,084 [INFO] Epoch 68 | train=5.8656 | val=4.6444
2026-04-13 22:03:41,892 [INFO] [Epoch 69] train_loss=5.8618
2026-04-13 22:03:42,237 [INFO] [Epoch 69] val_loss=4.6545
2026-04-13 22:03:42,242 [INFO] Epoch 69 | train=5.8618 | val=4.6545
2026-04-13 22:03:49,058 [INFO] [Epoch 70] train_loss=5.8590
2026-04-13 22:03:49,412 [INFO] [Epoch 70] val_loss=4.6629
2026-04-13 22:03:49,417 [INFO] Epoch 70 | train=5.8590 | val=4.6629
2026-04-13 22:03:56,217 [INFO] [Epoch 71] train_loss=5.8532
2026-04-13 22:03:56,560 [INFO] [Epoch 71] val_loss=4.6561
2026-04-13 22:03:56,565 [INFO] Epoch 71 | train=5.8532 | val=4.6561
2026-04-13 22:04:03,260 [INFO] [Epoch 72] train_loss=5.8487
2026-04-13 22:04:03,627 [INFO] [Epoch 72] val_loss=4.6652
2026-04-13 22:04:03,632 [INFO] Epoch 72 | train=5.8487 | val=4.6652
2026-04-13 22:04:10,409 [INFO] [Epoch 73] train_loss=5.8424
2026-04-13 22:04:10,741 [INFO] [Epoch 73] val_loss=4.6246
2026-04-13 22:04:10,744 [INFO] Epoch 73 | train=5.8424 | val=4.6246
2026-04-13 22:04:10,761 [INFO] Saved checkpoint (val=4.6246)
2026-04-13 22:04:17,406 [INFO] [Epoch 74] train_loss=5.8425
2026-04-13 22:04:17,792 [INFO] [Epoch 74] val_loss=4.6882
2026-04-13 22:04:17,797 [INFO] Epoch 74 | train=5.8425 | val=4.6882
2026-04-13 22:04:24,546 [INFO] [Epoch 75] train_loss=5.8370
2026-04-13 22:04:24,891 [INFO] [Epoch 75] val_loss=4.6600
2026-04-13 22:04:24,896 [INFO] Epoch 75 | train=5.8370 | val=4.6600
2026-04-13 22:04:31,749 [INFO] [Epoch 76] train_loss=5.8336
2026-04-13 22:04:32,091 [INFO] [Epoch 76] val_loss=4.6847
2026-04-13 22:04:32,096 [INFO] Epoch 76 | train=5.8336 | val=4.6847
2026-04-13 22:04:38,825 [INFO] [Epoch 77] train_loss=5.8279
2026-04-13 22:04:39,154 [INFO] [Epoch 77] val_loss=4.6874
2026-04-13 22:04:39,159 [INFO] Epoch 77 | train=5.8279 | val=4.6874
2026-04-13 22:04:45,864 [INFO] [Epoch 78] train_loss=5.8256
2026-04-13 22:04:46,212 [INFO] [Epoch 78] val_loss=4.6587
2026-04-13 22:04:46,217 [INFO] Epoch 78 | train=5.8256 | val=4.6587
2026-04-13 22:04:52,933 [INFO] [Epoch 79] train_loss=5.8209
2026-04-13 22:04:53,282 [INFO] [Epoch 79] val_loss=4.6690
2026-04-13 22:04:53,287 [INFO] Epoch 79 | train=5.8209 | val=4.6690
2026-04-13 22:05:00,214 [INFO] [Epoch 80] train_loss=5.8163
2026-04-13 22:05:00,546 [INFO] [Epoch 80] val_loss=4.6597
2026-04-13 22:05:00,551 [INFO] Epoch 80 | train=5.8163 | val=4.6597
2026-04-13 22:05:07,290 [INFO] [Epoch 81] train_loss=5.8140
2026-04-13 22:05:07,629 [INFO] [Epoch 81] val_loss=4.6615
2026-04-13 22:05:07,634 [INFO] Epoch 81 | train=5.8140 | val=4.6615
2026-04-13 22:05:14,403 [INFO] [Epoch 82] train_loss=5.8080
2026-04-13 22:05:14,760 [INFO] [Epoch 82] val_loss=4.6445
2026-04-13 22:05:14,766 [INFO] Epoch 82 | train=5.8080 | val=4.6445
2026-04-13 22:05:21,645 [INFO] [Epoch 83] train_loss=5.8013
2026-04-13 22:05:21,997 [INFO] [Epoch 83] val_loss=4.6447
2026-04-13 22:05:22,002 [INFO] Epoch 83 | train=5.8013 | val=4.6447
2026-04-13 23:30:39,371 [INFO] Logging to logs/open_clip__txt-open_clip__loc-satclip__tproj-mlp__lproj-none__loss-clip.log
2026-04-13 23:30:39,371 [INFO] Checkpoints directory: /home/libe2152/outputs/explainable-earth-embeddings/open_clip/txt-open_clip__loc-satclip__tproj-mlp__lproj-none__loss-clip
2026-04-13 23:30:48,010 [INFO] Loaded dataset from /home/libe2152/data/skyscript/satclip/open_clip/
2026-04-13 23:30:48,011 [INFO] Train size=341661, Val size=715
2026-04-13 23:30:48,021 [INFO] Using text encoder=open_clip, location encoder=satclip
2026-04-13 23:30:48,712 [INFO] Loss: clip
2026-04-13 23:30:48,712 [INFO] LR=0.0001, weight_decay=0.01
2026-04-13 23:31:01,144 [INFO] [Epoch 0] train_loss=8.0551
2026-04-13 23:31:02,176 [INFO] [Epoch 0] val_loss=6.0413
2026-04-13 23:31:02,185 [INFO] Epoch 0 | train=8.0551 | val=6.0413
2026-04-13 23:31:02,240 [INFO] Saved checkpoint (val=6.0413)
2026-04-13 23:31:15,684 [INFO] [Epoch 1] train_loss=7.6614
2026-04-13 23:31:16,127 [INFO] [Epoch 1] val_loss=5.7584
2026-04-13 23:31:16,132 [INFO] Epoch 1 | train=7.6614 | val=5.7584
2026-04-13 23:31:16,173 [INFO] Saved checkpoint (val=5.7584)
2026-04-13 23:31:29,314 [INFO] [Epoch 2] train_loss=7.4808
2026-04-13 23:31:29,928 [INFO] [Epoch 2] val_loss=5.6345
2026-04-13 23:31:29,934 [INFO] Epoch 2 | train=7.4808 | val=5.6345
2026-04-13 23:31:29,967 [INFO] Saved checkpoint (val=5.6345)
2026-04-13 23:31:43,417 [INFO] [Epoch 3] train_loss=7.3788
2026-04-13 23:31:43,957 [INFO] [Epoch 3] val_loss=5.5622
2026-04-13 23:31:43,959 [INFO] Epoch 3 | train=7.3788 | val=5.5622
2026-04-13 23:31:43,975 [INFO] Saved checkpoint (val=5.5622)
2026-04-13 23:31:56,779 [INFO] [Epoch 4] train_loss=7.3062
2026-04-13 23:31:57,233 [INFO] [Epoch 4] val_loss=5.5041
2026-04-13 23:31:57,238 [INFO] Epoch 4 | train=7.3062 | val=5.5041
2026-04-13 23:31:57,280 [INFO] Saved checkpoint (val=5.5041)
2026-04-13 23:32:09,740 [INFO] [Epoch 5] train_loss=7.2493
2026-04-13 23:32:10,193 [INFO] [Epoch 5] val_loss=5.4580
2026-04-13 23:32:10,199 [INFO] Epoch 5 | train=7.2493 | val=5.4580
2026-04-13 23:32:10,238 [INFO] Saved checkpoint (val=5.4580)
2026-04-13 23:32:23,862 [INFO] [Epoch 6] train_loss=7.2018
2026-04-13 23:32:24,520 [INFO] [Epoch 6] val_loss=5.4220
2026-04-13 23:32:24,526 [INFO] Epoch 6 | train=7.2018 | val=5.4220
2026-04-13 23:32:24,550 [INFO] Saved checkpoint (val=5.4220)
2026-04-13 23:32:37,879 [INFO] [Epoch 7] train_loss=7.1613
2026-04-13 23:32:38,352 [INFO] [Epoch 7] val_loss=5.3924
2026-04-13 23:32:38,356 [INFO] Epoch 7 | train=7.1613 | val=5.3924
2026-04-13 23:32:38,397 [INFO] Saved checkpoint (val=5.3924)
2026-04-13 23:32:50,781 [INFO] [Epoch 8] train_loss=7.1257
2026-04-13 23:32:51,668 [INFO] [Epoch 8] val_loss=5.3663
2026-04-13 23:32:51,670 [INFO] Epoch 8 | train=7.1257 | val=5.3663
2026-04-13 23:32:51,718 [INFO] Saved checkpoint (val=5.3663)
2026-04-13 23:33:04,982 [INFO] [Epoch 9] train_loss=7.0941
2026-04-13 23:33:05,732 [INFO] [Epoch 9] val_loss=5.3390
2026-04-13 23:33:05,735 [INFO] Epoch 9 | train=7.0941 | val=5.3390
2026-04-13 23:33:05,773 [INFO] Saved checkpoint (val=5.3390)
2026-04-13 23:33:19,005 [INFO] [Epoch 10] train_loss=7.0653
2026-04-13 23:33:19,887 [INFO] [Epoch 10] val_loss=5.3232
2026-04-13 23:33:19,893 [INFO] Epoch 10 | train=7.0653 | val=5.3232
2026-04-13 23:33:19,925 [INFO] Saved checkpoint (val=5.3232)
2026-04-13 23:33:32,724 [INFO] [Epoch 11] train_loss=7.0387
2026-04-13 23:33:33,174 [INFO] [Epoch 11] val_loss=5.2925
2026-04-13 23:33:33,178 [INFO] Epoch 11 | train=7.0387 | val=5.2925
2026-04-13 23:33:33,213 [INFO] Saved checkpoint (val=5.2925)
2026-04-13 23:33:46,181 [INFO] [Epoch 12] train_loss=7.0141
2026-04-13 23:33:46,828 [INFO] [Epoch 12] val_loss=5.2853
2026-04-13 23:33:46,833 [INFO] Epoch 12 | train=7.0141 | val=5.2853
2026-04-13 23:33:46,872 [INFO] Saved checkpoint (val=5.2853)
2026-04-13 23:34:00,183 [INFO] [Epoch 13] train_loss=6.9912
2026-04-13 23:34:00,620 [INFO] [Epoch 13] val_loss=5.2678
2026-04-13 23:34:00,624 [INFO] Epoch 13 | train=6.9912 | val=5.2678
2026-04-13 23:34:00,650 [INFO] Saved checkpoint (val=5.2678)
2026-04-13 23:34:14,500 [INFO] [Epoch 14] train_loss=6.9691
2026-04-13 23:34:15,198 [INFO] [Epoch 14] val_loss=5.2472
2026-04-13 23:34:15,202 [INFO] Epoch 14 | train=6.9691 | val=5.2472
2026-04-13 23:34:15,242 [INFO] Saved checkpoint (val=5.2472)
2026-04-13 23:34:26,983 [INFO] [Epoch 15] train_loss=6.9495
2026-04-13 23:34:27,958 [INFO] [Epoch 15] val_loss=5.2330
2026-04-13 23:34:27,965 [INFO] Epoch 15 | train=6.9495 | val=5.2330
2026-04-13 23:34:28,003 [INFO] Saved checkpoint (val=5.2330)
2026-04-13 23:34:40,291 [INFO] [Epoch 16] train_loss=6.9300
2026-04-13 23:34:41,088 [INFO] [Epoch 16] val_loss=5.2182
2026-04-13 23:34:41,092 [INFO] Epoch 16 | train=6.9300 | val=5.2182
2026-04-13 23:34:41,136 [INFO] Saved checkpoint (val=5.2182)
2026-04-13 23:34:54,065 [INFO] [Epoch 17] train_loss=6.9120
2026-04-13 23:34:54,544 [INFO] [Epoch 17] val_loss=5.2028
2026-04-13 23:34:54,548 [INFO] Epoch 17 | train=6.9120 | val=5.2028
2026-04-13 23:34:54,583 [INFO] Saved checkpoint (val=5.2028)
2026-04-13 23:35:06,519 [INFO] [Epoch 18] train_loss=6.8949
2026-04-13 23:35:07,391 [INFO] [Epoch 18] val_loss=5.1903
2026-04-13 23:35:07,394 [INFO] Epoch 18 | train=6.8949 | val=5.1903
2026-04-13 23:35:07,434 [INFO] Saved checkpoint (val=5.1903)
2026-04-13 23:35:20,505 [INFO] [Epoch 19] train_loss=6.8778
2026-04-13 23:35:20,942 [INFO] [Epoch 19] val_loss=5.1857
2026-04-13 23:35:20,945 [INFO] Epoch 19 | train=6.8778 | val=5.1857
2026-04-13 23:35:20,975 [INFO] Saved checkpoint (val=5.1857)
2026-04-13 23:35:33,788 [INFO] [Epoch 20] train_loss=6.8624
2026-04-13 23:35:34,189 [INFO] [Epoch 20] val_loss=5.1727
2026-04-13 23:35:34,191 [INFO] Epoch 20 | train=6.8624 | val=5.1727
2026-04-13 23:35:34,218 [INFO] Saved checkpoint (val=5.1727)
2026-04-13 23:35:46,903 [INFO] [Epoch 21] train_loss=6.8474
2026-04-13 23:35:47,695 [INFO] [Epoch 21] val_loss=5.1642
2026-04-13 23:35:47,699 [INFO] Epoch 21 | train=6.8474 | val=5.1642
2026-04-13 23:35:47,745 [INFO] Saved checkpoint (val=5.1642)
2026-04-13 23:36:01,160 [INFO] [Epoch 22] train_loss=6.8329
2026-04-13 23:36:01,579 [INFO] [Epoch 22] val_loss=5.1506
2026-04-13 23:36:01,583 [INFO] Epoch 22 | train=6.8329 | val=5.1506
2026-04-13 23:36:01,628 [INFO] Saved checkpoint (val=5.1506)
2026-04-13 23:36:15,469 [INFO] [Epoch 23] train_loss=6.8197
2026-04-13 23:36:16,422 [INFO] [Epoch 23] val_loss=5.1431
2026-04-13 23:36:16,434 [INFO] Epoch 23 | train=6.8197 | val=5.1431
2026-04-13 23:36:16,503 [INFO] Saved checkpoint (val=5.1431)
2026-04-13 23:36:28,795 [INFO] [Epoch 24] train_loss=6.8056
2026-04-13 23:36:29,292 [INFO] [Epoch 24] val_loss=5.1405
2026-04-13 23:36:29,295 [INFO] Epoch 24 | train=6.8056 | val=5.1405
2026-04-13 23:36:29,329 [INFO] Saved checkpoint (val=5.1405)
2026-04-13 23:36:42,846 [INFO] [Epoch 25] train_loss=6.7921
2026-04-13 23:36:43,452 [INFO] [Epoch 25] val_loss=5.1275
2026-04-13 23:36:43,461 [INFO] Epoch 25 | train=6.7921 | val=5.1275
2026-04-13 23:36:43,498 [INFO] Saved checkpoint (val=5.1275)
2026-04-13 23:36:55,946 [INFO] [Epoch 26] train_loss=6.7798
2026-04-13 23:36:56,497 [INFO] [Epoch 26] val_loss=5.1199
2026-04-13 23:36:56,499 [INFO] Epoch 26 | train=6.7798 | val=5.1199
2026-04-13 23:36:56,529 [INFO] Saved checkpoint (val=5.1199)
2026-04-13 23:37:09,919 [INFO] [Epoch 27] train_loss=6.7678
2026-04-13 23:37:10,810 [INFO] [Epoch 27] val_loss=5.1135
2026-04-13 23:37:10,816 [INFO] Epoch 27 | train=6.7678 | val=5.1135
2026-04-13 23:37:10,849 [INFO] Saved checkpoint (val=5.1135)
2026-04-13 23:37:22,490 [INFO] [Epoch 28] train_loss=6.7571
2026-04-13 23:37:22,937 [INFO] [Epoch 28] val_loss=5.0983
2026-04-13 23:37:22,942 [INFO] Epoch 28 | train=6.7571 | val=5.0983
2026-04-13 23:37:22,982 [INFO] Saved checkpoint (val=5.0983)
2026-04-13 23:37:35,609 [INFO] [Epoch 29] train_loss=6.7454
2026-04-13 23:37:36,302 [INFO] [Epoch 29] val_loss=5.0943
2026-04-13 23:37:36,307 [INFO] Epoch 29 | train=6.7454 | val=5.0943
2026-04-13 23:37:36,333 [INFO] Saved checkpoint (val=5.0943)
2026-04-13 23:37:49,924 [INFO] [Epoch 30] train_loss=6.7343
2026-04-13 23:37:50,322 [INFO] [Epoch 30] val_loss=5.0936
2026-04-13 23:37:50,327 [INFO] Epoch 30 | train=6.7343 | val=5.0936
2026-04-13 23:37:50,367 [INFO] Saved checkpoint (val=5.0936)
2026-04-13 23:38:04,048 [INFO] [Epoch 31] train_loss=6.7233
2026-04-13 23:38:04,760 [INFO] [Epoch 31] val_loss=5.0825
2026-04-13 23:38:04,770 [INFO] Epoch 31 | train=6.7233 | val=5.0825
2026-04-13 23:38:04,818 [INFO] Saved checkpoint (val=5.0825)
2026-04-13 23:38:16,894 [INFO] [Epoch 32] train_loss=6.7139
2026-04-13 23:38:17,892 [INFO] [Epoch 32] val_loss=5.0746
2026-04-13 23:38:17,897 [INFO] Epoch 32 | train=6.7139 | val=5.0746
2026-04-13 23:38:17,932 [INFO] Saved checkpoint (val=5.0746)
2026-04-13 23:38:30,626 [INFO] [Epoch 33] train_loss=6.7024
2026-04-13 23:38:31,316 [INFO] [Epoch 33] val_loss=5.0718
2026-04-13 23:38:31,327 [INFO] Epoch 33 | train=6.7024 | val=5.0718
2026-04-13 23:38:31,381 [INFO] Saved checkpoint (val=5.0718)
2026-04-13 23:38:44,200 [INFO] [Epoch 34] train_loss=6.6936
2026-04-13 23:38:44,667 [INFO] [Epoch 34] val_loss=5.0658
2026-04-13 23:38:44,670 [INFO] Epoch 34 | train=6.6936 | val=5.0658
2026-04-13 23:38:44,701 [INFO] Saved checkpoint (val=5.0658)
2026-04-13 23:38:57,273 [INFO] [Epoch 35] train_loss=6.6834
2026-04-13 23:38:57,805 [INFO] [Epoch 35] val_loss=5.0548
2026-04-13 23:38:57,810 [INFO] Epoch 35 | train=6.6834 | val=5.0548
2026-04-13 23:38:57,845 [INFO] Saved checkpoint (val=5.0548)
2026-04-13 23:39:11,167 [INFO] [Epoch 36] train_loss=6.6741
2026-04-13 23:39:11,669 [INFO] [Epoch 36] val_loss=5.0556
2026-04-13 23:39:11,673 [INFO] Epoch 36 | train=6.6741 | val=5.0556
2026-04-13 23:39:25,094 [INFO] [Epoch 37] train_loss=6.6654
2026-04-13 23:39:25,538 [INFO] [Epoch 37] val_loss=5.0482
2026-04-13 23:39:25,541 [INFO] Epoch 37 | train=6.6654 | val=5.0482
2026-04-13 23:39:25,577 [INFO] Saved checkpoint (val=5.0482)
2026-04-13 23:39:38,861 [INFO] [Epoch 38] train_loss=6.6566
2026-04-13 23:39:39,515 [INFO] [Epoch 38] val_loss=5.0456
2026-04-13 23:39:39,520 [INFO] Epoch 38 | train=6.6566 | val=5.0456
2026-04-13 23:39:39,560 [INFO] Saved checkpoint (val=5.0456)
2026-04-13 23:39:53,438 [INFO] [Epoch 39] train_loss=6.6481
2026-04-13 23:39:53,896 [INFO] [Epoch 39] val_loss=5.0388
2026-04-13 23:39:53,899 [INFO] Epoch 39 | train=6.6481 | val=5.0388
2026-04-13 23:39:53,921 [INFO] Saved checkpoint (val=5.0388)
2026-04-13 23:40:07,396 [INFO] [Epoch 40] train_loss=6.6397
2026-04-13 23:40:08,113 [INFO] [Epoch 40] val_loss=5.0345
2026-04-13 23:40:08,117 [INFO] Epoch 40 | train=6.6397 | val=5.0345
2026-04-13 23:40:08,158 [INFO] Saved checkpoint (val=5.0345)
2026-04-13 23:40:20,768 [INFO] [Epoch 41] train_loss=6.6310
2026-04-13 23:40:21,528 [INFO] [Epoch 41] val_loss=5.0343
2026-04-13 23:40:21,540 [INFO] Epoch 41 | train=6.6310 | val=5.0343
2026-04-13 23:40:21,594 [INFO] Saved checkpoint (val=5.0343)
2026-04-13 23:40:34,260 [INFO] [Epoch 42] train_loss=6.6238
2026-04-13 23:40:34,652 [INFO] [Epoch 42] val_loss=5.0262
2026-04-13 23:40:34,655 [INFO] Epoch 42 | train=6.6238 | val=5.0262
2026-04-13 23:40:34,686 [INFO] Saved checkpoint (val=5.0262)
2026-04-13 23:40:48,047 [INFO] [Epoch 43] train_loss=6.6163
2026-04-13 23:40:48,625 [INFO] [Epoch 43] val_loss=5.0235
2026-04-13 23:40:48,630 [INFO] Epoch 43 | train=6.6163 | val=5.0235
2026-04-13 23:40:48,671 [INFO] Saved checkpoint (val=5.0235)
2026-04-13 23:41:01,313 [INFO] [Epoch 44] train_loss=6.6075
2026-04-13 23:41:01,805 [INFO] [Epoch 44] val_loss=5.0143
2026-04-13 23:41:01,809 [INFO] Epoch 44 | train=6.6075 | val=5.0143
2026-04-13 23:41:01,847 [INFO] Saved checkpoint (val=5.0143)
2026-04-13 23:41:14,338 [INFO] [Epoch 45] train_loss=6.5997
2026-04-13 23:41:14,807 [INFO] [Epoch 45] val_loss=5.0141
2026-04-13 23:41:14,810 [INFO] Epoch 45 | train=6.5997 | val=5.0141
2026-04-13 23:41:14,844 [INFO] Saved checkpoint (val=5.0141)
2026-04-13 23:41:27,991 [INFO] [Epoch 46] train_loss=6.5929
2026-04-13 23:41:28,448 [INFO] [Epoch 46] val_loss=5.0057
2026-04-13 23:41:28,453 [INFO] Epoch 46 | train=6.5929 | val=5.0057
2026-04-13 23:41:28,495 [INFO] Saved checkpoint (val=5.0057)
2026-04-13 23:41:42,472 [INFO] [Epoch 47] train_loss=6.5868
2026-04-13 23:41:42,931 [INFO] [Epoch 47] val_loss=5.0066
2026-04-13 23:41:42,934 [INFO] Epoch 47 | train=6.5868 | val=5.0066
2026-04-13 23:41:56,211 [INFO] [Epoch 48] train_loss=6.5787
2026-04-13 23:41:57,126 [INFO] [Epoch 48] val_loss=5.0020
2026-04-13 23:41:57,136 [INFO] Epoch 48 | train=6.5787 | val=5.0020
2026-04-13 23:41:57,188 [INFO] Saved checkpoint (val=5.0020)
2026-04-13 23:42:09,660 [INFO] [Epoch 49] train_loss=6.5711
2026-04-13 23:42:10,178 [INFO] [Epoch 49] val_loss=4.9980
2026-04-13 23:42:10,180 [INFO] Epoch 49 | train=6.5711 | val=4.9980
2026-04-13 23:42:10,196 [INFO] Saved checkpoint (val=4.9980)
2026-04-13 23:42:22,834 [INFO] [Epoch 50] train_loss=6.5650
2026-04-13 23:42:23,434 [INFO] [Epoch 50] val_loss=4.9950
2026-04-13 23:42:23,438 [INFO] Epoch 50 | train=6.5650 | val=4.9950
2026-04-13 23:42:23,480 [INFO] Saved checkpoint (val=4.9950)
2026-04-13 23:42:36,374 [INFO] [Epoch 51] train_loss=6.5584
2026-04-13 23:42:36,901 [INFO] [Epoch 51] val_loss=4.9785
2026-04-13 23:42:36,913 [INFO] Epoch 51 | train=6.5584 | val=4.9785
2026-04-13 23:42:36,948 [INFO] Saved checkpoint (val=4.9785)
2026-04-13 23:42:49,018 [INFO] [Epoch 52] train_loss=6.5517
2026-04-13 23:42:49,489 [INFO] [Epoch 52] val_loss=4.9827
2026-04-13 23:42:49,495 [INFO] Epoch 52 | train=6.5517 | val=4.9827
2026-04-13 23:43:01,976 [INFO] [Epoch 53] train_loss=6.5446
2026-04-13 23:43:02,369 [INFO] [Epoch 53] val_loss=4.9760
2026-04-13 23:43:02,374 [INFO] Epoch 53 | train=6.5446 | val=4.9760
2026-04-13 23:43:02,415 [INFO] Saved checkpoint (val=4.9760)
2026-04-13 23:43:15,647 [INFO] [Epoch 54] train_loss=6.5387
2026-04-13 23:43:16,132 [INFO] [Epoch 54] val_loss=4.9832
2026-04-13 23:43:16,137 [INFO] Epoch 54 | train=6.5387 | val=4.9832
2026-04-13 23:43:29,567 [INFO] [Epoch 55] train_loss=6.5323
2026-04-13 23:43:30,046 [INFO] [Epoch 55] val_loss=4.9721
2026-04-13 23:43:30,052 [INFO] Epoch 55 | train=6.5323 | val=4.9721
2026-04-13 23:43:30,072 [INFO] Saved checkpoint (val=4.9721)
2026-04-13 23:43:43,261 [INFO] [Epoch 56] train_loss=6.5263
2026-04-13 23:43:43,657 [INFO] [Epoch 56] val_loss=4.9807
2026-04-13 23:43:43,662 [INFO] Epoch 56 | train=6.5263 | val=4.9807
2026-04-13 23:43:56,798 [INFO] [Epoch 57] train_loss=6.5206
2026-04-13 23:43:57,258 [INFO] [Epoch 57] val_loss=4.9689
2026-04-13 23:43:57,263 [INFO] Epoch 57 | train=6.5206 | val=4.9689
2026-04-13 23:43:57,304 [INFO] Saved checkpoint (val=4.9689)
2026-04-13 23:44:10,625 [INFO] [Epoch 58] train_loss=6.5148
2026-04-13 23:44:11,119 [INFO] [Epoch 58] val_loss=4.9670
2026-04-13 23:44:11,125 [INFO] Epoch 58 | train=6.5148 | val=4.9670
2026-04-13 23:44:11,150 [INFO] Saved checkpoint (val=4.9670)
2026-04-13 23:44:25,001 [INFO] [Epoch 59] train_loss=6.5092
2026-04-13 23:44:26,146 [INFO] [Epoch 59] val_loss=4.9575
2026-04-13 23:44:26,157 [INFO] Epoch 59 | train=6.5092 | val=4.9575
2026-04-13 23:44:26,207 [INFO] Saved checkpoint (val=4.9575)
2026-04-13 23:44:36,958 [INFO] [Epoch 60] train_loss=6.5037
2026-04-13 23:44:37,424 [INFO] [Epoch 60] val_loss=4.9579
2026-04-13 23:44:37,427 [INFO] Epoch 60 | train=6.5037 | val=4.9579
2026-04-13 23:44:49,984 [INFO] [Epoch 61] train_loss=6.4965
2026-04-13 23:44:50,493 [INFO] [Epoch 61] val_loss=4.9576
2026-04-13 23:44:50,495 [INFO] Epoch 61 | train=6.4965 | val=4.9576
2026-04-13 23:45:03,118 [INFO] [Epoch 62] train_loss=6.4923
2026-04-13 23:45:03,636 [INFO] [Epoch 62] val_loss=4.9556
2026-04-13 23:45:03,638 [INFO] Epoch 62 | train=6.4923 | val=4.9556
2026-04-13 23:45:03,666 [INFO] Saved checkpoint (val=4.9556)
2026-04-13 23:45:17,065 [INFO] [Epoch 63] train_loss=6.4862
2026-04-13 23:45:17,604 [INFO] [Epoch 63] val_loss=4.9411
2026-04-13 23:45:17,606 [INFO] Epoch 63 | train=6.4862 | val=4.9411
2026-04-13 23:45:17,639 [INFO] Saved checkpoint (val=4.9411)
2026-04-13 23:45:30,006 [INFO] [Epoch 64] train_loss=6.4795
2026-04-13 23:45:30,465 [INFO] [Epoch 64] val_loss=4.9534
2026-04-13 23:45:30,473 [INFO] Epoch 64 | train=6.4795 | val=4.9534
2026-04-13 23:45:44,002 [INFO] [Epoch 65] train_loss=6.4746
2026-04-13 23:45:44,481 [INFO] [Epoch 65] val_loss=4.9407
2026-04-13 23:45:44,483 [INFO] Epoch 65 | train=6.4746 | val=4.9407
2026-04-13 23:45:44,499 [INFO] Saved checkpoint (val=4.9407)
2026-04-13 23:45:57,158 [INFO] [Epoch 66] train_loss=6.4700
2026-04-13 23:45:57,741 [INFO] [Epoch 66] val_loss=4.9370
2026-04-13 23:45:57,746 [INFO] Epoch 66 | train=6.4700 | val=4.9370
2026-04-13 23:45:57,785 [INFO] Saved checkpoint (val=4.9370)
2026-04-13 23:46:10,681 [INFO] [Epoch 67] train_loss=6.4638
2026-04-13 23:46:11,206 [INFO] [Epoch 67] val_loss=4.9229
2026-04-13 23:46:11,210 [INFO] Epoch 67 | train=6.4638 | val=4.9229
2026-04-13 23:46:11,235 [INFO] Saved checkpoint (val=4.9229)
2026-04-13 23:46:23,955 [INFO] [Epoch 68] train_loss=6.4589
2026-04-13 23:46:24,459 [INFO] [Epoch 68] val_loss=4.9376
2026-04-13 23:46:24,465 [INFO] Epoch 68 | train=6.4589 | val=4.9376
2026-04-13 23:46:31,511 [INFO] [Epoch 69] train_loss=6.4542
2026-04-13 23:46:31,899 [INFO] [Epoch 69] val_loss=4.9280
2026-04-13 23:46:31,904 [INFO] Epoch 69 | train=6.4542 | val=4.9280
2026-04-13 23:46:38,600 [INFO] [Epoch 70] train_loss=6.4493
2026-04-13 23:46:38,987 [INFO] [Epoch 70] val_loss=4.9254
2026-04-13 23:46:38,992 [INFO] Epoch 70 | train=6.4493 | val=4.9254
2026-04-13 23:46:45,659 [INFO] [Epoch 71] train_loss=6.4444
2026-04-13 23:46:46,049 [INFO] [Epoch 71] val_loss=4.9183
2026-04-13 23:46:46,054 [INFO] Epoch 71 | train=6.4444 | val=4.9183
2026-04-13 23:46:46,095 [INFO] Saved checkpoint (val=4.9183)
2026-04-13 23:46:52,762 [INFO] [Epoch 72] train_loss=6.4396
2026-04-13 23:46:53,155 [INFO] [Epoch 72] val_loss=4.9173
2026-04-13 23:46:53,158 [INFO] Epoch 72 | train=6.4396 | val=4.9173
2026-04-13 23:46:53,189 [INFO] Saved checkpoint (val=4.9173)
2026-04-13 23:47:00,034 [INFO] [Epoch 73] train_loss=6.4338
2026-04-13 23:47:00,423 [INFO] [Epoch 73] val_loss=4.9146
2026-04-13 23:47:00,428 [INFO] Epoch 73 | train=6.4338 | val=4.9146
2026-04-13 23:47:00,468 [INFO] Saved checkpoint (val=4.9146)
2026-04-13 23:47:07,278 [INFO] [Epoch 74] train_loss=6.4297
2026-04-13 23:47:07,666 [INFO] [Epoch 74] val_loss=4.9086
2026-04-13 23:47:07,671 [INFO] Epoch 74 | train=6.4297 | val=4.9086
2026-04-13 23:47:07,712 [INFO] Saved checkpoint (val=4.9086)
2026-04-13 23:47:14,602 [INFO] [Epoch 75] train_loss=6.4243
2026-04-13 23:47:14,989 [INFO] [Epoch 75] val_loss=4.9185
2026-04-13 23:47:14,994 [INFO] Epoch 75 | train=6.4243 | val=4.9185
2026-04-13 23:47:21,667 [INFO] [Epoch 76] train_loss=6.4202
2026-04-13 23:47:22,063 [INFO] [Epoch 76] val_loss=4.9080
2026-04-13 23:47:22,068 [INFO] Epoch 76 | train=6.4202 | val=4.9080
2026-04-13 23:47:22,095 [INFO] Saved checkpoint (val=4.9080)
2026-04-13 23:47:28,763 [INFO] [Epoch 77] train_loss=6.4155
2026-04-13 23:47:29,148 [INFO] [Epoch 77] val_loss=4.9122
2026-04-13 23:47:29,153 [INFO] Epoch 77 | train=6.4155 | val=4.9122
2026-04-13 23:47:35,813 [INFO] [Epoch 78] train_loss=6.4113
2026-04-13 23:47:36,204 [INFO] [Epoch 78] val_loss=4.9021
2026-04-13 23:47:36,209 [INFO] Epoch 78 | train=6.4113 | val=4.9021
2026-04-13 23:47:36,250 [INFO] Saved checkpoint (val=4.9021)
2026-04-13 23:47:42,960 [INFO] [Epoch 79] train_loss=6.4069
2026-04-13 23:47:43,343 [INFO] [Epoch 79] val_loss=4.9044
2026-04-13 23:47:43,347 [INFO] Epoch 79 | train=6.4069 | val=4.9044
2026-04-13 23:47:50,023 [INFO] [Epoch 80] train_loss=6.4011
2026-04-13 23:47:50,416 [INFO] [Epoch 80] val_loss=4.9014
2026-04-13 23:47:50,421 [INFO] Epoch 80 | train=6.4011 | val=4.9014
2026-04-13 23:47:50,447 [INFO] Saved checkpoint (val=4.9014)
2026-04-13 23:47:57,418 [INFO] [Epoch 81] train_loss=6.3975
2026-04-13 23:47:57,807 [INFO] [Epoch 81] val_loss=4.8972
2026-04-13 23:47:57,812 [INFO] Epoch 81 | train=6.3975 | val=4.8972
2026-04-13 23:47:57,853 [INFO] Saved checkpoint (val=4.8972)
2026-04-13 23:48:04,495 [INFO] [Epoch 82] train_loss=6.3936
2026-04-13 23:48:04,881 [INFO] [Epoch 82] val_loss=4.8967
2026-04-13 23:48:04,884 [INFO] Epoch 82 | train=6.3936 | val=4.8967
2026-04-13 23:48:04,914 [INFO] Saved checkpoint (val=4.8967)
2026-04-13 23:48:11,583 [INFO] [Epoch 83] train_loss=6.3883
2026-04-13 23:48:11,963 [INFO] [Epoch 83] val_loss=4.8832
2026-04-13 23:48:11,967 [INFO] Epoch 83 | train=6.3883 | val=4.8832
2026-04-13 23:48:12,009 [INFO] Saved checkpoint (val=4.8832)
2026-04-13 23:48:18,656 [INFO] [Epoch 84] train_loss=6.3845
2026-04-13 23:48:19,038 [INFO] [Epoch 84] val_loss=4.8836
2026-04-13 23:48:19,043 [INFO] Epoch 84 | train=6.3845 | val=4.8836
2026-04-13 23:48:25,706 [INFO] [Epoch 85] train_loss=6.3798
2026-04-13 23:48:26,097 [INFO] [Epoch 85] val_loss=4.8840
2026-04-13 23:48:26,101 [INFO] Epoch 85 | train=6.3798 | val=4.8840
2026-04-13 23:48:32,828 [INFO] [Epoch 86] train_loss=6.3760
2026-04-13 23:48:33,217 [INFO] [Epoch 86] val_loss=4.8804
2026-04-13 23:48:33,222 [INFO] Epoch 86 | train=6.3760 | val=4.8804
2026-04-13 23:48:33,265 [INFO] Saved checkpoint (val=4.8804)
2026-04-13 23:48:40,000 [INFO] [Epoch 87] train_loss=6.3725
2026-04-13 23:48:40,377 [INFO] [Epoch 87] val_loss=4.8811
2026-04-13 23:48:40,382 [INFO] Epoch 87 | train=6.3725 | val=4.8811
2026-04-13 23:48:47,011 [INFO] [Epoch 88] train_loss=6.3692
2026-04-13 23:48:47,402 [INFO] [Epoch 88] val_loss=4.8762
2026-04-13 23:48:47,406 [INFO] Epoch 88 | train=6.3692 | val=4.8762
2026-04-13 23:48:47,445 [INFO] Saved checkpoint (val=4.8762)
2026-04-13 23:48:54,645 [INFO] [Epoch 89] train_loss=6.3637
2026-04-13 23:48:55,031 [INFO] [Epoch 89] val_loss=4.8776
2026-04-13 23:48:55,037 [INFO] Epoch 89 | train=6.3637 | val=4.8776
2026-04-13 23:49:01,880 [INFO] [Epoch 90] train_loss=6.3589
2026-04-13 23:49:02,268 [INFO] [Epoch 90] val_loss=4.8689
2026-04-13 23:49:02,273 [INFO] Epoch 90 | train=6.3589 | val=4.8689
2026-04-13 23:49:02,314 [INFO] Saved checkpoint (val=4.8689)
2026-04-13 23:49:09,041 [INFO] [Epoch 91] train_loss=6.3555
2026-04-13 23:49:09,431 [INFO] [Epoch 91] val_loss=4.8756
2026-04-13 23:49:09,437 [INFO] Epoch 91 | train=6.3555 | val=4.8756
2026-04-13 23:49:16,081 [INFO] [Epoch 92] train_loss=6.3515
2026-04-13 23:49:16,450 [INFO] [Epoch 92] val_loss=4.8742
2026-04-13 23:49:16,454 [INFO] Epoch 92 | train=6.3515 | val=4.8742
2026-04-13 23:49:23,186 [INFO] [Epoch 93] train_loss=6.3478
2026-04-13 23:49:23,576 [INFO] [Epoch 93] val_loss=4.8699
2026-04-13 23:49:23,580 [INFO] Epoch 93 | train=6.3478 | val=4.8699
2026-04-13 23:49:30,214 [INFO] [Epoch 94] train_loss=6.3437
2026-04-13 23:49:30,602 [INFO] [Epoch 94] val_loss=4.8602
2026-04-13 23:49:30,606 [INFO] Epoch 94 | train=6.3437 | val=4.8602
2026-04-13 23:49:30,649 [INFO] Saved checkpoint (val=4.8602)
2026-04-13 23:49:37,324 [INFO] [Epoch 95] train_loss=6.3400
2026-04-13 23:49:37,712 [INFO] [Epoch 95] val_loss=4.8561
2026-04-13 23:49:37,717 [INFO] Epoch 95 | train=6.3400 | val=4.8561
2026-04-13 23:49:37,759 [INFO] Saved checkpoint (val=4.8561)
2026-04-13 23:49:44,552 [INFO] [Epoch 96] train_loss=6.3369
2026-04-13 23:49:44,943 [INFO] [Epoch 96] val_loss=4.8652
2026-04-13 23:49:44,948 [INFO] Epoch 96 | train=6.3369 | val=4.8652
2026-04-13 23:49:51,708 [INFO] [Epoch 97] train_loss=6.3317
2026-04-13 23:49:52,100 [INFO] [Epoch 97] val_loss=4.8644
2026-04-13 23:49:52,104 [INFO] Epoch 97 | train=6.3317 | val=4.8644
2026-04-13 23:49:58,878 [INFO] [Epoch 98] train_loss=6.3292
2026-04-13 23:49:59,251 [INFO] [Epoch 98] val_loss=4.8576
2026-04-13 23:49:59,255 [INFO] Epoch 98 | train=6.3292 | val=4.8576
2026-04-13 23:50:05,987 [INFO] [Epoch 99] train_loss=6.3251
2026-04-13 23:50:06,367 [INFO] [Epoch 99] val_loss=4.8561
2026-04-13 23:50:06,372 [INFO] Epoch 99 | train=6.3251 | val=4.8561
2026-04-13 23:50:13,196 [INFO] [Epoch 100] train_loss=6.3206
2026-04-13 23:50:13,574 [INFO] [Epoch 100] val_loss=4.8484
2026-04-13 23:50:13,579 [INFO] Epoch 100 | train=6.3206 | val=4.8484
2026-04-13 23:50:13,606 [INFO] Saved checkpoint (val=4.8484)
2026-04-13 23:50:20,380 [INFO] [Epoch 101] train_loss=6.3181
2026-04-13 23:50:20,767 [INFO] [Epoch 101] val_loss=4.8472
2026-04-13 23:50:20,773 [INFO] Epoch 101 | train=6.3181 | val=4.8472
2026-04-13 23:50:20,813 [INFO] Saved checkpoint (val=4.8472)
2026-04-13 23:50:27,553 [INFO] [Epoch 102] train_loss=6.3139
2026-04-13 23:50:27,944 [INFO] [Epoch 102] val_loss=4.8538
2026-04-13 23:50:27,949 [INFO] Epoch 102 | train=6.3139 | val=4.8538
2026-04-13 23:50:34,588 [INFO] [Epoch 103] train_loss=6.3105
2026-04-13 23:50:34,972 [INFO] [Epoch 103] val_loss=4.8573
2026-04-13 23:50:34,978 [INFO] Epoch 103 | train=6.3105 | val=4.8573
2026-04-13 23:50:41,723 [INFO] [Epoch 104] train_loss=6.3075
2026-04-13 23:50:42,107 [INFO] [Epoch 104] val_loss=4.8529
2026-04-13 23:50:42,113 [INFO] Epoch 104 | train=6.3075 | val=4.8529
2026-04-13 23:50:48,792 [INFO] [Epoch 105] train_loss=6.3031
2026-04-13 23:50:49,182 [INFO] [Epoch 105] val_loss=4.8485
2026-04-13 23:50:49,186 [INFO] Epoch 105 | train=6.3031 | val=4.8485
2026-04-13 23:50:55,977 [INFO] [Epoch 106] train_loss=6.3009
2026-04-13 23:50:56,367 [INFO] [Epoch 106] val_loss=4.8443
2026-04-13 23:50:56,372 [INFO] Epoch 106 | train=6.3009 | val=4.8443
2026-04-13 23:50:56,414 [INFO] Saved checkpoint (val=4.8443)
2026-04-13 23:51:03,078 [INFO] [Epoch 107] train_loss=6.2971
2026-04-13 23:51:03,465 [INFO] [Epoch 107] val_loss=4.8395
2026-04-13 23:51:03,468 [INFO] Epoch 107 | train=6.2971 | val=4.8395
2026-04-13 23:51:03,483 [INFO] Saved checkpoint (val=4.8395)
2026-04-13 23:51:10,113 [INFO] [Epoch 108] train_loss=6.2924
2026-04-13 23:51:10,491 [INFO] [Epoch 108] val_loss=4.8506
2026-04-13 23:51:10,494 [INFO] Epoch 108 | train=6.2924 | val=4.8506
2026-04-13 23:51:17,218 [INFO] [Epoch 109] train_loss=6.2905
2026-04-13 23:51:17,598 [INFO] [Epoch 109] val_loss=4.8412
2026-04-13 23:51:17,602 [INFO] Epoch 109 | train=6.2905 | val=4.8412
2026-04-13 23:51:24,303 [INFO] [Epoch 110] train_loss=6.2860
2026-04-13 23:51:24,697 [INFO] [Epoch 110] val_loss=4.8398
2026-04-13 23:51:24,702 [INFO] Epoch 110 | train=6.2860 | val=4.8398
2026-04-13 23:51:31,427 [INFO] [Epoch 111] train_loss=6.2831
2026-04-13 23:51:31,818 [INFO] [Epoch 111] val_loss=4.8392
2026-04-13 23:51:31,823 [INFO] Epoch 111 | train=6.2831 | val=4.8392
2026-04-13 23:51:31,850 [INFO] Saved checkpoint (val=4.8392)
2026-04-13 23:51:38,572 [INFO] [Epoch 112] train_loss=6.2800
2026-04-13 23:51:38,961 [INFO] [Epoch 112] val_loss=4.8407
2026-04-13 23:51:38,966 [INFO] Epoch 112 | train=6.2800 | val=4.8407
2026-04-13 23:51:45,687 [INFO] [Epoch 113] train_loss=6.2760
2026-04-13 23:51:46,073 [INFO] [Epoch 113] val_loss=4.8368
2026-04-13 23:51:46,078 [INFO] Epoch 113 | train=6.2760 | val=4.8368
2026-04-13 23:51:46,119 [INFO] Saved checkpoint (val=4.8368)
2026-04-13 23:51:52,826 [INFO] [Epoch 114] train_loss=6.2743
2026-04-13 23:51:53,218 [INFO] [Epoch 114] val_loss=4.8309
2026-04-13 23:51:53,223 [INFO] Epoch 114 | train=6.2743 | val=4.8309
2026-04-13 23:51:53,250 [INFO] Saved checkpoint (val=4.8309)
2026-04-13 23:51:59,913 [INFO] [Epoch 115] train_loss=6.2703
2026-04-13 23:52:00,305 [INFO] [Epoch 115] val_loss=4.8316
2026-04-13 23:52:00,309 [INFO] Epoch 115 | train=6.2703 | val=4.8316
2026-04-13 23:52:06,965 [INFO] [Epoch 116] train_loss=6.2671
2026-04-13 23:52:07,351 [INFO] [Epoch 116] val_loss=4.8352
2026-04-13 23:52:07,356 [INFO] Epoch 116 | train=6.2671 | val=4.8352
2026-04-13 23:52:14,142 [INFO] [Epoch 117] train_loss=6.2626
2026-04-13 23:52:14,519 [INFO] [Epoch 117] val_loss=4.8286
2026-04-13 23:52:14,524 [INFO] Epoch 117 | train=6.2626 | val=4.8286
2026-04-13 23:52:14,550 [INFO] Saved checkpoint (val=4.8286)
2026-04-13 23:52:21,219 [INFO] [Epoch 118] train_loss=6.2603
2026-04-13 23:52:21,608 [INFO] [Epoch 118] val_loss=4.8317
2026-04-13 23:52:21,613 [INFO] Epoch 118 | train=6.2603 | val=4.8317
2026-04-13 23:52:28,400 [INFO] [Epoch 119] train_loss=6.2582
2026-04-13 23:52:28,792 [INFO] [Epoch 119] val_loss=4.8306
2026-04-13 23:52:28,796 [INFO] Epoch 119 | train=6.2582 | val=4.8306
2026-04-13 23:52:35,426 [INFO] [Epoch 120] train_loss=6.2551
2026-04-13 23:52:35,815 [INFO] [Epoch 120] val_loss=4.8342
2026-04-13 23:52:35,820 [INFO] Epoch 120 | train=6.2551 | val=4.8342
2026-04-13 23:52:42,488 [INFO] [Epoch 121] train_loss=6.2516
2026-04-13 23:52:42,865 [INFO] [Epoch 121] val_loss=4.8296
2026-04-13 23:52:42,870 [INFO] Epoch 121 | train=6.2516 | val=4.8296
2026-04-13 23:52:49,561 [INFO] [Epoch 122] train_loss=6.2486
2026-04-13 23:52:49,958 [INFO] [Epoch 122] val_loss=4.8257
2026-04-13 23:52:49,963 [INFO] Epoch 122 | train=6.2486 | val=4.8257
2026-04-13 23:52:49,990 [INFO] Saved checkpoint (val=4.8257)
2026-04-13 23:52:56,627 [INFO] [Epoch 123] train_loss=6.2448
2026-04-13 23:52:57,013 [INFO] [Epoch 123] val_loss=4.8244
2026-04-13 23:52:57,018 [INFO] Epoch 123 | train=6.2448 | val=4.8244
2026-04-13 23:52:57,062 [INFO] Saved checkpoint (val=4.8244)
2026-04-13 23:53:03,687 [INFO] [Epoch 124] train_loss=6.2422
2026-04-13 23:53:04,063 [INFO] [Epoch 124] val_loss=4.8277
2026-04-13 23:53:04,068 [INFO] Epoch 124 | train=6.2422 | val=4.8277
2026-04-13 23:53:10,814 [INFO] [Epoch 125] train_loss=6.2400
2026-04-13 23:53:11,201 [INFO] [Epoch 125] val_loss=4.8131
2026-04-13 23:53:11,205 [INFO] Epoch 125 | train=6.2400 | val=4.8131
2026-04-13 23:53:11,247 [INFO] Saved checkpoint (val=4.8131)
2026-04-13 23:53:17,923 [INFO] [Epoch 126] train_loss=6.2362
2026-04-13 23:53:18,318 [INFO] [Epoch 126] val_loss=4.8233
2026-04-13 23:53:18,323 [INFO] Epoch 126 | train=6.2362 | val=4.8233
2026-04-13 23:53:25,027 [INFO] [Epoch 127] train_loss=6.2323
2026-04-13 23:53:25,405 [INFO] [Epoch 127] val_loss=4.8082
2026-04-13 23:53:25,410 [INFO] Epoch 127 | train=6.2323 | val=4.8082
2026-04-13 23:53:25,450 [INFO] Saved checkpoint (val=4.8082)
2026-04-13 23:53:32,134 [INFO] [Epoch 128] train_loss=6.2300
2026-04-13 23:53:32,522 [INFO] [Epoch 128] val_loss=4.8166
2026-04-13 23:53:32,527 [INFO] Epoch 128 | train=6.2300 | val=4.8166
2026-04-13 23:53:39,244 [INFO] [Epoch 129] train_loss=6.2278
2026-04-13 23:53:39,635 [INFO] [Epoch 129] val_loss=4.8244
2026-04-13 23:53:39,639 [INFO] Epoch 129 | train=6.2278 | val=4.8244
2026-04-13 23:53:46,319 [INFO] [Epoch 130] train_loss=6.2241
2026-04-13 23:53:46,707 [INFO] [Epoch 130] val_loss=4.8187
2026-04-13 23:53:46,711 [INFO] Epoch 130 | train=6.2241 | val=4.8187
2026-04-13 23:53:53,396 [INFO] [Epoch 131] train_loss=6.2221
2026-04-13 23:53:53,784 [INFO] [Epoch 131] val_loss=4.8147
2026-04-13 23:53:53,789 [INFO] Epoch 131 | train=6.2221 | val=4.8147
2026-04-13 23:54:00,451 [INFO] [Epoch 132] train_loss=6.2186
2026-04-13 23:54:00,843 [INFO] [Epoch 132] val_loss=4.8113
2026-04-13 23:54:00,849 [INFO] Epoch 132 | train=6.2186 | val=4.8113
2026-04-13 23:54:07,499 [INFO] [Epoch 133] train_loss=6.2168
2026-04-13 23:54:07,888 [INFO] [Epoch 133] val_loss=4.8130
2026-04-13 23:54:07,892 [INFO] Epoch 133 | train=6.2168 | val=4.8130
2026-04-13 23:54:14,505 [INFO] [Epoch 134] train_loss=6.2131
2026-04-13 23:54:14,889 [INFO] [Epoch 134] val_loss=4.8033
2026-04-13 23:54:14,895 [INFO] Epoch 134 | train=6.2131 | val=4.8033
2026-04-13 23:54:14,916 [INFO] Saved checkpoint (val=4.8033)
2026-04-13 23:54:21,651 [INFO] [Epoch 135] train_loss=6.2103
2026-04-13 23:54:22,037 [INFO] [Epoch 135] val_loss=4.8134
2026-04-13 23:54:22,041 [INFO] Epoch 135 | train=6.2103 | val=4.8134
2026-04-13 23:54:28,710 [INFO] [Epoch 136] train_loss=6.2071
2026-04-13 23:54:29,097 [INFO] [Epoch 136] val_loss=4.8141
2026-04-13 23:54:29,102 [INFO] Epoch 136 | train=6.2071 | val=4.8141
2026-04-13 23:54:35,847 [INFO] [Epoch 137] train_loss=6.2052
2026-04-13 23:54:36,217 [INFO] [Epoch 137] val_loss=4.8065
2026-04-13 23:54:36,222 [INFO] Epoch 137 | train=6.2052 | val=4.8065
2026-04-13 23:54:42,991 [INFO] [Epoch 138] train_loss=6.2029
2026-04-13 23:54:43,381 [INFO] [Epoch 138] val_loss=4.8035
2026-04-13 23:54:43,386 [INFO] Epoch 138 | train=6.2029 | val=4.8035
2026-04-13 23:54:50,124 [INFO] [Epoch 139] train_loss=6.1993
2026-04-13 23:54:50,511 [INFO] [Epoch 139] val_loss=4.7985
2026-04-13 23:54:50,516 [INFO] Epoch 139 | train=6.1993 | val=4.7985
2026-04-13 23:54:50,556 [INFO] Saved checkpoint (val=4.7985)
2026-04-13 23:54:57,270 [INFO] [Epoch 140] train_loss=6.1959
2026-04-13 23:54:57,656 [INFO] [Epoch 140] val_loss=4.8031
2026-04-13 23:54:57,661 [INFO] Epoch 140 | train=6.1959 | val=4.8031
2026-04-13 23:55:04,360 [INFO] [Epoch 141] train_loss=6.1947
2026-04-13 23:55:04,743 [INFO] [Epoch 141] val_loss=4.8160
2026-04-13 23:55:04,749 [INFO] Epoch 141 | train=6.1947 | val=4.8160
2026-04-13 23:55:11,386 [INFO] [Epoch 142] train_loss=6.1914
2026-04-13 23:55:11,765 [INFO] [Epoch 142] val_loss=4.8163
2026-04-13 23:55:11,770 [INFO] Epoch 142 | train=6.1914 | val=4.8163
2026-04-13 23:55:18,585 [INFO] [Epoch 143] train_loss=6.1881
2026-04-13 23:55:18,977 [INFO] [Epoch 143] val_loss=4.8062
2026-04-13 23:55:18,981 [INFO] Epoch 143 | train=6.1881 | val=4.8062
2026-04-13 23:55:25,926 [INFO] [Epoch 144] train_loss=6.1863
2026-04-13 23:55:26,315 [INFO] [Epoch 144] val_loss=4.8056
2026-04-13 23:55:26,320 [INFO] Epoch 144 | train=6.1863 | val=4.8056
2026-04-13 23:55:33,011 [INFO] [Epoch 145] train_loss=6.1839
2026-04-13 23:55:33,401 [INFO] [Epoch 145] val_loss=4.8002
2026-04-13 23:55:33,406 [INFO] Epoch 145 | train=6.1839 | val=4.8002
2026-04-13 23:55:40,218 [INFO] [Epoch 146] train_loss=6.1821
2026-04-13 23:55:40,604 [INFO] [Epoch 146] val_loss=4.8039
2026-04-13 23:55:40,608 [INFO] Epoch 146 | train=6.1821 | val=4.8039
2026-04-13 23:55:47,298 [INFO] [Epoch 147] train_loss=6.1777
2026-04-13 23:55:47,688 [INFO] [Epoch 147] val_loss=4.8090
2026-04-13 23:55:47,692 [INFO] Epoch 147 | train=6.1777 | val=4.8090
2026-04-13 23:55:54,745 [INFO] [Epoch 148] train_loss=6.1763
2026-04-13 23:55:55,130 [INFO] [Epoch 148] val_loss=4.8049
2026-04-13 23:55:55,134 [INFO] Epoch 148 | train=6.1763 | val=4.8049
2026-04-13 23:56:01,881 [INFO] [Epoch 149] train_loss=6.1735
2026-04-13 23:56:02,259 [INFO] [Epoch 149] val_loss=4.7939
2026-04-13 23:56:02,263 [INFO] Epoch 149 | train=6.1735 | val=4.7939
2026-04-13 23:56:02,305 [INFO] Saved checkpoint (val=4.7939)
2026-04-13 23:56:09,012 [INFO] [Epoch 150] train_loss=6.1706
2026-04-13 23:56:09,404 [INFO] [Epoch 150] val_loss=4.7989
2026-04-13 23:56:09,409 [INFO] Epoch 150 | train=6.1706 | val=4.7989
2026-04-13 23:56:16,199 [INFO] [Epoch 151] train_loss=6.1683
2026-04-13 23:56:16,585 [INFO] [Epoch 151] val_loss=4.8032
2026-04-13 23:56:16,590 [INFO] Epoch 151 | train=6.1683 | val=4.8032
2026-04-13 23:56:23,327 [INFO] [Epoch 152] train_loss=6.1654
2026-04-13 23:56:23,720 [INFO] [Epoch 152] val_loss=4.7961
2026-04-13 23:56:23,725 [INFO] Epoch 152 | train=6.1654 | val=4.7961
2026-04-13 23:56:30,724 [INFO] [Epoch 153] train_loss=6.1630
2026-04-13 23:56:31,103 [INFO] [Epoch 153] val_loss=4.7953
2026-04-13 23:56:31,108 [INFO] Epoch 153 | train=6.1630 | val=4.7953
2026-04-13 23:56:37,773 [INFO] [Epoch 154] train_loss=6.1605
2026-04-13 23:56:38,160 [INFO] [Epoch 154] val_loss=4.7982
2026-04-13 23:56:38,164 [INFO] Epoch 154 | train=6.1605 | val=4.7982
2026-04-13 23:56:44,836 [INFO] [Epoch 155] train_loss=6.1585
2026-04-13 23:56:45,229 [INFO] [Epoch 155] val_loss=4.7901
2026-04-13 23:56:45,233 [INFO] Epoch 155 | train=6.1585 | val=4.7901
2026-04-13 23:56:45,275 [INFO] Saved checkpoint (val=4.7901)
2026-04-13 23:56:51,929 [INFO] [Epoch 156] train_loss=6.1552
2026-04-13 23:56:52,313 [INFO] [Epoch 156] val_loss=4.7968
2026-04-13 23:56:52,318 [INFO] Epoch 156 | train=6.1552 | val=4.7968
2026-04-13 23:56:59,047 [INFO] [Epoch 157] train_loss=6.1532
2026-04-13 23:56:59,434 [INFO] [Epoch 157] val_loss=4.7914
2026-04-13 23:56:59,438 [INFO] Epoch 157 | train=6.1532 | val=4.7914
2026-04-13 23:57:06,169 [INFO] [Epoch 158] train_loss=6.1504
2026-04-13 23:57:06,562 [INFO] [Epoch 158] val_loss=4.7953
2026-04-13 23:57:06,566 [INFO] Epoch 158 | train=6.1504 | val=4.7953
2026-04-13 23:57:13,768 [INFO] [Epoch 159] train_loss=6.1485
2026-04-13 23:57:14,158 [INFO] [Epoch 159] val_loss=4.7909
2026-04-13 23:57:14,162 [INFO] Epoch 159 | train=6.1485 | val=4.7909
2026-04-13 23:57:20,786 [INFO] [Epoch 160] train_loss=6.1474
2026-04-13 23:57:21,167 [INFO] [Epoch 160] val_loss=4.7927
2026-04-13 23:57:21,172 [INFO] Epoch 160 | train=6.1474 | val=4.7927
2026-04-13 23:57:27,811 [INFO] [Epoch 161] train_loss=6.1433
2026-04-13 23:57:28,197 [INFO] [Epoch 161] val_loss=4.7796
2026-04-13 23:57:28,201 [INFO] Epoch 161 | train=6.1433 | val=4.7796
2026-04-13 23:57:28,243 [INFO] Saved checkpoint (val=4.7796)
2026-04-13 23:57:35,010 [INFO] [Epoch 162] train_loss=6.1424
2026-04-13 23:57:35,397 [INFO] [Epoch 162] val_loss=4.7885
2026-04-13 23:57:35,402 [INFO] Epoch 162 | train=6.1424 | val=4.7885
2026-04-13 23:57:42,146 [INFO] [Epoch 163] train_loss=6.1397
2026-04-13 23:57:42,534 [INFO] [Epoch 163] val_loss=4.7925
2026-04-13 23:57:42,540 [INFO] Epoch 163 | train=6.1397 | val=4.7925
2026-04-13 23:57:49,265 [INFO] [Epoch 164] train_loss=6.1373
2026-04-13 23:57:49,654 [INFO] [Epoch 164] val_loss=4.7916
2026-04-13 23:57:49,659 [INFO] Epoch 164 | train=6.1373 | val=4.7916
2026-04-13 23:57:56,400 [INFO] [Epoch 165] train_loss=6.1347
2026-04-13 23:57:56,785 [INFO] [Epoch 165] val_loss=4.7877
2026-04-13 23:57:56,790 [INFO] Epoch 165 | train=6.1347 | val=4.7877
2026-04-13 23:58:03,504 [INFO] [Epoch 166] train_loss=6.1321
2026-04-13 23:58:03,896 [INFO] [Epoch 166] val_loss=4.7919
2026-04-13 23:58:03,901 [INFO] Epoch 166 | train=6.1321 | val=4.7919
2026-04-13 23:58:10,567 [INFO] [Epoch 167] train_loss=6.1303
2026-04-13 23:58:10,961 [INFO] [Epoch 167] val_loss=4.7916
2026-04-13 23:58:10,966 [INFO] Epoch 167 | train=6.1303 | val=4.7916
2026-04-13 23:58:17,623 [INFO] [Epoch 168] train_loss=6.1275
2026-04-13 23:58:18,009 [INFO] [Epoch 168] val_loss=4.7926
2026-04-13 23:58:18,014 [INFO] Epoch 168 | train=6.1275 | val=4.7926
2026-04-13 23:58:24,749 [INFO] [Epoch 169] train_loss=6.1255
2026-04-13 23:58:25,128 [INFO] [Epoch 169] val_loss=4.7898
2026-04-13 23:58:25,132 [INFO] Epoch 169 | train=6.1255 | val=4.7898
2026-04-13 23:58:31,806 [INFO] [Epoch 170] train_loss=6.1234
2026-04-13 23:58:32,201 [INFO] [Epoch 170] val_loss=4.7891
2026-04-13 23:58:32,206 [INFO] Epoch 170 | train=6.1234 | val=4.7891
2026-04-13 23:58:38,866 [INFO] [Epoch 171] train_loss=6.1203
2026-04-13 23:58:39,253 [INFO] [Epoch 171] val_loss=4.7778
2026-04-13 23:58:39,258 [INFO] Epoch 171 | train=6.1203 | val=4.7778
2026-04-13 23:58:39,299 [INFO] Saved checkpoint (val=4.7778)
2026-04-13 23:58:45,924 [INFO] [Epoch 172] train_loss=6.1186
2026-04-13 23:58:46,303 [INFO] [Epoch 172] val_loss=4.7835
2026-04-13 23:58:46,308 [INFO] Epoch 172 | train=6.1186 | val=4.7835
2026-04-13 23:58:52,965 [INFO] [Epoch 173] train_loss=6.1167
2026-04-13 23:58:53,349 [INFO] [Epoch 173] val_loss=4.7893
2026-04-13 23:58:53,354 [INFO] Epoch 173 | train=6.1167 | val=4.7893
2026-04-13 23:59:00,033 [INFO] [Epoch 174] train_loss=6.1135
2026-04-13 23:59:00,418 [INFO] [Epoch 174] val_loss=4.7840
2026-04-13 23:59:00,423 [INFO] Epoch 174 | train=6.1135 | val=4.7840
2026-04-13 23:59:07,027 [INFO] [Epoch 175] train_loss=6.1135
2026-04-13 23:59:07,417 [INFO] [Epoch 175] val_loss=4.7788
2026-04-13 23:59:07,422 [INFO] Epoch 175 | train=6.1135 | val=4.7788
2026-04-13 23:59:14,132 [INFO] [Epoch 176] train_loss=6.1098
2026-04-13 23:59:14,519 [INFO] [Epoch 176] val_loss=4.7876
2026-04-13 23:59:14,525 [INFO] Epoch 176 | train=6.1098 | val=4.7876
2026-04-13 23:59:21,153 [INFO] [Epoch 177] train_loss=6.1071
2026-04-13 23:59:21,549 [INFO] [Epoch 177] val_loss=4.7790
2026-04-13 23:59:21,554 [INFO] Epoch 177 | train=6.1071 | val=4.7790
2026-04-13 23:59:28,237 [INFO] [Epoch 178] train_loss=6.1057
2026-04-13 23:59:28,625 [INFO] [Epoch 178] val_loss=4.7784
2026-04-13 23:59:28,630 [INFO] Epoch 178 | train=6.1057 | val=4.7784
2026-04-13 23:59:35,304 [INFO] [Epoch 179] train_loss=6.1028
2026-04-13 23:59:35,679 [INFO] [Epoch 179] val_loss=4.7747
2026-04-13 23:59:35,684 [INFO] Epoch 179 | train=6.1028 | val=4.7747
2026-04-13 23:59:35,727 [INFO] Saved checkpoint (val=4.7747)
2026-04-13 23:59:42,429 [INFO] [Epoch 180] train_loss=6.1023
2026-04-13 23:59:42,816 [INFO] [Epoch 180] val_loss=4.7725
2026-04-13 23:59:42,821 [INFO] Epoch 180 | train=6.1023 | val=4.7725
2026-04-13 23:59:42,861 [INFO] Saved checkpoint (val=4.7725)
2026-04-13 23:59:49,581 [INFO] [Epoch 181] train_loss=6.0986
2026-04-13 23:59:49,966 [INFO] [Epoch 181] val_loss=4.7812
2026-04-13 23:59:49,971 [INFO] Epoch 181 | train=6.0986 | val=4.7812
2026-04-13 23:59:56,702 [INFO] [Epoch 182] train_loss=6.0969
2026-04-13 23:59:57,084 [INFO] [Epoch 182] val_loss=4.7739
2026-04-13 23:59:57,088 [INFO] Epoch 182 | train=6.0969 | val=4.7739
2026-04-14 00:00:04,132 [INFO] [Epoch 183] train_loss=6.0946
2026-04-14 00:00:04,521 [INFO] [Epoch 183] val_loss=4.7836
2026-04-14 00:00:04,525 [INFO] Epoch 183 | train=6.0946 | val=4.7836
2026-04-14 00:00:11,246 [INFO] [Epoch 184] train_loss=6.0926
2026-04-14 00:00:11,639 [INFO] [Epoch 184] val_loss=4.7855
2026-04-14 00:00:11,644 [INFO] Epoch 184 | train=6.0926 | val=4.7855
2026-04-14 00:00:18,296 [INFO] [Epoch 185] train_loss=6.0907
2026-04-14 00:00:18,685 [INFO] [Epoch 185] val_loss=4.7769
2026-04-14 00:00:18,690 [INFO] Epoch 185 | train=6.0907 | val=4.7769
2026-04-14 00:00:25,627 [INFO] [Epoch 186] train_loss=6.0887
2026-04-14 00:00:26,015 [INFO] [Epoch 186] val_loss=4.7764
2026-04-14 00:00:26,020 [INFO] Epoch 186 | train=6.0887 | val=4.7764
2026-04-14 00:00:32,680 [INFO] [Epoch 187] train_loss=6.0854
2026-04-14 00:00:33,065 [INFO] [Epoch 187] val_loss=4.7718
2026-04-14 00:00:33,070 [INFO] Epoch 187 | train=6.0854 | val=4.7718
2026-04-14 00:00:33,111 [INFO] Saved checkpoint (val=4.7718)
2026-04-14 00:00:39,780 [INFO] [Epoch 188] train_loss=6.0841
2026-04-14 00:00:40,172 [INFO] [Epoch 188] val_loss=4.7791
2026-04-14 00:00:40,176 [INFO] Epoch 188 | train=6.0841 | val=4.7791
2026-04-14 00:00:47,249 [INFO] [Epoch 189] train_loss=6.0821
2026-04-14 00:00:47,641 [INFO] [Epoch 189] val_loss=4.7810
2026-04-14 00:00:47,646 [INFO] Epoch 189 | train=6.0821 | val=4.7810
2026-04-14 00:00:54,306 [INFO] [Epoch 190] train_loss=6.0801
2026-04-14 00:00:54,695 [INFO] [Epoch 190] val_loss=4.7762
2026-04-14 00:00:54,700 [INFO] Epoch 190 | train=6.0801 | val=4.7762
2026-04-14 00:01:01,369 [INFO] [Epoch 191] train_loss=6.0782
2026-04-14 00:01:01,742 [INFO] [Epoch 191] val_loss=4.7689
2026-04-14 00:01:01,748 [INFO] Epoch 191 | train=6.0782 | val=4.7689
2026-04-14 00:01:01,789 [INFO] Saved checkpoint (val=4.7689)
2026-04-14 00:01:08,828 [INFO] [Epoch 192] train_loss=6.0761
2026-04-14 00:01:09,218 [INFO] [Epoch 192] val_loss=4.7812
2026-04-14 00:01:09,223 [INFO] Epoch 192 | train=6.0761 | val=4.7812
2026-04-14 00:01:16,273 [INFO] [Epoch 193] train_loss=6.0748
2026-04-14 00:01:16,669 [INFO] [Epoch 193] val_loss=4.7727
2026-04-14 00:01:16,674 [INFO] Epoch 193 | train=6.0748 | val=4.7727
2026-04-14 00:01:23,437 [INFO] [Epoch 194] train_loss=6.0725
2026-04-14 00:01:23,828 [INFO] [Epoch 194] val_loss=4.7652
2026-04-14 00:01:23,833 [INFO] Epoch 194 | train=6.0725 | val=4.7652
2026-04-14 00:01:23,860 [INFO] Saved checkpoint (val=4.7652)
2026-04-14 00:01:30,678 [INFO] [Epoch 195] train_loss=6.0705
2026-04-14 00:01:31,067 [INFO] [Epoch 195] val_loss=4.7679
2026-04-14 00:01:31,072 [INFO] Epoch 195 | train=6.0705 | val=4.7679
2026-04-14 00:01:37,729 [INFO] [Epoch 196] train_loss=6.0701
2026-04-14 00:01:38,115 [INFO] [Epoch 196] val_loss=4.7695
2026-04-14 00:01:38,120 [INFO] Epoch 196 | train=6.0701 | val=4.7695
2026-04-14 00:01:44,759 [INFO] [Epoch 197] train_loss=6.0664
2026-04-14 00:01:45,145 [INFO] [Epoch 197] val_loss=4.7710
2026-04-14 00:01:45,150 [INFO] Epoch 197 | train=6.0664 | val=4.7710
2026-04-14 00:01:51,966 [INFO] [Epoch 198] train_loss=6.0643
2026-04-14 00:01:52,355 [INFO] [Epoch 198] val_loss=4.7785
2026-04-14 00:01:52,360 [INFO] Epoch 198 | train=6.0643 | val=4.7785
2026-04-14 00:01:59,220 [INFO] [Epoch 199] train_loss=6.0621
2026-04-14 00:01:59,616 [INFO] [Epoch 199] val_loss=4.7752
2026-04-14 00:01:59,621 [INFO] Epoch 199 | train=6.0621 | val=4.7752
2026-04-14 00:02:06,312 [INFO] [Epoch 200] train_loss=6.0599
2026-04-14 00:02:06,703 [INFO] [Epoch 200] val_loss=4.7796
2026-04-14 00:02:06,708 [INFO] Epoch 200 | train=6.0599 | val=4.7796
2026-04-14 00:02:13,855 [INFO] [Epoch 201] train_loss=6.0592
2026-04-14 00:02:14,241 [INFO] [Epoch 201] val_loss=4.7769
2026-04-14 00:02:14,246 [INFO] Epoch 201 | train=6.0592 | val=4.7769
2026-04-14 00:02:20,938 [INFO] [Epoch 202] train_loss=6.0572
2026-04-14 00:02:21,324 [INFO] [Epoch 202] val_loss=4.7677
2026-04-14 00:02:21,329 [INFO] Epoch 202 | train=6.0572 | val=4.7677
2026-04-14 00:02:27,955 [INFO] [Epoch 203] train_loss=6.0541
2026-04-14 00:02:28,340 [INFO] [Epoch 203] val_loss=4.7726
2026-04-14 00:02:28,345 [INFO] Epoch 203 | train=6.0541 | val=4.7726
2026-04-14 00:02:35,193 [INFO] [Epoch 204] train_loss=6.0519
2026-04-14 00:02:35,584 [INFO] [Epoch 204] val_loss=4.7640
2026-04-14 00:02:35,588 [INFO] Epoch 204 | train=6.0519 | val=4.7640
2026-04-14 00:02:35,628 [INFO] Saved checkpoint (val=4.7640)
2026-04-14 00:02:42,342 [INFO] [Epoch 205] train_loss=6.0515
2026-04-14 00:02:42,728 [INFO] [Epoch 205] val_loss=4.7788
2026-04-14 00:02:42,734 [INFO] Epoch 205 | train=6.0515 | val=4.7788
2026-04-14 00:02:49,465 [INFO] [Epoch 206] train_loss=6.0496
2026-04-14 00:02:49,843 [INFO] [Epoch 206] val_loss=4.7689
2026-04-14 00:02:49,848 [INFO] Epoch 206 | train=6.0496 | val=4.7689
2026-04-14 00:02:56,916 [INFO] [Epoch 207] train_loss=6.0473
2026-04-14 00:02:57,304 [INFO] [Epoch 207] val_loss=4.7774
2026-04-14 00:02:57,309 [INFO] Epoch 207 | train=6.0473 | val=4.7774
2026-04-14 00:03:03,993 [INFO] [Epoch 208] train_loss=6.0448
2026-04-14 00:03:04,386 [INFO] [Epoch 208] val_loss=4.7706
2026-04-14 00:03:04,391 [INFO] Epoch 208 | train=6.0448 | val=4.7706
2026-04-14 00:03:11,321 [INFO] [Epoch 209] train_loss=6.0426
2026-04-14 00:03:11,703 [INFO] [Epoch 209] val_loss=4.7673
2026-04-14 00:03:11,707 [INFO] Epoch 209 | train=6.0426 | val=4.7673
2026-04-14 00:03:18,334 [INFO] [Epoch 210] train_loss=6.0423
2026-04-14 00:03:18,723 [INFO] [Epoch 210] val_loss=4.7820
2026-04-14 00:03:18,728 [INFO] Epoch 210 | train=6.0423 | val=4.7820
2026-04-14 00:03:25,396 [INFO] [Epoch 211] train_loss=6.0408
2026-04-14 00:03:25,784 [INFO] [Epoch 211] val_loss=4.7818
2026-04-14 00:03:25,788 [INFO] Epoch 211 | train=6.0408 | val=4.7818
2026-04-14 00:03:32,469 [INFO] [Epoch 212] train_loss=6.0369
2026-04-14 00:03:32,861 [INFO] [Epoch 212] val_loss=4.7665
2026-04-14 00:03:32,866 [INFO] Epoch 212 | train=6.0369 | val=4.7665
2026-04-14 00:03:39,472 [INFO] [Epoch 213] train_loss=6.0363
2026-04-14 00:03:39,857 [INFO] [Epoch 213] val_loss=4.7641
2026-04-14 00:03:39,862 [INFO] Epoch 213 | train=6.0363 | val=4.7641
2026-04-14 00:03:46,515 [INFO] [Epoch 214] train_loss=6.0339
2026-04-14 00:03:46,908 [INFO] [Epoch 214] val_loss=4.7667
2026-04-14 00:03:46,913 [INFO] Epoch 214 | train=6.0339 | val=4.7667
