2026-04-13 22:17:38,952 [INFO] Logging to logs/open_clip__txt-open_clip__loc-satclip__tproj-linear__lproj-none__loss-clip.log
2026-04-13 22:17:38,953 [INFO] Checkpoints directory: /home/libe2152/outputs/explainable-earth-embeddings/open_clip/txt-open_clip__loc-satclip__tproj-linear__lproj-none__loss-clip
2026-04-13 22:17:44,129 [INFO] Loaded dataset from /home/libe2152/data/skyscript/satclip/open_clip/
2026-04-13 22:17:44,130 [INFO] Train size=341661, Val size=715
2026-04-13 22:17:44,136 [INFO] Using text encoder=open_clip, location encoder=satclip
2026-04-13 22:17:44,709 [INFO] Loss: clip
2026-04-13 22:17:44,709 [INFO] LR=0.0001, weight_decay=0.01
2026-04-13 22:17:51,759 [INFO] [Epoch 0] train_loss=8.1303
2026-04-13 22:17:52,139 [INFO] [Epoch 0] val_loss=6.1933
2026-04-13 22:17:52,144 [INFO] Epoch 0 | train=8.1303 | val=6.1933
2026-04-13 22:17:52,161 [INFO] Saved checkpoint (val=6.1933)
2026-04-13 22:17:58,907 [INFO] [Epoch 1] train_loss=7.8212
2026-04-13 22:17:59,294 [INFO] [Epoch 1] val_loss=5.9626
2026-04-13 22:17:59,299 [INFO] Epoch 1 | train=7.8212 | val=5.9626
2026-04-13 22:17:59,314 [INFO] Saved checkpoint (val=5.9626)
2026-04-13 22:18:05,958 [INFO] [Epoch 2] train_loss=7.6560
2026-04-13 22:18:06,327 [INFO] [Epoch 2] val_loss=5.8458
2026-04-13 22:18:06,332 [INFO] Epoch 2 | train=7.6560 | val=5.8458
2026-04-13 22:18:06,346 [INFO] Saved checkpoint (val=5.8458)
2026-04-13 22:18:12,982 [INFO] [Epoch 3] train_loss=7.5666
2026-04-13 22:18:13,340 [INFO] [Epoch 3] val_loss=5.7809
2026-04-13 22:18:13,344 [INFO] Epoch 3 | train=7.5666 | val=5.7809
2026-04-13 22:18:13,359 [INFO] Saved checkpoint (val=5.7809)
2026-04-13 22:18:19,903 [INFO] [Epoch 4] train_loss=7.5072
2026-04-13 22:18:20,279 [INFO] [Epoch 4] val_loss=5.7336
2026-04-13 22:18:20,284 [INFO] Epoch 4 | train=7.5072 | val=5.7336
2026-04-13 22:18:20,298 [INFO] Saved checkpoint (val=5.7336)
2026-04-13 22:18:26,913 [INFO] [Epoch 5] train_loss=7.4636
2026-04-13 22:18:27,294 [INFO] [Epoch 5] val_loss=5.7033
2026-04-13 22:18:27,299 [INFO] Epoch 5 | train=7.4636 | val=5.7033
2026-04-13 22:18:27,313 [INFO] Saved checkpoint (val=5.7033)
2026-04-13 22:18:34,018 [INFO] [Epoch 6] train_loss=7.4289
2026-04-13 22:18:34,383 [INFO] [Epoch 6] val_loss=5.6776
2026-04-13 22:18:34,388 [INFO] Epoch 6 | train=7.4289 | val=5.6776
2026-04-13 22:18:34,402 [INFO] Saved checkpoint (val=5.6776)
2026-04-13 22:18:41,135 [INFO] [Epoch 7] train_loss=7.4012
2026-04-13 22:18:41,503 [INFO] [Epoch 7] val_loss=5.6489
2026-04-13 22:18:41,508 [INFO] Epoch 7 | train=7.4012 | val=5.6489
2026-04-13 22:18:41,523 [INFO] Saved checkpoint (val=5.6489)
2026-04-13 22:18:48,233 [INFO] [Epoch 8] train_loss=7.3776
2026-04-13 22:18:48,601 [INFO] [Epoch 8] val_loss=5.6330
2026-04-13 22:18:48,606 [INFO] Epoch 8 | train=7.3776 | val=5.6330
2026-04-13 22:18:48,619 [INFO] Saved checkpoint (val=5.6330)
2026-04-13 22:18:55,429 [INFO] [Epoch 9] train_loss=7.3574
2026-04-13 22:18:55,806 [INFO] [Epoch 9] val_loss=5.6146
2026-04-13 22:18:55,810 [INFO] Epoch 9 | train=7.3574 | val=5.6146
2026-04-13 22:18:55,826 [INFO] Saved checkpoint (val=5.6146)
2026-04-13 22:19:02,475 [INFO] [Epoch 10] train_loss=7.3398
2026-04-13 22:19:02,847 [INFO] [Epoch 10] val_loss=5.6013
2026-04-13 22:19:02,853 [INFO] Epoch 10 | train=7.3398 | val=5.6013
2026-04-13 22:19:02,867 [INFO] Saved checkpoint (val=5.6013)
2026-04-13 22:19:09,854 [INFO] [Epoch 11] train_loss=7.3237
2026-04-13 22:19:10,225 [INFO] [Epoch 11] val_loss=5.5850
2026-04-13 22:19:10,229 [INFO] Epoch 11 | train=7.3237 | val=5.5850
2026-04-13 22:19:10,243 [INFO] Saved checkpoint (val=5.5850)
2026-04-13 22:19:17,109 [INFO] [Epoch 12] train_loss=7.3100
2026-04-13 22:19:17,479 [INFO] [Epoch 12] val_loss=5.5770
2026-04-13 22:19:17,481 [INFO] Epoch 12 | train=7.3100 | val=5.5770
2026-04-13 22:19:17,487 [INFO] Saved checkpoint (val=5.5770)
2026-04-13 22:19:24,183 [INFO] [Epoch 13] train_loss=7.2973
2026-04-13 22:19:24,554 [INFO] [Epoch 13] val_loss=5.5662
2026-04-13 22:19:24,559 [INFO] Epoch 13 | train=7.2973 | val=5.5662
2026-04-13 22:19:24,573 [INFO] Saved checkpoint (val=5.5662)
2026-04-13 22:19:31,224 [INFO] [Epoch 14] train_loss=7.2856
2026-04-13 22:19:31,598 [INFO] [Epoch 14] val_loss=5.5567
2026-04-13 22:19:31,603 [INFO] Epoch 14 | train=7.2856 | val=5.5567
2026-04-13 22:19:31,618 [INFO] Saved checkpoint (val=5.5567)
2026-04-13 22:19:38,245 [INFO] [Epoch 15] train_loss=7.2754
2026-04-13 22:19:38,622 [INFO] [Epoch 15] val_loss=5.5488
2026-04-13 22:19:38,627 [INFO] Epoch 15 | train=7.2754 | val=5.5488
2026-04-13 22:19:38,640 [INFO] Saved checkpoint (val=5.5488)
2026-04-13 22:19:45,234 [INFO] [Epoch 16] train_loss=7.2653
2026-04-13 22:19:45,597 [INFO] [Epoch 16] val_loss=5.5368
2026-04-13 22:19:45,602 [INFO] Epoch 16 | train=7.2653 | val=5.5368
2026-04-13 22:19:45,615 [INFO] Saved checkpoint (val=5.5368)
2026-04-13 22:19:52,278 [INFO] [Epoch 17] train_loss=7.2565
2026-04-13 22:19:52,655 [INFO] [Epoch 17] val_loss=5.5325
2026-04-13 22:19:52,660 [INFO] Epoch 17 | train=7.2565 | val=5.5325
2026-04-13 22:19:52,674 [INFO] Saved checkpoint (val=5.5325)
2026-04-13 22:19:59,479 [INFO] [Epoch 18] train_loss=7.2482
2026-04-13 22:19:59,848 [INFO] [Epoch 18] val_loss=5.5257
2026-04-13 22:19:59,853 [INFO] Epoch 18 | train=7.2482 | val=5.5257
2026-04-13 22:19:59,867 [INFO] Saved checkpoint (val=5.5257)
2026-04-13 22:20:06,481 [INFO] [Epoch 19] train_loss=7.2400
2026-04-13 22:20:06,853 [INFO] [Epoch 19] val_loss=5.5220
2026-04-13 22:20:06,858 [INFO] Epoch 19 | train=7.2400 | val=5.5220
2026-04-13 22:20:06,873 [INFO] Saved checkpoint (val=5.5220)
2026-04-13 22:20:13,700 [INFO] [Epoch 20] train_loss=7.2328
2026-04-13 22:20:14,059 [INFO] [Epoch 20] val_loss=5.5164
2026-04-13 22:20:14,064 [INFO] Epoch 20 | train=7.2328 | val=5.5164
2026-04-13 22:20:14,079 [INFO] Saved checkpoint (val=5.5164)
2026-04-13 22:20:20,799 [INFO] [Epoch 21] train_loss=7.2260
2026-04-13 22:20:21,168 [INFO] [Epoch 21] val_loss=5.5128
2026-04-13 22:20:21,173 [INFO] Epoch 21 | train=7.2260 | val=5.5128
2026-04-13 22:20:21,187 [INFO] Saved checkpoint (val=5.5128)
2026-04-13 22:20:27,900 [INFO] [Epoch 22] train_loss=7.2196
2026-04-13 22:20:28,269 [INFO] [Epoch 22] val_loss=5.5025
2026-04-13 22:20:28,273 [INFO] Epoch 22 | train=7.2196 | val=5.5025
2026-04-13 22:20:28,288 [INFO] Saved checkpoint (val=5.5025)
2026-04-13 22:20:34,987 [INFO] [Epoch 23] train_loss=7.2136
2026-04-13 22:20:35,360 [INFO] [Epoch 23] val_loss=5.5011
2026-04-13 22:20:35,365 [INFO] Epoch 23 | train=7.2136 | val=5.5011
2026-04-13 22:20:35,380 [INFO] Saved checkpoint (val=5.5011)
2026-04-13 22:20:42,295 [INFO] [Epoch 24] train_loss=7.2071
2026-04-13 22:20:42,674 [INFO] [Epoch 24] val_loss=5.4977
2026-04-13 22:20:42,679 [INFO] Epoch 24 | train=7.2071 | val=5.4977
2026-04-13 22:20:42,695 [INFO] Saved checkpoint (val=5.4977)
2026-04-13 22:20:49,508 [INFO] [Epoch 25] train_loss=7.2014
2026-04-13 22:20:49,883 [INFO] [Epoch 25] val_loss=5.4935
2026-04-13 22:20:49,888 [INFO] Epoch 25 | train=7.2014 | val=5.4935
2026-04-13 22:20:49,902 [INFO] Saved checkpoint (val=5.4935)
2026-04-13 22:20:56,879 [INFO] [Epoch 26] train_loss=7.1959
2026-04-13 22:20:57,249 [INFO] [Epoch 26] val_loss=5.4873
2026-04-13 22:20:57,255 [INFO] Epoch 26 | train=7.1959 | val=5.4873
2026-04-13 22:20:57,269 [INFO] Saved checkpoint (val=5.4873)
2026-04-13 22:21:04,147 [INFO] [Epoch 27] train_loss=7.1912
2026-04-13 22:21:04,526 [INFO] [Epoch 27] val_loss=5.4827
2026-04-13 22:21:04,531 [INFO] Epoch 27 | train=7.1912 | val=5.4827
2026-04-13 22:21:04,545 [INFO] Saved checkpoint (val=5.4827)
2026-04-13 22:21:11,433 [INFO] [Epoch 28] train_loss=7.1868
2026-04-13 22:21:11,796 [INFO] [Epoch 28] val_loss=5.4787
2026-04-13 22:21:11,801 [INFO] Epoch 28 | train=7.1868 | val=5.4787
2026-04-13 22:21:11,817 [INFO] Saved checkpoint (val=5.4787)
2026-04-13 22:21:18,589 [INFO] [Epoch 29] train_loss=7.1816
2026-04-13 22:21:18,954 [INFO] [Epoch 29] val_loss=5.4754
2026-04-13 22:21:18,959 [INFO] Epoch 29 | train=7.1816 | val=5.4754
2026-04-13 22:21:18,974 [INFO] Saved checkpoint (val=5.4754)
2026-04-13 22:21:25,779 [INFO] [Epoch 30] train_loss=7.1772
2026-04-13 22:21:26,150 [INFO] [Epoch 30] val_loss=5.4746
2026-04-13 22:21:26,155 [INFO] Epoch 30 | train=7.1772 | val=5.4746
2026-04-13 22:21:26,169 [INFO] Saved checkpoint (val=5.4746)
2026-04-13 22:21:32,950 [INFO] [Epoch 31] train_loss=7.1726
2026-04-13 22:21:33,319 [INFO] [Epoch 31] val_loss=5.4728
2026-04-13 22:21:33,324 [INFO] Epoch 31 | train=7.1726 | val=5.4728
2026-04-13 22:21:33,341 [INFO] Saved checkpoint (val=5.4728)
2026-04-13 22:21:40,318 [INFO] [Epoch 32] train_loss=7.1685
2026-04-13 22:21:40,691 [INFO] [Epoch 32] val_loss=5.4661
2026-04-13 22:21:40,696 [INFO] Epoch 32 | train=7.1685 | val=5.4661
2026-04-13 22:21:40,711 [INFO] Saved checkpoint (val=5.4661)
2026-04-13 22:21:47,696 [INFO] [Epoch 33] train_loss=7.1639
2026-04-13 22:21:48,066 [INFO] [Epoch 33] val_loss=5.4623
2026-04-13 22:21:48,071 [INFO] Epoch 33 | train=7.1639 | val=5.4623
2026-04-13 22:21:48,086 [INFO] Saved checkpoint (val=5.4623)
2026-04-13 22:21:54,980 [INFO] [Epoch 34] train_loss=7.1606
2026-04-13 22:21:55,357 [INFO] [Epoch 34] val_loss=5.4619
2026-04-13 22:21:55,362 [INFO] Epoch 34 | train=7.1606 | val=5.4619
2026-04-13 22:21:55,375 [INFO] Saved checkpoint (val=5.4619)
2026-04-13 22:22:02,311 [INFO] [Epoch 35] train_loss=7.1566
2026-04-13 22:22:02,690 [INFO] [Epoch 35] val_loss=5.4585
2026-04-13 22:22:02,695 [INFO] Epoch 35 | train=7.1566 | val=5.4585
2026-04-13 22:22:02,709 [INFO] Saved checkpoint (val=5.4585)
2026-04-13 22:22:09,549 [INFO] [Epoch 36] train_loss=7.1526
2026-04-13 22:22:09,934 [INFO] [Epoch 36] val_loss=5.4578
2026-04-13 22:22:09,938 [INFO] Epoch 36 | train=7.1526 | val=5.4578
2026-04-13 22:22:09,952 [INFO] Saved checkpoint (val=5.4578)
2026-04-13 22:22:17,340 [INFO] [Epoch 37] train_loss=7.1493
2026-04-13 22:22:17,713 [INFO] [Epoch 37] val_loss=5.4530
2026-04-13 22:22:17,718 [INFO] Epoch 37 | train=7.1493 | val=5.4530
2026-04-13 22:22:17,732 [INFO] Saved checkpoint (val=5.4530)
2026-04-13 22:22:24,551 [INFO] [Epoch 38] train_loss=7.1458
2026-04-13 22:22:24,925 [INFO] [Epoch 38] val_loss=5.4520
2026-04-13 22:22:24,930 [INFO] Epoch 38 | train=7.1458 | val=5.4520
2026-04-13 22:22:24,945 [INFO] Saved checkpoint (val=5.4520)
2026-04-13 22:22:31,747 [INFO] [Epoch 39] train_loss=7.1418
2026-04-13 22:22:32,120 [INFO] [Epoch 39] val_loss=5.4485
2026-04-13 22:22:32,125 [INFO] Epoch 39 | train=7.1418 | val=5.4485
2026-04-13 22:22:32,139 [INFO] Saved checkpoint (val=5.4485)
2026-04-13 22:22:38,937 [INFO] [Epoch 40] train_loss=7.1384
2026-04-13 22:22:39,307 [INFO] [Epoch 40] val_loss=5.4442
2026-04-13 22:22:39,312 [INFO] Epoch 40 | train=7.1384 | val=5.4442
2026-04-13 22:22:39,328 [INFO] Saved checkpoint (val=5.4442)
2026-04-13 22:22:46,280 [INFO] [Epoch 41] train_loss=7.1353
2026-04-13 22:22:46,653 [INFO] [Epoch 41] val_loss=5.4430
2026-04-13 22:22:46,658 [INFO] Epoch 41 | train=7.1353 | val=5.4430
2026-04-13 22:22:46,673 [INFO] Saved checkpoint (val=5.4430)
2026-04-13 22:22:53,561 [INFO] [Epoch 42] train_loss=7.1324
2026-04-13 22:22:53,934 [INFO] [Epoch 42] val_loss=5.4417
2026-04-13 22:22:53,939 [INFO] Epoch 42 | train=7.1324 | val=5.4417
2026-04-13 22:22:53,955 [INFO] Saved checkpoint (val=5.4417)
2026-04-13 22:23:00,950 [INFO] [Epoch 43] train_loss=7.1293
2026-04-13 22:23:01,319 [INFO] [Epoch 43] val_loss=5.4399
2026-04-13 22:23:01,323 [INFO] Epoch 43 | train=7.1293 | val=5.4399
2026-04-13 22:23:01,338 [INFO] Saved checkpoint (val=5.4399)
2026-04-13 22:23:08,383 [INFO] [Epoch 44] train_loss=7.1258
2026-04-13 22:23:08,748 [INFO] [Epoch 44] val_loss=5.4408
2026-04-13 22:23:08,753 [INFO] Epoch 44 | train=7.1258 | val=5.4408
2026-04-13 22:23:15,515 [INFO] [Epoch 45] train_loss=7.1228
2026-04-13 22:23:15,898 [INFO] [Epoch 45] val_loss=5.4328
2026-04-13 22:23:15,903 [INFO] Epoch 45 | train=7.1228 | val=5.4328
2026-04-13 22:23:15,917 [INFO] Saved checkpoint (val=5.4328)
2026-04-13 22:23:22,683 [INFO] [Epoch 46] train_loss=7.1198
2026-04-13 22:23:23,060 [INFO] [Epoch 46] val_loss=5.4310
2026-04-13 22:23:23,065 [INFO] Epoch 46 | train=7.1198 | val=5.4310
2026-04-13 22:23:23,079 [INFO] Saved checkpoint (val=5.4310)
2026-04-13 22:23:29,849 [INFO] [Epoch 47] train_loss=7.1179
2026-04-13 22:23:30,229 [INFO] [Epoch 47] val_loss=5.4320
2026-04-13 22:23:30,234 [INFO] Epoch 47 | train=7.1179 | val=5.4320
2026-04-13 22:23:37,314 [INFO] [Epoch 48] train_loss=7.1141
2026-04-13 22:23:37,683 [INFO] [Epoch 48] val_loss=5.4265
2026-04-13 22:23:37,688 [INFO] Epoch 48 | train=7.1141 | val=5.4265
2026-04-13 22:23:37,708 [INFO] Saved checkpoint (val=5.4265)
2026-04-13 22:23:44,409 [INFO] [Epoch 49] train_loss=7.1114
2026-04-13 22:23:44,783 [INFO] [Epoch 49] val_loss=5.4283
2026-04-13 22:23:44,788 [INFO] Epoch 49 | train=7.1114 | val=5.4283
2026-04-13 22:23:51,521 [INFO] [Epoch 50] train_loss=7.1091
2026-04-13 22:23:51,884 [INFO] [Epoch 50] val_loss=5.4229
2026-04-13 22:23:51,889 [INFO] Epoch 50 | train=7.1091 | val=5.4229
2026-04-13 22:23:51,904 [INFO] Saved checkpoint (val=5.4229)
2026-04-13 22:23:59,022 [INFO] [Epoch 51] train_loss=7.1064
2026-04-13 22:23:59,412 [INFO] [Epoch 51] val_loss=5.4191
2026-04-13 22:23:59,417 [INFO] Epoch 51 | train=7.1064 | val=5.4191
2026-04-13 22:23:59,431 [INFO] Saved checkpoint (val=5.4191)
2026-04-13 22:24:06,152 [INFO] [Epoch 52] train_loss=7.1040
2026-04-13 22:24:06,517 [INFO] [Epoch 52] val_loss=5.4213
2026-04-13 22:24:06,522 [INFO] Epoch 52 | train=7.1040 | val=5.4213
2026-04-13 22:24:13,337 [INFO] [Epoch 53] train_loss=7.1010
2026-04-13 22:24:13,710 [INFO] [Epoch 53] val_loss=5.4166
2026-04-13 22:24:13,715 [INFO] Epoch 53 | train=7.1010 | val=5.4166
2026-04-13 22:24:13,731 [INFO] Saved checkpoint (val=5.4166)
2026-04-13 22:24:20,447 [INFO] [Epoch 54] train_loss=7.0981
2026-04-13 22:24:20,822 [INFO] [Epoch 54] val_loss=5.4178
2026-04-13 22:24:20,827 [INFO] Epoch 54 | train=7.0981 | val=5.4178
2026-04-13 22:24:27,743 [INFO] [Epoch 55] train_loss=7.0958
2026-04-13 22:24:28,116 [INFO] [Epoch 55] val_loss=5.4140
2026-04-13 22:24:28,121 [INFO] Epoch 55 | train=7.0958 | val=5.4140
2026-04-13 22:24:28,135 [INFO] Saved checkpoint (val=5.4140)
2026-04-13 22:24:34,892 [INFO] [Epoch 56] train_loss=7.0936
2026-04-13 22:24:35,263 [INFO] [Epoch 56] val_loss=5.4155
2026-04-13 22:24:35,265 [INFO] Epoch 56 | train=7.0936 | val=5.4155
2026-04-13 22:24:42,709 [INFO] [Epoch 57] train_loss=7.0912
2026-04-13 22:24:43,087 [INFO] [Epoch 57] val_loss=5.4103
2026-04-13 22:24:43,091 [INFO] Epoch 57 | train=7.0912 | val=5.4103
2026-04-13 22:24:43,098 [INFO] Saved checkpoint (val=5.4103)
2026-04-13 22:24:49,805 [INFO] [Epoch 58] train_loss=7.0889
2026-04-13 22:24:50,185 [INFO] [Epoch 58] val_loss=5.4068
2026-04-13 22:24:50,190 [INFO] Epoch 58 | train=7.0889 | val=5.4068
2026-04-13 22:24:50,205 [INFO] Saved checkpoint (val=5.4068)
2026-04-13 22:24:57,740 [INFO] [Epoch 59] train_loss=7.0870
2026-04-13 22:24:58,128 [INFO] [Epoch 59] val_loss=5.4045
2026-04-13 22:24:58,132 [INFO] Epoch 59 | train=7.0870 | val=5.4045
2026-04-13 22:24:58,146 [INFO] Saved checkpoint (val=5.4045)
2026-04-13 22:25:06,474 [INFO] [Epoch 60] train_loss=7.0844
2026-04-13 22:25:07,141 [INFO] [Epoch 60] val_loss=5.4050
2026-04-13 22:25:07,146 [INFO] Epoch 60 | train=7.0844 | val=5.4050
2026-04-13 22:25:19,966 [INFO] [Epoch 61] train_loss=7.0819
2026-04-13 22:25:20,452 [INFO] [Epoch 61] val_loss=5.4059
2026-04-13 22:25:20,467 [INFO] Epoch 61 | train=7.0819 | val=5.4059
2026-04-13 22:25:33,521 [INFO] [Epoch 62] train_loss=7.0804
2026-04-13 22:25:34,305 [INFO] [Epoch 62] val_loss=5.4044
2026-04-13 22:25:34,308 [INFO] Epoch 62 | train=7.0804 | val=5.4044
2026-04-13 22:25:34,329 [INFO] Saved checkpoint (val=5.4044)
2026-04-13 22:25:47,867 [INFO] [Epoch 63] train_loss=7.0778
2026-04-13 22:25:48,256 [INFO] [Epoch 63] val_loss=5.3990
2026-04-13 22:25:48,261 [INFO] Epoch 63 | train=7.0778 | val=5.3990
2026-04-13 22:25:48,276 [INFO] Saved checkpoint (val=5.3990)
2026-04-13 22:26:01,312 [INFO] [Epoch 64] train_loss=7.0750
2026-04-13 22:26:01,852 [INFO] [Epoch 64] val_loss=5.3986
2026-04-13 22:26:01,874 [INFO] Epoch 64 | train=7.0750 | val=5.3986
2026-04-13 22:26:01,906 [INFO] Saved checkpoint (val=5.3986)
2026-04-13 22:26:15,275 [INFO] [Epoch 65] train_loss=7.0728
2026-04-13 22:26:15,815 [INFO] [Epoch 65] val_loss=5.3970
2026-04-13 22:26:15,817 [INFO] Epoch 65 | train=7.0728 | val=5.3970
2026-04-13 22:26:15,842 [INFO] Saved checkpoint (val=5.3970)
2026-04-13 22:26:28,942 [INFO] [Epoch 66] train_loss=7.0707
2026-04-13 22:26:29,583 [INFO] [Epoch 66] val_loss=5.3933
2026-04-13 22:26:29,593 [INFO] Epoch 66 | train=7.0707 | val=5.3933
2026-04-13 22:26:29,610 [INFO] Saved checkpoint (val=5.3933)
2026-04-13 22:26:42,851 [INFO] [Epoch 67] train_loss=7.0682
2026-04-13 22:26:43,331 [INFO] [Epoch 67] val_loss=5.3910
2026-04-13 22:26:43,338 [INFO] Epoch 67 | train=7.0682 | val=5.3910
2026-04-13 22:26:43,349 [INFO] Saved checkpoint (val=5.3910)
2026-04-13 22:26:56,149 [INFO] [Epoch 68] train_loss=7.0665
2026-04-13 22:26:56,974 [INFO] [Epoch 68] val_loss=5.3926
2026-04-13 22:26:56,979 [INFO] Epoch 68 | train=7.0665 | val=5.3926
2026-04-13 22:27:10,612 [INFO] [Epoch 69] train_loss=7.0648
2026-04-13 22:27:11,388 [INFO] [Epoch 69] val_loss=5.3903
2026-04-13 22:27:11,394 [INFO] Epoch 69 | train=7.0648 | val=5.3903
2026-04-13 22:27:11,408 [INFO] Saved checkpoint (val=5.3903)
2026-04-13 22:27:24,369 [INFO] [Epoch 70] train_loss=7.0628
2026-04-13 22:27:24,755 [INFO] [Epoch 70] val_loss=5.3914
2026-04-13 22:27:24,760 [INFO] Epoch 70 | train=7.0628 | val=5.3914
2026-04-13 22:27:37,749 [INFO] [Epoch 71] train_loss=7.0603
2026-04-13 22:27:38,670 [INFO] [Epoch 71] val_loss=5.3903
2026-04-13 22:27:38,680 [INFO] Epoch 71 | train=7.0603 | val=5.3903
2026-04-13 22:27:50,222 [INFO] [Epoch 72] train_loss=7.0585
2026-04-13 22:27:50,862 [INFO] [Epoch 72] val_loss=5.3839
2026-04-13 22:27:50,867 [INFO] Epoch 72 | train=7.0585 | val=5.3839
2026-04-13 22:27:50,898 [INFO] Saved checkpoint (val=5.3839)
2026-04-13 22:28:04,463 [INFO] [Epoch 73] train_loss=7.0560
2026-04-13 22:28:05,164 [INFO] [Epoch 73] val_loss=5.3855
2026-04-13 22:28:05,169 [INFO] Epoch 73 | train=7.0560 | val=5.3855
2026-04-13 22:28:19,213 [INFO] [Epoch 74] train_loss=7.0549
2026-04-13 22:28:19,613 [INFO] [Epoch 74] val_loss=5.3809
2026-04-13 22:28:19,618 [INFO] Epoch 74 | train=7.0549 | val=5.3809
2026-04-13 22:28:19,633 [INFO] Saved checkpoint (val=5.3809)
2026-04-13 22:28:32,058 [INFO] [Epoch 75] train_loss=7.0526
2026-04-13 22:28:32,484 [INFO] [Epoch 75] val_loss=5.3842
2026-04-13 22:28:32,490 [INFO] Epoch 75 | train=7.0526 | val=5.3842
2026-04-13 22:28:46,000 [INFO] [Epoch 76] train_loss=7.0509
2026-04-13 22:28:46,674 [INFO] [Epoch 76] val_loss=5.3775
2026-04-13 22:28:46,676 [INFO] Epoch 76 | train=7.0509 | val=5.3775
2026-04-13 22:28:46,684 [INFO] Saved checkpoint (val=5.3775)
2026-04-13 22:29:00,175 [INFO] [Epoch 77] train_loss=7.0488
2026-04-13 22:29:00,583 [INFO] [Epoch 77] val_loss=5.3795
2026-04-13 22:29:00,588 [INFO] Epoch 77 | train=7.0488 | val=5.3795
2026-04-13 22:29:14,063 [INFO] [Epoch 78] train_loss=7.0472
2026-04-13 22:29:14,741 [INFO] [Epoch 78] val_loss=5.3769
2026-04-13 22:29:14,745 [INFO] Epoch 78 | train=7.0472 | val=5.3769
2026-04-13 22:29:14,760 [INFO] Saved checkpoint (val=5.3769)
2026-04-13 22:29:26,925 [INFO] [Epoch 79] train_loss=7.0451
2026-04-13 22:29:27,306 [INFO] [Epoch 79] val_loss=5.3765
2026-04-13 22:29:27,311 [INFO] Epoch 79 | train=7.0451 | val=5.3765
2026-04-13 22:29:27,325 [INFO] Saved checkpoint (val=5.3765)
2026-04-13 22:29:34,145 [INFO] [Epoch 80] train_loss=7.0429
2026-04-13 22:29:34,518 [INFO] [Epoch 80] val_loss=5.3730
2026-04-13 22:29:34,523 [INFO] Epoch 80 | train=7.0429 | val=5.3730
2026-04-13 22:29:34,537 [INFO] Saved checkpoint (val=5.3730)
2026-04-13 22:29:41,755 [INFO] [Epoch 81] train_loss=7.0412
2026-04-13 22:29:42,129 [INFO] [Epoch 81] val_loss=5.3713
2026-04-13 22:29:42,134 [INFO] Epoch 81 | train=7.0412 | val=5.3713
2026-04-13 22:29:42,149 [INFO] Saved checkpoint (val=5.3713)
2026-04-13 22:29:48,997 [INFO] [Epoch 82] train_loss=7.0396
2026-04-13 22:29:49,375 [INFO] [Epoch 82] val_loss=5.3709
2026-04-13 22:29:49,379 [INFO] Epoch 82 | train=7.0396 | val=5.3709
2026-04-13 22:29:49,393 [INFO] Saved checkpoint (val=5.3709)
2026-04-13 22:29:56,585 [INFO] [Epoch 83] train_loss=7.0372
2026-04-13 22:29:56,956 [INFO] [Epoch 83] val_loss=5.3698
2026-04-13 22:29:56,959 [INFO] Epoch 83 | train=7.0372 | val=5.3698
2026-04-13 22:29:56,974 [INFO] Saved checkpoint (val=5.3698)
2026-04-13 22:30:04,001 [INFO] [Epoch 84] train_loss=7.0359
2026-04-13 22:30:04,393 [INFO] [Epoch 84] val_loss=5.3671
2026-04-13 22:30:04,398 [INFO] Epoch 84 | train=7.0359 | val=5.3671
2026-04-13 22:30:04,413 [INFO] Saved checkpoint (val=5.3671)
2026-04-13 22:30:11,583 [INFO] [Epoch 85] train_loss=7.0340
2026-04-13 22:30:11,947 [INFO] [Epoch 85] val_loss=5.3608
2026-04-13 22:30:11,952 [INFO] Epoch 85 | train=7.0340 | val=5.3608
2026-04-13 22:30:11,966 [INFO] Saved checkpoint (val=5.3608)
2026-04-13 22:30:18,787 [INFO] [Epoch 86] train_loss=7.0320
2026-04-13 22:30:19,181 [INFO] [Epoch 86] val_loss=5.3641
2026-04-13 22:30:19,185 [INFO] Epoch 86 | train=7.0320 | val=5.3641
2026-04-13 22:30:26,247 [INFO] [Epoch 87] train_loss=7.0307
2026-04-13 22:30:26,615 [INFO] [Epoch 87] val_loss=5.3694
2026-04-13 22:30:26,620 [INFO] Epoch 87 | train=7.0307 | val=5.3694
2026-04-13 22:30:33,679 [INFO] [Epoch 88] train_loss=7.0297
2026-04-13 22:30:34,050 [INFO] [Epoch 88] val_loss=5.3590
2026-04-13 22:30:34,055 [INFO] Epoch 88 | train=7.0297 | val=5.3590
2026-04-13 22:30:34,070 [INFO] Saved checkpoint (val=5.3590)
2026-04-13 22:30:41,119 [INFO] [Epoch 89] train_loss=7.0272
2026-04-13 22:30:41,487 [INFO] [Epoch 89] val_loss=5.3628
2026-04-13 22:30:41,492 [INFO] Epoch 89 | train=7.0272 | val=5.3628
2026-04-13 22:30:48,232 [INFO] [Epoch 90] train_loss=7.0253
2026-04-13 22:30:48,612 [INFO] [Epoch 90] val_loss=5.3577
2026-04-13 22:30:48,617 [INFO] Epoch 90 | train=7.0253 | val=5.3577
2026-04-13 22:30:48,631 [INFO] Saved checkpoint (val=5.3577)
2026-04-13 22:30:55,380 [INFO] [Epoch 91] train_loss=7.0237
2026-04-13 22:30:55,754 [INFO] [Epoch 91] val_loss=5.3546
2026-04-13 22:30:55,758 [INFO] Epoch 91 | train=7.0237 | val=5.3546
2026-04-13 22:30:55,775 [INFO] Saved checkpoint (val=5.3546)
2026-04-13 22:31:02,487 [INFO] [Epoch 92] train_loss=7.0221
2026-04-13 22:31:02,846 [INFO] [Epoch 92] val_loss=5.3567
2026-04-13 22:31:02,851 [INFO] Epoch 92 | train=7.0221 | val=5.3567
2026-04-13 22:31:09,519 [INFO] [Epoch 93] train_loss=7.0204
2026-04-13 22:31:09,897 [INFO] [Epoch 93] val_loss=5.3559
2026-04-13 22:31:09,901 [INFO] Epoch 93 | train=7.0204 | val=5.3559
2026-04-13 22:31:16,690 [INFO] [Epoch 94] train_loss=7.0192
2026-04-13 22:31:17,067 [INFO] [Epoch 94] val_loss=5.3558
2026-04-13 22:31:17,072 [INFO] Epoch 94 | train=7.0192 | val=5.3558
2026-04-13 22:31:23,763 [INFO] [Epoch 95] train_loss=7.0176
2026-04-13 22:31:24,135 [INFO] [Epoch 95] val_loss=5.3516
2026-04-13 22:31:24,140 [INFO] Epoch 95 | train=7.0176 | val=5.3516
2026-04-13 22:31:24,154 [INFO] Saved checkpoint (val=5.3516)
2026-04-13 22:31:30,857 [INFO] [Epoch 96] train_loss=7.0156
2026-04-13 22:31:31,230 [INFO] [Epoch 96] val_loss=5.3559
2026-04-13 22:31:31,235 [INFO] Epoch 96 | train=7.0156 | val=5.3559
2026-04-13 22:31:37,935 [INFO] [Epoch 97] train_loss=7.0137
2026-04-13 22:31:38,308 [INFO] [Epoch 97] val_loss=5.3525
2026-04-13 22:31:38,313 [INFO] Epoch 97 | train=7.0137 | val=5.3525
2026-04-13 22:31:45,106 [INFO] [Epoch 98] train_loss=7.0126
2026-04-13 22:31:45,479 [INFO] [Epoch 98] val_loss=5.3450
2026-04-13 22:31:45,484 [INFO] Epoch 98 | train=7.0126 | val=5.3450
2026-04-13 22:31:45,499 [INFO] Saved checkpoint (val=5.3450)
2026-04-13 22:31:52,212 [INFO] [Epoch 99] train_loss=7.0110
2026-04-13 22:31:52,602 [INFO] [Epoch 99] val_loss=5.3520
2026-04-13 22:31:52,606 [INFO] Epoch 99 | train=7.0110 | val=5.3520
2026-04-13 22:31:59,648 [INFO] [Epoch 100] train_loss=7.0088
2026-04-13 22:32:00,017 [INFO] [Epoch 100] val_loss=5.3468
2026-04-13 22:32:00,022 [INFO] Epoch 100 | train=7.0088 | val=5.3468
2026-04-13 22:32:07,084 [INFO] [Epoch 101] train_loss=7.0074
2026-04-13 22:32:07,450 [INFO] [Epoch 101] val_loss=5.3511
2026-04-13 22:32:07,455 [INFO] Epoch 101 | train=7.0074 | val=5.3511
2026-04-13 22:32:14,139 [INFO] [Epoch 102] train_loss=7.0052
2026-04-13 22:32:14,500 [INFO] [Epoch 102] val_loss=5.3449
2026-04-13 22:32:14,505 [INFO] Epoch 102 | train=7.0052 | val=5.3449
2026-04-13 22:32:14,521 [INFO] Saved checkpoint (val=5.3449)
2026-04-13 22:32:21,570 [INFO] [Epoch 103] train_loss=7.0044
2026-04-13 22:32:21,937 [INFO] [Epoch 103] val_loss=5.3432
2026-04-13 22:32:21,941 [INFO] Epoch 103 | train=7.0044 | val=5.3432
2026-04-13 22:32:21,956 [INFO] Saved checkpoint (val=5.3432)
2026-04-13 22:32:28,657 [INFO] [Epoch 104] train_loss=7.0035
2026-04-13 22:32:29,029 [INFO] [Epoch 104] val_loss=5.3433
2026-04-13 22:32:29,034 [INFO] Epoch 104 | train=7.0035 | val=5.3433
2026-04-13 22:32:35,690 [INFO] [Epoch 105] train_loss=7.0015
2026-04-13 22:32:36,066 [INFO] [Epoch 105] val_loss=5.3432
2026-04-13 22:32:36,071 [INFO] Epoch 105 | train=7.0015 | val=5.3432
2026-04-13 22:32:36,085 [INFO] Saved checkpoint (val=5.3432)
2026-04-13 22:32:42,769 [INFO] [Epoch 106] train_loss=7.0001
2026-04-13 22:32:43,139 [INFO] [Epoch 106] val_loss=5.3395
2026-04-13 22:32:43,144 [INFO] Epoch 106 | train=7.0001 | val=5.3395
2026-04-13 22:32:43,159 [INFO] Saved checkpoint (val=5.3395)
2026-04-13 22:32:49,870 [INFO] [Epoch 107] train_loss=6.9981
2026-04-13 22:32:50,239 [INFO] [Epoch 107] val_loss=5.3424
2026-04-13 22:32:50,243 [INFO] Epoch 107 | train=6.9981 | val=5.3424
2026-04-13 22:32:57,429 [INFO] [Epoch 108] train_loss=6.9966
2026-04-13 22:32:57,789 [INFO] [Epoch 108] val_loss=5.3435
2026-04-13 22:32:57,794 [INFO] Epoch 108 | train=6.9966 | val=5.3435
2026-04-13 22:33:04,482 [INFO] [Epoch 109] train_loss=6.9949
2026-04-13 22:33:04,853 [INFO] [Epoch 109] val_loss=5.3372
2026-04-13 22:33:04,858 [INFO] Epoch 109 | train=6.9949 | val=5.3372
2026-04-13 22:33:04,872 [INFO] Saved checkpoint (val=5.3372)
2026-04-13 22:33:11,584 [INFO] [Epoch 110] train_loss=6.9935
2026-04-13 22:33:11,965 [INFO] [Epoch 110] val_loss=5.3340
2026-04-13 22:33:11,970 [INFO] Epoch 110 | train=6.9935 | val=5.3340
2026-04-13 22:33:11,985 [INFO] Saved checkpoint (val=5.3340)
2026-04-13 22:33:18,665 [INFO] [Epoch 111] train_loss=6.9920
2026-04-13 22:33:19,037 [INFO] [Epoch 111] val_loss=5.3389
2026-04-13 22:33:19,042 [INFO] Epoch 111 | train=6.9920 | val=5.3389
2026-04-13 22:33:25,998 [INFO] [Epoch 112] train_loss=6.9903
2026-04-13 22:33:26,372 [INFO] [Epoch 112] val_loss=5.3340
2026-04-13 22:33:26,377 [INFO] Epoch 112 | train=6.9903 | val=5.3340
2026-04-13 22:33:33,095 [INFO] [Epoch 113] train_loss=6.9892
2026-04-13 22:33:33,462 [INFO] [Epoch 113] val_loss=5.3291
2026-04-13 22:33:33,467 [INFO] Epoch 113 | train=6.9892 | val=5.3291
2026-04-13 22:33:33,481 [INFO] Saved checkpoint (val=5.3291)
2026-04-13 22:33:40,165 [INFO] [Epoch 114] train_loss=6.9885
2026-04-13 22:33:40,534 [INFO] [Epoch 114] val_loss=5.3278
2026-04-13 22:33:40,538 [INFO] Epoch 114 | train=6.9885 | val=5.3278
2026-04-13 22:33:40,553 [INFO] Saved checkpoint (val=5.3278)
2026-04-13 22:33:47,298 [INFO] [Epoch 115] train_loss=6.9865
2026-04-13 22:33:47,657 [INFO] [Epoch 115] val_loss=5.3300
2026-04-13 22:33:47,662 [INFO] Epoch 115 | train=6.9865 | val=5.3300
2026-04-13 22:33:54,318 [INFO] [Epoch 116] train_loss=6.9849
2026-04-13 22:33:54,691 [INFO] [Epoch 116] val_loss=5.3329
2026-04-13 22:33:54,695 [INFO] Epoch 116 | train=6.9849 | val=5.3329
2026-04-13 22:34:01,426 [INFO] [Epoch 117] train_loss=6.9833
2026-04-13 22:34:01,795 [INFO] [Epoch 117] val_loss=5.3281
2026-04-13 22:34:01,799 [INFO] Epoch 117 | train=6.9833 | val=5.3281
2026-04-13 22:34:08,428 [INFO] [Epoch 118] train_loss=6.9825
2026-04-13 22:34:08,812 [INFO] [Epoch 118] val_loss=5.3252
2026-04-13 22:34:08,816 [INFO] Epoch 118 | train=6.9825 | val=5.3252
2026-04-13 22:34:08,833 [INFO] Saved checkpoint (val=5.3252)
2026-04-13 22:34:15,530 [INFO] [Epoch 119] train_loss=6.9811
2026-04-13 22:34:15,903 [INFO] [Epoch 119] val_loss=5.3258
2026-04-13 22:34:15,908 [INFO] Epoch 119 | train=6.9811 | val=5.3258
2026-04-13 22:34:22,662 [INFO] [Epoch 120] train_loss=6.9798
2026-04-13 22:34:23,029 [INFO] [Epoch 120] val_loss=5.3253
2026-04-13 22:34:23,034 [INFO] Epoch 120 | train=6.9798 | val=5.3253
2026-04-13 22:34:29,717 [INFO] [Epoch 121] train_loss=6.9775
2026-04-13 22:34:30,087 [INFO] [Epoch 121] val_loss=5.3229
2026-04-13 22:34:30,092 [INFO] Epoch 121 | train=6.9775 | val=5.3229
2026-04-13 22:34:30,108 [INFO] Saved checkpoint (val=5.3229)
2026-04-13 22:34:36,788 [INFO] [Epoch 122] train_loss=6.9772
2026-04-13 22:34:37,158 [INFO] [Epoch 122] val_loss=5.3237
2026-04-13 22:34:37,163 [INFO] Epoch 122 | train=6.9772 | val=5.3237
2026-04-13 22:34:44,003 [INFO] [Epoch 123] train_loss=6.9747
2026-04-13 22:34:44,375 [INFO] [Epoch 123] val_loss=5.3274
2026-04-13 22:34:44,380 [INFO] Epoch 123 | train=6.9747 | val=5.3274
2026-04-13 22:34:51,459 [INFO] [Epoch 124] train_loss=6.9736
2026-04-13 22:34:51,842 [INFO] [Epoch 124] val_loss=5.3225
2026-04-13 22:34:51,847 [INFO] Epoch 124 | train=6.9736 | val=5.3225
2026-04-13 22:34:51,862 [INFO] Saved checkpoint (val=5.3225)
2026-04-13 22:34:58,543 [INFO] [Epoch 125] train_loss=6.9721
2026-04-13 22:34:58,911 [INFO] [Epoch 125] val_loss=5.3216
2026-04-13 22:34:58,916 [INFO] Epoch 125 | train=6.9721 | val=5.3216
2026-04-13 22:34:58,932 [INFO] Saved checkpoint (val=5.3216)
2026-04-13 22:35:05,600 [INFO] [Epoch 126] train_loss=6.9705
2026-04-13 22:35:05,967 [INFO] [Epoch 126] val_loss=5.3183
2026-04-13 22:35:05,972 [INFO] Epoch 126 | train=6.9705 | val=5.3183
2026-04-13 22:35:05,988 [INFO] Saved checkpoint (val=5.3183)
2026-04-13 22:35:12,728 [INFO] [Epoch 127] train_loss=6.9689
2026-04-13 22:35:13,102 [INFO] [Epoch 127] val_loss=5.3136
2026-04-13 22:35:13,107 [INFO] Epoch 127 | train=6.9689 | val=5.3136
2026-04-13 22:35:13,122 [INFO] Saved checkpoint (val=5.3136)
2026-04-13 22:35:19,853 [INFO] [Epoch 128] train_loss=6.9683
2026-04-13 22:35:20,224 [INFO] [Epoch 128] val_loss=5.3155
2026-04-13 22:35:20,230 [INFO] Epoch 128 | train=6.9683 | val=5.3155
2026-04-13 22:35:27,035 [INFO] [Epoch 129] train_loss=6.9667
2026-04-13 22:35:27,405 [INFO] [Epoch 129] val_loss=5.3167
2026-04-13 22:35:27,410 [INFO] Epoch 129 | train=6.9667 | val=5.3167
2026-04-13 22:35:34,178 [INFO] [Epoch 130] train_loss=6.9656
2026-04-13 22:35:34,556 [INFO] [Epoch 130] val_loss=5.3146
2026-04-13 22:35:34,561 [INFO] Epoch 130 | train=6.9656 | val=5.3146
2026-04-13 22:35:41,287 [INFO] [Epoch 131] train_loss=6.9642
2026-04-13 22:35:41,662 [INFO] [Epoch 131] val_loss=5.3116
2026-04-13 22:35:41,666 [INFO] Epoch 131 | train=6.9642 | val=5.3116
2026-04-13 22:35:41,683 [INFO] Saved checkpoint (val=5.3116)
2026-04-13 22:35:48,367 [INFO] [Epoch 132] train_loss=6.9625
2026-04-13 22:35:48,739 [INFO] [Epoch 132] val_loss=5.3140
2026-04-13 22:35:48,744 [INFO] Epoch 132 | train=6.9625 | val=5.3140
2026-04-13 22:35:55,488 [INFO] [Epoch 133] train_loss=6.9614
2026-04-13 22:35:55,854 [INFO] [Epoch 133] val_loss=5.3086
2026-04-13 22:35:55,859 [INFO] Epoch 133 | train=6.9614 | val=5.3086
2026-04-13 22:35:55,873 [INFO] Saved checkpoint (val=5.3086)
2026-04-13 22:36:02,544 [INFO] [Epoch 134] train_loss=6.9594
2026-04-13 22:36:02,915 [INFO] [Epoch 134] val_loss=5.3109
2026-04-13 22:36:02,919 [INFO] Epoch 134 | train=6.9594 | val=5.3109
2026-04-13 22:36:09,627 [INFO] [Epoch 135] train_loss=6.9585
2026-04-13 22:36:09,998 [INFO] [Epoch 135] val_loss=5.3121
2026-04-13 22:36:10,004 [INFO] Epoch 135 | train=6.9585 | val=5.3121
2026-04-13 22:36:16,680 [INFO] [Epoch 136] train_loss=6.9571
2026-04-13 22:36:17,047 [INFO] [Epoch 136] val_loss=5.3062
2026-04-13 22:36:17,052 [INFO] Epoch 136 | train=6.9571 | val=5.3062
2026-04-13 22:36:17,067 [INFO] Saved checkpoint (val=5.3062)
2026-04-13 22:36:23,725 [INFO] [Epoch 137] train_loss=6.9560
2026-04-13 22:36:24,096 [INFO] [Epoch 137] val_loss=5.3063
2026-04-13 22:36:24,100 [INFO] Epoch 137 | train=6.9560 | val=5.3063
2026-04-13 22:36:30,989 [INFO] [Epoch 138] train_loss=6.9554
2026-04-13 22:36:31,361 [INFO] [Epoch 138] val_loss=5.3059
2026-04-13 22:36:31,366 [INFO] Epoch 138 | train=6.9554 | val=5.3059
2026-04-13 22:36:31,379 [INFO] Saved checkpoint (val=5.3059)
2026-04-13 22:36:38,039 [INFO] [Epoch 139] train_loss=6.9534
2026-04-13 22:36:38,420 [INFO] [Epoch 139] val_loss=5.3019
2026-04-13 22:36:38,425 [INFO] Epoch 139 | train=6.9534 | val=5.3019
2026-04-13 22:36:38,440 [INFO] Saved checkpoint (val=5.3019)
2026-04-13 22:36:45,629 [INFO] [Epoch 140] train_loss=6.9523
2026-04-13 22:36:46,004 [INFO] [Epoch 140] val_loss=5.3014
2026-04-13 22:36:46,006 [INFO] Epoch 140 | train=6.9523 | val=5.3014
2026-04-13 22:36:46,013 [INFO] Saved checkpoint (val=5.3014)
2026-04-13 22:36:52,806 [INFO] [Epoch 141] train_loss=6.9500
2026-04-13 22:36:53,186 [INFO] [Epoch 141] val_loss=5.3075
2026-04-13 22:36:53,191 [INFO] Epoch 141 | train=6.9500 | val=5.3075
2026-04-13 22:36:59,926 [INFO] [Epoch 142] train_loss=6.9490
2026-04-13 22:37:00,306 [INFO] [Epoch 142] val_loss=5.3072
2026-04-13 22:37:00,312 [INFO] Epoch 142 | train=6.9490 | val=5.3072
2026-04-13 22:37:07,785 [INFO] [Epoch 143] train_loss=6.9474
2026-04-13 22:37:08,166 [INFO] [Epoch 143] val_loss=5.2977
2026-04-13 22:37:08,171 [INFO] Epoch 143 | train=6.9474 | val=5.2977
2026-04-13 22:37:08,185 [INFO] Saved checkpoint (val=5.2977)
2026-04-13 22:37:18,531 [INFO] [Epoch 144] train_loss=6.9466
2026-04-13 22:37:19,077 [INFO] [Epoch 144] val_loss=5.3024
2026-04-13 22:37:19,086 [INFO] Epoch 144 | train=6.9466 | val=5.3024
2026-04-13 22:37:32,037 [INFO] [Epoch 145] train_loss=6.9451
2026-04-13 22:37:32,668 [INFO] [Epoch 145] val_loss=5.2987
2026-04-13 22:37:32,671 [INFO] Epoch 145 | train=6.9451 | val=5.2987
2026-04-13 22:37:45,839 [INFO] [Epoch 146] train_loss=6.9441
2026-04-13 22:37:46,218 [INFO] [Epoch 146] val_loss=5.2989
2026-04-13 22:37:46,224 [INFO] Epoch 146 | train=6.9441 | val=5.2989
2026-04-13 22:37:59,392 [INFO] [Epoch 147] train_loss=6.9418
2026-04-13 22:38:00,243 [INFO] [Epoch 147] val_loss=5.2999
2026-04-13 22:38:00,252 [INFO] Epoch 147 | train=6.9418 | val=5.2999
2026-04-13 22:38:11,474 [INFO] [Epoch 148] train_loss=6.9421
2026-04-13 22:38:11,838 [INFO] [Epoch 148] val_loss=5.2921
2026-04-13 22:38:11,843 [INFO] Epoch 148 | train=6.9421 | val=5.2921
2026-04-13 22:38:11,858 [INFO] Saved checkpoint (val=5.2921)
2026-04-13 22:38:24,083 [INFO] [Epoch 149] train_loss=6.9401
2026-04-13 22:38:24,573 [INFO] [Epoch 149] val_loss=5.2906
2026-04-13 22:38:24,575 [INFO] Epoch 149 | train=6.9401 | val=5.2906
2026-04-13 22:38:24,582 [INFO] Saved checkpoint (val=5.2906)
2026-04-13 22:38:37,392 [INFO] [Epoch 150] train_loss=6.9394
2026-04-13 22:38:37,778 [INFO] [Epoch 150] val_loss=5.2935
2026-04-13 22:38:37,781 [INFO] Epoch 150 | train=6.9394 | val=5.2935
2026-04-13 22:38:50,262 [INFO] [Epoch 151] train_loss=6.9376
2026-04-13 22:38:50,662 [INFO] [Epoch 151] val_loss=5.2934
2026-04-13 22:38:50,667 [INFO] Epoch 151 | train=6.9376 | val=5.2934
2026-04-13 22:39:04,287 [INFO] [Epoch 152] train_loss=6.9359
2026-04-13 22:39:04,733 [INFO] [Epoch 152] val_loss=5.2908
2026-04-13 22:39:04,738 [INFO] Epoch 152 | train=6.9359 | val=5.2908
2026-04-13 22:39:13,089 [INFO] [Epoch 153] train_loss=6.9346
2026-04-13 22:39:13,461 [INFO] [Epoch 153] val_loss=5.2931
2026-04-13 22:39:13,466 [INFO] Epoch 153 | train=6.9346 | val=5.2931
2026-04-13 22:39:20,288 [INFO] [Epoch 154] train_loss=6.9335
2026-04-13 22:39:20,664 [INFO] [Epoch 154] val_loss=5.2941
2026-04-13 22:39:20,669 [INFO] Epoch 154 | train=6.9335 | val=5.2941
2026-04-13 22:39:27,372 [INFO] [Epoch 155] train_loss=6.9326
2026-04-13 22:39:27,740 [INFO] [Epoch 155] val_loss=5.2842
2026-04-13 22:39:27,745 [INFO] Epoch 155 | train=6.9326 | val=5.2842
2026-04-13 22:39:27,758 [INFO] Saved checkpoint (val=5.2842)
2026-04-13 22:39:34,432 [INFO] [Epoch 156] train_loss=6.9311
2026-04-13 22:39:34,801 [INFO] [Epoch 156] val_loss=5.2854
2026-04-13 22:39:34,806 [INFO] Epoch 156 | train=6.9311 | val=5.2854
2026-04-13 22:39:42,071 [INFO] [Epoch 157] train_loss=6.9297
2026-04-13 22:39:42,443 [INFO] [Epoch 157] val_loss=5.2897
2026-04-13 22:39:42,448 [INFO] Epoch 157 | train=6.9297 | val=5.2897
2026-04-13 22:39:49,156 [INFO] [Epoch 158] train_loss=6.9285
2026-04-13 22:39:49,533 [INFO] [Epoch 158] val_loss=5.2823
2026-04-13 22:39:49,537 [INFO] Epoch 158 | train=6.9285 | val=5.2823
2026-04-13 22:39:49,553 [INFO] Saved checkpoint (val=5.2823)
2026-04-13 22:39:56,285 [INFO] [Epoch 159] train_loss=6.9274
2026-04-13 22:39:56,663 [INFO] [Epoch 159] val_loss=5.2849
2026-04-13 22:39:56,668 [INFO] Epoch 159 | train=6.9274 | val=5.2849
2026-04-13 22:40:03,348 [INFO] [Epoch 160] train_loss=6.9266
2026-04-13 22:40:03,715 [INFO] [Epoch 160] val_loss=5.2789
2026-04-13 22:40:03,721 [INFO] Epoch 160 | train=6.9266 | val=5.2789
2026-04-13 22:40:03,736 [INFO] Saved checkpoint (val=5.2789)
2026-04-13 22:40:10,389 [INFO] [Epoch 161] train_loss=6.9250
2026-04-13 22:40:10,758 [INFO] [Epoch 161] val_loss=5.2851
2026-04-13 22:40:10,762 [INFO] Epoch 161 | train=6.9250 | val=5.2851
2026-04-13 22:40:17,905 [INFO] [Epoch 162] train_loss=6.9239
2026-04-13 22:40:18,273 [INFO] [Epoch 162] val_loss=5.2793
2026-04-13 22:40:18,278 [INFO] Epoch 162 | train=6.9239 | val=5.2793
2026-04-13 22:40:25,309 [INFO] [Epoch 163] train_loss=6.9231
2026-04-13 22:40:25,674 [INFO] [Epoch 163] val_loss=5.2858
2026-04-13 22:40:25,679 [INFO] Epoch 163 | train=6.9231 | val=5.2858
2026-04-13 22:40:32,382 [INFO] [Epoch 164] train_loss=6.9215
2026-04-13 22:40:32,773 [INFO] [Epoch 164] val_loss=5.2732
2026-04-13 22:40:32,778 [INFO] Epoch 164 | train=6.9215 | val=5.2732
2026-04-13 22:40:32,792 [INFO] Saved checkpoint (val=5.2732)
2026-04-13 22:40:39,611 [INFO] [Epoch 165] train_loss=6.9199
2026-04-13 22:40:39,972 [INFO] [Epoch 165] val_loss=5.2785
2026-04-13 22:40:39,976 [INFO] Epoch 165 | train=6.9199 | val=5.2785
2026-04-13 22:40:46,677 [INFO] [Epoch 166] train_loss=6.9183
2026-04-13 22:40:47,051 [INFO] [Epoch 166] val_loss=5.2792
2026-04-13 22:40:47,056 [INFO] Epoch 166 | train=6.9183 | val=5.2792
2026-04-13 22:40:53,707 [INFO] [Epoch 167] train_loss=6.9168
2026-04-13 22:40:54,079 [INFO] [Epoch 167] val_loss=5.2805
2026-04-13 22:40:54,084 [INFO] Epoch 167 | train=6.9168 | val=5.2805
2026-04-13 22:41:00,787 [INFO] [Epoch 168] train_loss=6.9168
2026-04-13 22:41:01,155 [INFO] [Epoch 168] val_loss=5.2802
2026-04-13 22:41:01,160 [INFO] Epoch 168 | train=6.9168 | val=5.2802
2026-04-13 22:41:08,033 [INFO] [Epoch 169] train_loss=6.9155
2026-04-13 22:41:08,424 [INFO] [Epoch 169] val_loss=5.2699
2026-04-13 22:41:08,428 [INFO] Epoch 169 | train=6.9155 | val=5.2699
2026-04-13 22:41:08,444 [INFO] Saved checkpoint (val=5.2699)
2026-04-13 22:41:15,097 [INFO] [Epoch 170] train_loss=6.9138
2026-04-13 22:41:15,484 [INFO] [Epoch 170] val_loss=5.2786
2026-04-13 22:41:15,488 [INFO] Epoch 170 | train=6.9138 | val=5.2786
2026-04-13 22:41:22,209 [INFO] [Epoch 171] train_loss=6.9126
2026-04-13 22:41:22,572 [INFO] [Epoch 171] val_loss=5.2731
2026-04-13 22:41:22,577 [INFO] Epoch 171 | train=6.9126 | val=5.2731
2026-04-13 22:41:29,462 [INFO] [Epoch 172] train_loss=6.9118
2026-04-13 22:41:29,828 [INFO] [Epoch 172] val_loss=5.2703
2026-04-13 22:41:29,833 [INFO] Epoch 172 | train=6.9118 | val=5.2703
2026-04-13 22:41:36,521 [INFO] [Epoch 173] train_loss=6.9106
2026-04-13 22:41:36,888 [INFO] [Epoch 173] val_loss=5.2689
2026-04-13 22:41:36,893 [INFO] Epoch 173 | train=6.9106 | val=5.2689
2026-04-13 22:41:36,910 [INFO] Saved checkpoint (val=5.2689)
2026-04-13 22:41:43,710 [INFO] [Epoch 174] train_loss=6.9095
2026-04-13 22:41:44,085 [INFO] [Epoch 174] val_loss=5.2722
2026-04-13 22:41:44,101 [INFO] Epoch 174 | train=6.9095 | val=5.2722
2026-04-13 22:41:50,858 [INFO] [Epoch 175] train_loss=6.9085
2026-04-13 22:41:51,244 [INFO] [Epoch 175] val_loss=5.2707
2026-04-13 22:41:51,249 [INFO] Epoch 175 | train=6.9085 | val=5.2707
2026-04-13 22:41:58,046 [INFO] [Epoch 176] train_loss=6.9065
2026-04-13 22:41:58,425 [INFO] [Epoch 176] val_loss=5.2749
2026-04-13 22:41:58,430 [INFO] Epoch 176 | train=6.9065 | val=5.2749
2026-04-13 22:42:05,434 [INFO] [Epoch 177] train_loss=6.9054
2026-04-13 22:42:05,804 [INFO] [Epoch 177] val_loss=5.2687
2026-04-13 22:42:05,809 [INFO] Epoch 177 | train=6.9054 | val=5.2687
2026-04-13 22:42:05,823 [INFO] Saved checkpoint (val=5.2687)
2026-04-13 22:42:12,535 [INFO] [Epoch 178] train_loss=6.9044
2026-04-13 22:42:12,895 [INFO] [Epoch 178] val_loss=5.2708
2026-04-13 22:42:12,900 [INFO] Epoch 178 | train=6.9044 | val=5.2708
2026-04-13 22:42:19,542 [INFO] [Epoch 179] train_loss=6.9028
2026-04-13 22:42:19,910 [INFO] [Epoch 179] val_loss=5.2607
2026-04-13 22:42:19,915 [INFO] Epoch 179 | train=6.9028 | val=5.2607
2026-04-13 22:42:19,930 [INFO] Saved checkpoint (val=5.2607)
2026-04-13 22:42:26,647 [INFO] [Epoch 180] train_loss=6.9029
2026-04-13 22:42:27,021 [INFO] [Epoch 180] val_loss=5.2624
2026-04-13 22:42:27,025 [INFO] Epoch 180 | train=6.9029 | val=5.2624
2026-04-13 22:42:33,692 [INFO] [Epoch 181] train_loss=6.9012
2026-04-13 22:42:34,062 [INFO] [Epoch 181] val_loss=5.2610
2026-04-13 22:42:34,067 [INFO] Epoch 181 | train=6.9012 | val=5.2610
2026-04-13 22:42:40,929 [INFO] [Epoch 182] train_loss=6.8996
2026-04-13 22:42:41,297 [INFO] [Epoch 182] val_loss=5.2656
2026-04-13 22:42:41,302 [INFO] Epoch 182 | train=6.8996 | val=5.2656
2026-04-13 22:42:47,950 [INFO] [Epoch 183] train_loss=6.8994
2026-04-13 22:42:48,323 [INFO] [Epoch 183] val_loss=5.2721
2026-04-13 22:42:48,328 [INFO] Epoch 183 | train=6.8994 | val=5.2721
2026-04-13 22:42:55,340 [INFO] [Epoch 184] train_loss=6.8970
2026-04-13 22:42:55,720 [INFO] [Epoch 184] val_loss=5.2650
2026-04-13 22:42:55,724 [INFO] Epoch 184 | train=6.8970 | val=5.2650
2026-04-13 22:43:02,653 [INFO] [Epoch 185] train_loss=6.8964
2026-04-13 22:43:03,026 [INFO] [Epoch 185] val_loss=5.2544
2026-04-13 22:43:03,031 [INFO] Epoch 185 | train=6.8964 | val=5.2544
2026-04-13 22:43:03,046 [INFO] Saved checkpoint (val=5.2544)
2026-04-13 22:43:09,759 [INFO] [Epoch 186] train_loss=6.8952
2026-04-13 22:43:10,132 [INFO] [Epoch 186] val_loss=5.2571
2026-04-13 22:43:10,137 [INFO] Epoch 186 | train=6.8952 | val=5.2571
2026-04-13 22:43:16,957 [INFO] [Epoch 187] train_loss=6.8927
2026-04-13 22:43:17,327 [INFO] [Epoch 187] val_loss=5.2590
2026-04-13 22:43:17,332 [INFO] Epoch 187 | train=6.8927 | val=5.2590
2026-04-13 22:43:24,122 [INFO] [Epoch 188] train_loss=6.8930
2026-04-13 22:43:24,491 [INFO] [Epoch 188] val_loss=5.2582
2026-04-13 22:43:24,495 [INFO] Epoch 188 | train=6.8930 | val=5.2582
2026-04-13 22:43:31,313 [INFO] [Epoch 189] train_loss=6.8913
2026-04-13 22:43:31,688 [INFO] [Epoch 189] val_loss=5.2604
2026-04-13 22:43:31,693 [INFO] Epoch 189 | train=6.8913 | val=5.2604
2026-04-13 22:43:38,373 [INFO] [Epoch 190] train_loss=6.8905
2026-04-13 22:43:38,739 [INFO] [Epoch 190] val_loss=5.2584
2026-04-13 22:43:38,744 [INFO] Epoch 190 | train=6.8905 | val=5.2584
2026-04-13 22:43:45,495 [INFO] [Epoch 191] train_loss=6.8893
2026-04-13 22:43:45,866 [INFO] [Epoch 191] val_loss=5.2584
2026-04-13 22:43:45,870 [INFO] Epoch 191 | train=6.8893 | val=5.2584
2026-04-13 22:43:52,614 [INFO] [Epoch 192] train_loss=6.8875
2026-04-13 22:43:52,981 [INFO] [Epoch 192] val_loss=5.2551
2026-04-13 22:43:52,986 [INFO] Epoch 192 | train=6.8875 | val=5.2551
2026-04-13 22:43:59,654 [INFO] [Epoch 193] train_loss=6.8868
2026-04-13 22:44:00,011 [INFO] [Epoch 193] val_loss=5.2536
2026-04-13 22:44:00,016 [INFO] Epoch 193 | train=6.8868 | val=5.2536
2026-04-13 22:44:00,030 [INFO] Saved checkpoint (val=5.2536)
2026-04-13 22:44:06,722 [INFO] [Epoch 194] train_loss=6.8864
2026-04-13 22:44:07,102 [INFO] [Epoch 194] val_loss=5.2536
2026-04-13 22:44:07,107 [INFO] Epoch 194 | train=6.8864 | val=5.2536
2026-04-13 22:44:13,763 [INFO] [Epoch 195] train_loss=6.8848
2026-04-13 22:44:14,133 [INFO] [Epoch 195] val_loss=5.2508
2026-04-13 22:44:14,138 [INFO] Epoch 195 | train=6.8848 | val=5.2508
2026-04-13 22:44:14,152 [INFO] Saved checkpoint (val=5.2508)
2026-04-13 22:44:21,064 [INFO] [Epoch 196] train_loss=6.8850
2026-04-13 22:44:21,444 [INFO] [Epoch 196] val_loss=5.2476
2026-04-13 22:44:21,448 [INFO] Epoch 196 | train=6.8850 | val=5.2476
2026-04-13 22:44:21,463 [INFO] Saved checkpoint (val=5.2476)
2026-04-13 22:44:28,347 [INFO] [Epoch 197] train_loss=6.8819
2026-04-13 22:44:28,717 [INFO] [Epoch 197] val_loss=5.2486
2026-04-13 22:44:28,722 [INFO] Epoch 197 | train=6.8819 | val=5.2486
2026-04-13 22:44:35,832 [INFO] [Epoch 198] train_loss=6.8813
2026-04-13 22:44:36,201 [INFO] [Epoch 198] val_loss=5.2504
2026-04-13 22:44:36,206 [INFO] Epoch 198 | train=6.8813 | val=5.2504
2026-04-13 22:44:42,921 [INFO] [Epoch 199] train_loss=6.8798
2026-04-13 22:44:43,289 [INFO] [Epoch 199] val_loss=5.2442
2026-04-13 22:44:43,294 [INFO] Epoch 199 | train=6.8798 | val=5.2442
2026-04-13 22:44:43,310 [INFO] Saved checkpoint (val=5.2442)
2026-04-13 22:44:50,353 [INFO] [Epoch 200] train_loss=6.8791
2026-04-13 22:44:50,724 [INFO] [Epoch 200] val_loss=5.2458
2026-04-13 22:44:50,729 [INFO] Epoch 200 | train=6.8791 | val=5.2458
2026-04-13 22:44:57,718 [INFO] [Epoch 201] train_loss=6.8779
2026-04-13 22:44:58,116 [INFO] [Epoch 201] val_loss=5.2474
2026-04-13 22:44:58,121 [INFO] Epoch 201 | train=6.8779 | val=5.2474
2026-04-13 22:45:05,246 [INFO] [Epoch 202] train_loss=6.8776
2026-04-13 22:45:05,618 [INFO] [Epoch 202] val_loss=5.2484
2026-04-13 22:45:05,622 [INFO] Epoch 202 | train=6.8776 | val=5.2484
2026-04-13 22:45:14,862 [INFO] [Epoch 203] train_loss=6.8750
2026-04-13 22:45:15,412 [INFO] [Epoch 203] val_loss=5.2471
2026-04-13 22:45:15,416 [INFO] Epoch 203 | train=6.8750 | val=5.2471
2026-04-13 22:45:28,551 [INFO] [Epoch 204] train_loss=6.8748
2026-04-13 22:45:28,951 [INFO] [Epoch 204] val_loss=5.2454
2026-04-13 22:45:28,956 [INFO] Epoch 204 | train=6.8748 | val=5.2454
2026-04-13 22:45:41,956 [INFO] [Epoch 205] train_loss=6.8740
2026-04-13 22:45:42,624 [INFO] [Epoch 205] val_loss=5.2508
2026-04-13 22:45:42,639 [INFO] Epoch 205 | train=6.8740 | val=5.2508
2026-04-13 22:45:54,764 [INFO] [Epoch 206] train_loss=6.8723
2026-04-13 22:45:55,149 [INFO] [Epoch 206] val_loss=5.2447
2026-04-13 22:45:55,152 [INFO] Epoch 206 | train=6.8723 | val=5.2447
2026-04-13 22:46:07,383 [INFO] [Epoch 207] train_loss=6.8710
2026-04-13 22:46:07,851 [INFO] [Epoch 207] val_loss=5.2452
2026-04-13 22:46:07,856 [INFO] Epoch 207 | train=6.8710 | val=5.2452
2026-04-13 22:46:19,814 [INFO] [Epoch 208] train_loss=6.8706
2026-04-13 22:46:20,239 [INFO] [Epoch 208] val_loss=5.2394
2026-04-13 22:46:20,244 [INFO] Epoch 208 | train=6.8706 | val=5.2394
2026-04-13 22:46:20,251 [INFO] Saved checkpoint (val=5.2394)
2026-04-13 22:46:32,868 [INFO] [Epoch 209] train_loss=6.8691
2026-04-13 22:46:33,276 [INFO] [Epoch 209] val_loss=5.2407
2026-04-13 22:46:33,281 [INFO] Epoch 209 | train=6.8691 | val=5.2407
2026-04-13 22:46:45,809 [INFO] [Epoch 210] train_loss=6.8689
2026-04-13 22:46:46,226 [INFO] [Epoch 210] val_loss=5.2424
2026-04-13 22:46:46,229 [INFO] Epoch 210 | train=6.8689 | val=5.2424
2026-04-13 22:46:58,344 [INFO] [Epoch 211] train_loss=6.8676
2026-04-13 22:46:58,762 [INFO] [Epoch 211] val_loss=5.2380
2026-04-13 22:46:58,767 [INFO] Epoch 211 | train=6.8676 | val=5.2380
2026-04-13 22:46:58,780 [INFO] Saved checkpoint (val=5.2380)
2026-04-13 22:47:11,750 [INFO] [Epoch 212] train_loss=6.8662
2026-04-13 22:47:12,209 [INFO] [Epoch 212] val_loss=5.2389
2026-04-13 22:47:12,214 [INFO] Epoch 212 | train=6.8662 | val=5.2389
2026-04-13 22:47:25,538 [INFO] [Epoch 213] train_loss=6.8654
2026-04-13 22:47:25,937 [INFO] [Epoch 213] val_loss=5.2333
2026-04-13 22:47:25,942 [INFO] Epoch 213 | train=6.8654 | val=5.2333
2026-04-13 22:47:25,953 [INFO] Saved checkpoint (val=5.2333)
2026-04-13 22:47:38,761 [INFO] [Epoch 214] train_loss=6.8636
2026-04-13 22:47:39,145 [INFO] [Epoch 214] val_loss=5.2401
2026-04-13 22:47:39,151 [INFO] Epoch 214 | train=6.8636 | val=5.2401
2026-04-13 22:47:52,367 [INFO] [Epoch 215] train_loss=6.8627
2026-04-13 22:47:53,209 [INFO] [Epoch 215] val_loss=5.2418
2026-04-13 22:47:53,219 [INFO] Epoch 215 | train=6.8627 | val=5.2418
2026-04-13 22:48:05,541 [INFO] [Epoch 216] train_loss=6.8611
2026-04-13 22:48:05,978 [INFO] [Epoch 216] val_loss=5.2408
2026-04-13 22:48:05,982 [INFO] Epoch 216 | train=6.8611 | val=5.2408
2026-04-13 22:48:18,073 [INFO] [Epoch 217] train_loss=6.8609
2026-04-13 22:48:18,579 [INFO] [Epoch 217] val_loss=5.2310
2026-04-13 22:48:18,583 [INFO] Epoch 217 | train=6.8609 | val=5.2310
2026-04-13 22:48:18,597 [INFO] Saved checkpoint (val=5.2310)
2026-04-13 22:48:31,037 [INFO] [Epoch 218] train_loss=6.8595
2026-04-13 22:48:31,468 [INFO] [Epoch 218] val_loss=5.2376
2026-04-13 22:48:31,474 [INFO] Epoch 218 | train=6.8595 | val=5.2376
2026-04-13 22:48:44,934 [INFO] [Epoch 219] train_loss=6.8580
2026-04-13 22:48:45,351 [INFO] [Epoch 219] val_loss=5.2309
2026-04-13 22:48:45,356 [INFO] Epoch 219 | train=6.8580 | val=5.2309
2026-04-13 22:48:45,371 [INFO] Saved checkpoint (val=5.2309)
2026-04-13 22:48:57,233 [INFO] [Epoch 220] train_loss=6.8587
2026-04-13 22:48:57,732 [INFO] [Epoch 220] val_loss=5.2294
2026-04-13 22:48:57,737 [INFO] Epoch 220 | train=6.8587 | val=5.2294
2026-04-13 22:48:57,752 [INFO] Saved checkpoint (val=5.2294)
2026-04-13 22:49:11,646 [INFO] [Epoch 221] train_loss=6.8559
2026-04-13 22:49:12,104 [INFO] [Epoch 221] val_loss=5.2269
2026-04-13 22:49:12,109 [INFO] Epoch 221 | train=6.8559 | val=5.2269
2026-04-13 22:49:12,126 [INFO] Saved checkpoint (val=5.2269)
2026-04-13 22:49:24,902 [INFO] [Epoch 222] train_loss=6.8549
2026-04-13 22:49:25,600 [INFO] [Epoch 222] val_loss=5.2254
2026-04-13 22:49:25,605 [INFO] Epoch 222 | train=6.8549 | val=5.2254
2026-04-13 22:49:25,620 [INFO] Saved checkpoint (val=5.2254)
2026-04-13 22:49:38,795 [INFO] [Epoch 223] train_loss=6.8537
2026-04-13 22:49:39,167 [INFO] [Epoch 223] val_loss=5.2275
2026-04-13 22:49:39,171 [INFO] Epoch 223 | train=6.8537 | val=5.2275
2026-04-13 22:49:53,416 [INFO] [Epoch 224] train_loss=6.8542
2026-04-13 22:49:53,809 [INFO] [Epoch 224] val_loss=5.2379
2026-04-13 22:49:53,814 [INFO] Epoch 224 | train=6.8542 | val=5.2379
2026-04-13 22:50:06,642 [INFO] [Epoch 225] train_loss=6.8523
2026-04-13 22:50:07,035 [INFO] [Epoch 225] val_loss=5.2277
2026-04-13 22:50:07,038 [INFO] Epoch 225 | train=6.8523 | val=5.2277
2026-04-13 22:50:20,320 [INFO] [Epoch 226] train_loss=6.8508
2026-04-13 22:50:20,709 [INFO] [Epoch 226] val_loss=5.2185
2026-04-13 22:50:20,713 [INFO] Epoch 226 | train=6.8508 | val=5.2185
2026-04-13 22:50:20,729 [INFO] Saved checkpoint (val=5.2185)
2026-04-13 22:50:34,384 [INFO] [Epoch 227] train_loss=6.8491
2026-04-13 22:50:34,891 [INFO] [Epoch 227] val_loss=5.2220
2026-04-13 22:50:34,895 [INFO] Epoch 227 | train=6.8491 | val=5.2220
2026-04-13 22:50:47,249 [INFO] [Epoch 228] train_loss=6.8490
2026-04-13 22:50:47,641 [INFO] [Epoch 228] val_loss=5.2231
2026-04-13 22:50:47,647 [INFO] Epoch 228 | train=6.8490 | val=5.2231
2026-04-13 22:51:00,690 [INFO] [Epoch 229] train_loss=6.8485
2026-04-13 22:51:01,112 [INFO] [Epoch 229] val_loss=5.2242
2026-04-13 22:51:01,125 [INFO] Epoch 229 | train=6.8485 | val=5.2242
2026-04-13 22:51:14,536 [INFO] [Epoch 230] train_loss=6.8472
2026-04-13 22:51:14,939 [INFO] [Epoch 230] val_loss=5.2237
2026-04-13 22:51:14,942 [INFO] Epoch 230 | train=6.8472 | val=5.2237
2026-04-13 22:51:28,276 [INFO] [Epoch 231] train_loss=6.8466
2026-04-13 22:51:28,669 [INFO] [Epoch 231] val_loss=5.2183
2026-04-13 22:51:28,676 [INFO] Epoch 231 | train=6.8466 | val=5.2183
2026-04-13 22:51:28,687 [INFO] Saved checkpoint (val=5.2183)
2026-04-13 22:51:40,495 [INFO] [Epoch 232] train_loss=6.8437
2026-04-13 22:51:41,416 [INFO] [Epoch 232] val_loss=5.2166
2026-04-13 22:51:41,428 [INFO] Epoch 232 | train=6.8437 | val=5.2166
2026-04-13 22:51:41,447 [INFO] Saved checkpoint (val=5.2166)
2026-04-13 22:51:52,640 [INFO] [Epoch 233] train_loss=6.8439
2026-04-13 22:51:53,012 [INFO] [Epoch 233] val_loss=5.2210
2026-04-13 22:51:53,017 [INFO] Epoch 233 | train=6.8439 | val=5.2210
2026-04-13 22:51:59,743 [INFO] [Epoch 234] train_loss=6.8429
2026-04-13 22:52:00,119 [INFO] [Epoch 234] val_loss=5.2127
2026-04-13 22:52:00,124 [INFO] Epoch 234 | train=6.8429 | val=5.2127
2026-04-13 22:52:00,138 [INFO] Saved checkpoint (val=5.2127)
2026-04-13 22:52:06,754 [INFO] [Epoch 235] train_loss=6.8415
2026-04-13 22:52:07,125 [INFO] [Epoch 235] val_loss=5.2178
2026-04-13 22:52:07,130 [INFO] Epoch 235 | train=6.8415 | val=5.2178
2026-04-13 22:52:13,819 [INFO] [Epoch 236] train_loss=6.8409
2026-04-13 22:52:14,188 [INFO] [Epoch 236] val_loss=5.2151
2026-04-13 22:52:14,193 [INFO] Epoch 236 | train=6.8409 | val=5.2151
2026-04-13 22:52:21,051 [INFO] [Epoch 237] train_loss=6.8397
2026-04-13 22:52:21,420 [INFO] [Epoch 237] val_loss=5.2244
2026-04-13 22:52:21,425 [INFO] Epoch 237 | train=6.8397 | val=5.2244
2026-04-13 22:52:28,145 [INFO] [Epoch 238] train_loss=6.8400
2026-04-13 22:52:28,516 [INFO] [Epoch 238] val_loss=5.2144
2026-04-13 22:52:28,520 [INFO] Epoch 238 | train=6.8400 | val=5.2144
2026-04-13 22:52:35,361 [INFO] [Epoch 239] train_loss=6.8377
2026-04-13 22:52:35,734 [INFO] [Epoch 239] val_loss=5.2138
2026-04-13 22:52:35,739 [INFO] Epoch 239 | train=6.8377 | val=5.2138
2026-04-13 22:52:42,587 [INFO] [Epoch 240] train_loss=6.8371
2026-04-13 22:52:42,956 [INFO] [Epoch 240] val_loss=5.2120
2026-04-13 22:52:42,961 [INFO] Epoch 240 | train=6.8371 | val=5.2120
2026-04-13 22:52:42,976 [INFO] Saved checkpoint (val=5.2120)
2026-04-13 22:52:49,678 [INFO] [Epoch 241] train_loss=6.8353
2026-04-13 22:52:50,052 [INFO] [Epoch 241] val_loss=5.2148
2026-04-13 22:52:50,057 [INFO] Epoch 241 | train=6.8353 | val=5.2148
2026-04-13 22:52:56,968 [INFO] [Epoch 242] train_loss=6.8343
2026-04-13 22:52:57,340 [INFO] [Epoch 242] val_loss=5.2144
2026-04-13 22:52:57,345 [INFO] Epoch 242 | train=6.8343 | val=5.2144
2026-04-13 22:53:04,375 [INFO] [Epoch 243] train_loss=6.8339
2026-04-13 22:53:04,759 [INFO] [Epoch 243] val_loss=5.2217
2026-04-13 22:53:04,763 [INFO] Epoch 243 | train=6.8339 | val=5.2217
2026-04-13 22:53:12,892 [INFO] [Epoch 244] train_loss=6.8333
2026-04-13 22:53:13,297 [INFO] [Epoch 244] val_loss=5.2161
2026-04-13 22:53:13,299 [INFO] Epoch 244 | train=6.8333 | val=5.2161
2026-04-13 22:53:26,028 [INFO] [Epoch 245] train_loss=6.8320
2026-04-13 22:53:26,572 [INFO] [Epoch 245] val_loss=5.2130
2026-04-13 22:53:26,575 [INFO] Epoch 245 | train=6.8320 | val=5.2130
2026-04-13 22:53:39,483 [INFO] [Epoch 246] train_loss=6.8313
2026-04-13 22:53:39,988 [INFO] [Epoch 246] val_loss=5.2125
2026-04-13 22:53:39,996 [INFO] Epoch 246 | train=6.8313 | val=5.2125
2026-04-13 22:53:52,341 [INFO] [Epoch 247] train_loss=6.8308
2026-04-13 22:53:52,755 [INFO] [Epoch 247] val_loss=5.2053
2026-04-13 22:53:52,783 [INFO] Epoch 247 | train=6.8308 | val=5.2053
2026-04-13 22:53:52,793 [INFO] Saved checkpoint (val=5.2053)
2026-04-13 22:54:04,861 [INFO] [Epoch 248] train_loss=6.8289
2026-04-13 22:54:05,382 [INFO] [Epoch 248] val_loss=5.2103
2026-04-13 22:54:05,386 [INFO] Epoch 248 | train=6.8289 | val=5.2103
2026-04-13 22:54:18,849 [INFO] [Epoch 249] train_loss=6.8280
2026-04-13 22:54:19,456 [INFO] [Epoch 249] val_loss=5.2101
2026-04-13 22:54:19,466 [INFO] Epoch 249 | train=6.8280 | val=5.2101
2026-04-13 22:54:32,531 [INFO] [Epoch 250] train_loss=6.8277
2026-04-13 22:54:32,981 [INFO] [Epoch 250] val_loss=5.2098
2026-04-13 22:54:32,983 [INFO] Epoch 250 | train=6.8277 | val=5.2098
2026-04-13 22:54:46,427 [INFO] [Epoch 251] train_loss=6.8260
2026-04-13 22:54:46,856 [INFO] [Epoch 251] val_loss=5.2034
2026-04-13 22:54:46,861 [INFO] Epoch 251 | train=6.8260 | val=5.2034
2026-04-13 22:54:46,878 [INFO] Saved checkpoint (val=5.2034)
2026-04-13 22:54:59,290 [INFO] [Epoch 252] train_loss=6.8256
2026-04-13 22:54:59,864 [INFO] [Epoch 252] val_loss=5.2027
2026-04-13 22:54:59,869 [INFO] Epoch 252 | train=6.8256 | val=5.2027
2026-04-13 22:54:59,882 [INFO] Saved checkpoint (val=5.2027)
2026-04-13 22:55:11,684 [INFO] [Epoch 253] train_loss=6.8242
2026-04-13 22:55:12,147 [INFO] [Epoch 253] val_loss=5.2089
2026-04-13 22:55:12,152 [INFO] Epoch 253 | train=6.8242 | val=5.2089
2026-04-13 22:55:24,549 [INFO] [Epoch 254] train_loss=6.8229
2026-04-13 22:55:24,961 [INFO] [Epoch 254] val_loss=5.2049
2026-04-13 22:55:24,964 [INFO] Epoch 254 | train=6.8229 | val=5.2049
2026-04-13 22:55:38,333 [INFO] [Epoch 255] train_loss=6.8220
2026-04-13 22:55:38,767 [INFO] [Epoch 255] val_loss=5.2027
2026-04-13 22:55:38,772 [INFO] Epoch 255 | train=6.8220 | val=5.2027
2026-04-13 22:55:38,781 [INFO] Saved checkpoint (val=5.2027)
2026-04-13 22:55:50,605 [INFO] [Epoch 256] train_loss=6.8214
2026-04-13 22:55:51,073 [INFO] [Epoch 256] val_loss=5.2098
2026-04-13 22:55:51,078 [INFO] Epoch 256 | train=6.8214 | val=5.2098
2026-04-13 22:56:03,663 [INFO] [Epoch 257] train_loss=6.8196
2026-04-13 22:56:04,092 [INFO] [Epoch 257] val_loss=5.1980
2026-04-13 22:56:04,095 [INFO] Epoch 257 | train=6.8196 | val=5.1980
2026-04-13 22:56:04,105 [INFO] Saved checkpoint (val=5.1980)
2026-04-13 22:56:17,253 [INFO] [Epoch 258] train_loss=6.8193
2026-04-13 22:56:17,674 [INFO] [Epoch 258] val_loss=5.2020
2026-04-13 22:56:17,692 [INFO] Epoch 258 | train=6.8193 | val=5.2020
2026-04-13 22:56:30,029 [INFO] [Epoch 259] train_loss=6.8176
2026-04-13 22:56:30,460 [INFO] [Epoch 259] val_loss=5.2082
2026-04-13 22:56:30,463 [INFO] Epoch 259 | train=6.8176 | val=5.2082
2026-04-13 22:56:42,980 [INFO] [Epoch 260] train_loss=6.8178
2026-04-13 22:56:43,498 [INFO] [Epoch 260] val_loss=5.1938
2026-04-13 22:56:43,501 [INFO] Epoch 260 | train=6.8178 | val=5.1938
2026-04-13 22:56:43,508 [INFO] Saved checkpoint (val=5.1938)
2026-04-13 22:56:56,481 [INFO] [Epoch 261] train_loss=6.8169
2026-04-13 22:56:56,923 [INFO] [Epoch 261] val_loss=5.1911
2026-04-13 22:56:56,928 [INFO] Epoch 261 | train=6.8169 | val=5.1911
2026-04-13 22:56:56,940 [INFO] Saved checkpoint (val=5.1911)
2026-04-13 22:57:08,974 [INFO] [Epoch 262] train_loss=6.8160
2026-04-13 22:57:09,517 [INFO] [Epoch 262] val_loss=5.1962
2026-04-13 22:57:09,522 [INFO] Epoch 262 | train=6.8160 | val=5.1962
2026-04-13 22:57:22,143 [INFO] [Epoch 263] train_loss=6.8148
2026-04-13 22:57:22,575 [INFO] [Epoch 263] val_loss=5.1964
2026-04-13 22:57:22,582 [INFO] Epoch 263 | train=6.8148 | val=5.1964
2026-04-13 22:57:35,349 [INFO] [Epoch 264] train_loss=6.8138
2026-04-13 22:57:35,805 [INFO] [Epoch 264] val_loss=5.1998
2026-04-13 22:57:35,807 [INFO] Epoch 264 | train=6.8138 | val=5.1998
2026-04-13 22:57:48,592 [INFO] [Epoch 265] train_loss=6.8137
2026-04-13 22:57:49,109 [INFO] [Epoch 265] val_loss=5.2005
2026-04-13 22:57:49,111 [INFO] Epoch 265 | train=6.8137 | val=5.2005
2026-04-13 22:58:02,005 [INFO] [Epoch 266] train_loss=6.8122
2026-04-13 22:58:02,434 [INFO] [Epoch 266] val_loss=5.1958
2026-04-13 22:58:02,437 [INFO] Epoch 266 | train=6.8122 | val=5.1958
2026-04-13 22:58:14,723 [INFO] [Epoch 267] train_loss=6.8111
2026-04-13 22:58:15,183 [INFO] [Epoch 267] val_loss=5.2006
2026-04-13 22:58:15,186 [INFO] Epoch 267 | train=6.8111 | val=5.2006
2026-04-13 22:58:29,015 [INFO] [Epoch 268] train_loss=6.8102
2026-04-13 22:58:29,419 [INFO] [Epoch 268] val_loss=5.1956
2026-04-13 22:58:29,421 [INFO] Epoch 268 | train=6.8102 | val=5.1956
2026-04-13 22:58:43,130 [INFO] [Epoch 269] train_loss=6.8085
2026-04-13 22:58:43,565 [INFO] [Epoch 269] val_loss=5.1977
2026-04-13 22:58:43,569 [INFO] Epoch 269 | train=6.8085 | val=5.1977
2026-04-13 22:58:57,577 [INFO] [Epoch 270] train_loss=6.8092
2026-04-13 22:58:58,004 [INFO] [Epoch 270] val_loss=5.1938
2026-04-13 22:58:58,009 [INFO] Epoch 270 | train=6.8092 | val=5.1938
2026-04-13 22:59:11,226 [INFO] [Epoch 271] train_loss=6.8069
2026-04-13 22:59:11,690 [INFO] [Epoch 271] val_loss=5.1941
2026-04-13 22:59:11,696 [INFO] Epoch 271 | train=6.8069 | val=5.1941
