2026-04-14 00:28:37,866 [INFO] Logging to logs/open_clip__txt-open_clip__loc-satclip__tproj-linear__lproj-linear__loss-clip.log
2026-04-14 00:28:37,867 [INFO] Checkpoints directory: /home/libe2152/outputs/explainable-earth-embeddings/open_clip/txt-open_clip__loc-satclip__tproj-linear__lproj-linear__loss-clip
2026-04-14 00:28:43,102 [INFO] Loaded dataset from /home/libe2152/data/skyscript/satclip/open_clip/
2026-04-14 00:28:43,103 [INFO] Train size=341661, Val size=715
2026-04-14 00:28:43,110 [INFO] Using text encoder=open_clip, location encoder=satclip
2026-04-14 00:28:43,591 [INFO] Loss: clip
2026-04-14 00:28:43,592 [INFO] LR=0.001, weight_decay=0.01
2026-04-14 00:28:50,229 [INFO] [Epoch 0] train_loss=7.7185
2026-04-14 00:28:50,620 [INFO] [Epoch 0] val_loss=5.6678
2026-04-14 00:28:50,625 [INFO] Epoch 0 | train=7.7185 | val=5.6678
2026-04-14 00:28:50,643 [INFO] Saved checkpoint (val=5.6678)
2026-04-14 00:28:57,235 [INFO] [Epoch 1] train_loss=7.3137
2026-04-14 00:28:57,613 [INFO] [Epoch 1] val_loss=5.4844
2026-04-14 00:28:57,618 [INFO] Epoch 1 | train=7.3137 | val=5.4844
2026-04-14 00:28:57,636 [INFO] Saved checkpoint (val=5.4844)
2026-04-14 00:29:04,214 [INFO] [Epoch 2] train_loss=7.1830
2026-04-14 00:29:04,600 [INFO] [Epoch 2] val_loss=5.4125
2026-04-14 00:29:04,605 [INFO] Epoch 2 | train=7.1830 | val=5.4125
2026-04-14 00:29:04,636 [INFO] Saved checkpoint (val=5.4125)
2026-04-14 00:29:11,252 [INFO] [Epoch 3] train_loss=7.1077
2026-04-14 00:29:11,630 [INFO] [Epoch 3] val_loss=5.3981
2026-04-14 00:29:11,635 [INFO] Epoch 3 | train=7.1077 | val=5.3981
2026-04-14 00:29:11,666 [INFO] Saved checkpoint (val=5.3981)
2026-04-14 00:29:18,186 [INFO] [Epoch 4] train_loss=7.0546
2026-04-14 00:29:18,561 [INFO] [Epoch 4] val_loss=5.3090
2026-04-14 00:29:18,566 [INFO] Epoch 4 | train=7.0546 | val=5.3090
2026-04-14 00:29:18,598 [INFO] Saved checkpoint (val=5.3090)
2026-04-14 00:29:25,194 [INFO] [Epoch 5] train_loss=7.0091
2026-04-14 00:29:25,583 [INFO] [Epoch 5] val_loss=5.3092
2026-04-14 00:29:25,588 [INFO] Epoch 5 | train=7.0091 | val=5.3092
2026-04-14 00:29:32,155 [INFO] [Epoch 6] train_loss=6.9761
2026-04-14 00:29:32,535 [INFO] [Epoch 6] val_loss=5.2831
2026-04-14 00:29:32,540 [INFO] Epoch 6 | train=6.9761 | val=5.2831
2026-04-14 00:29:32,558 [INFO] Saved checkpoint (val=5.2831)
2026-04-14 00:29:39,639 [INFO] [Epoch 7] train_loss=6.9489
2026-04-14 00:29:40,031 [INFO] [Epoch 7] val_loss=5.2573
2026-04-14 00:29:40,036 [INFO] Epoch 7 | train=6.9489 | val=5.2573
2026-04-14 00:29:40,067 [INFO] Saved checkpoint (val=5.2573)
2026-04-14 00:29:46,726 [INFO] [Epoch 8] train_loss=6.9210
2026-04-14 00:29:47,116 [INFO] [Epoch 8] val_loss=5.2398
2026-04-14 00:29:47,121 [INFO] Epoch 8 | train=6.9210 | val=5.2398
2026-04-14 00:29:47,153 [INFO] Saved checkpoint (val=5.2398)
2026-04-14 00:29:54,015 [INFO] [Epoch 9] train_loss=6.9013
2026-04-14 00:29:54,391 [INFO] [Epoch 9] val_loss=5.2495
2026-04-14 00:29:54,396 [INFO] Epoch 9 | train=6.9013 | val=5.2495
2026-04-14 00:30:01,006 [INFO] [Epoch 10] train_loss=6.8814
2026-04-14 00:30:01,394 [INFO] [Epoch 10] val_loss=5.2520
2026-04-14 00:30:01,398 [INFO] Epoch 10 | train=6.8814 | val=5.2520
2026-04-14 00:30:08,539 [INFO] [Epoch 11] train_loss=6.8637
2026-04-14 00:30:08,927 [INFO] [Epoch 11] val_loss=5.1808
2026-04-14 00:30:08,932 [INFO] Epoch 11 | train=6.8637 | val=5.1808
2026-04-14 00:30:08,965 [INFO] Saved checkpoint (val=5.1808)
2026-04-14 00:30:15,561 [INFO] [Epoch 12] train_loss=6.8462
2026-04-14 00:30:15,944 [INFO] [Epoch 12] val_loss=5.2039
2026-04-14 00:30:15,948 [INFO] Epoch 12 | train=6.8462 | val=5.2039
2026-04-14 00:30:22,536 [INFO] [Epoch 13] train_loss=6.8271
2026-04-14 00:30:22,925 [INFO] [Epoch 13] val_loss=5.1913
2026-04-14 00:30:22,930 [INFO] Epoch 13 | train=6.8271 | val=5.1913
2026-04-14 00:30:29,470 [INFO] [Epoch 14] train_loss=6.8203
2026-04-14 00:30:29,859 [INFO] [Epoch 14] val_loss=5.2043
2026-04-14 00:30:29,865 [INFO] Epoch 14 | train=6.8203 | val=5.2043
2026-04-14 00:30:36,516 [INFO] [Epoch 15] train_loss=6.8061
2026-04-14 00:30:36,891 [INFO] [Epoch 15] val_loss=5.1660
2026-04-14 00:30:36,896 [INFO] Epoch 15 | train=6.8061 | val=5.1660
2026-04-14 00:30:36,930 [INFO] Saved checkpoint (val=5.1660)
2026-04-14 00:30:43,486 [INFO] [Epoch 16] train_loss=6.7921
2026-04-14 00:30:43,869 [INFO] [Epoch 16] val_loss=5.1341
2026-04-14 00:30:43,874 [INFO] Epoch 16 | train=6.7921 | val=5.1341
2026-04-14 00:30:43,906 [INFO] Saved checkpoint (val=5.1341)
2026-04-14 00:30:50,447 [INFO] [Epoch 17] train_loss=6.7804
2026-04-14 00:30:50,836 [INFO] [Epoch 17] val_loss=5.1467
2026-04-14 00:30:50,840 [INFO] Epoch 17 | train=6.7804 | val=5.1467
2026-04-14 00:30:57,428 [INFO] [Epoch 18] train_loss=6.7671
2026-04-14 00:30:57,811 [INFO] [Epoch 18] val_loss=5.1437
2026-04-14 00:30:57,815 [INFO] Epoch 18 | train=6.7671 | val=5.1437
2026-04-14 00:31:04,374 [INFO] [Epoch 19] train_loss=6.7628
2026-04-14 00:31:04,762 [INFO] [Epoch 19] val_loss=5.1458
2026-04-14 00:31:04,767 [INFO] Epoch 19 | train=6.7628 | val=5.1458
2026-04-14 00:31:11,478 [INFO] [Epoch 20] train_loss=6.7476
2026-04-14 00:31:11,871 [INFO] [Epoch 20] val_loss=5.1195
2026-04-14 00:31:11,876 [INFO] Epoch 20 | train=6.7476 | val=5.1195
2026-04-14 00:31:11,908 [INFO] Saved checkpoint (val=5.1195)
2026-04-14 00:31:18,596 [INFO] [Epoch 21] train_loss=6.7348
2026-04-14 00:31:18,975 [INFO] [Epoch 21] val_loss=5.1079
2026-04-14 00:31:18,980 [INFO] Epoch 21 | train=6.7348 | val=5.1079
2026-04-14 00:31:19,010 [INFO] Saved checkpoint (val=5.1079)
2026-04-14 00:31:25,586 [INFO] [Epoch 22] train_loss=6.7344
2026-04-14 00:31:25,980 [INFO] [Epoch 22] val_loss=5.1226
2026-04-14 00:31:25,986 [INFO] Epoch 22 | train=6.7344 | val=5.1226
2026-04-14 00:31:32,566 [INFO] [Epoch 23] train_loss=6.7253
2026-04-14 00:31:32,953 [INFO] [Epoch 23] val_loss=5.1450
2026-04-14 00:31:32,958 [INFO] Epoch 23 | train=6.7253 | val=5.1450
2026-04-14 00:31:39,523 [INFO] [Epoch 24] train_loss=6.7157
2026-04-14 00:31:39,912 [INFO] [Epoch 24] val_loss=5.1281
2026-04-14 00:31:39,917 [INFO] Epoch 24 | train=6.7157 | val=5.1281
2026-04-14 00:31:46,499 [INFO] [Epoch 25] train_loss=6.7074
2026-04-14 00:31:46,885 [INFO] [Epoch 25] val_loss=5.1257
2026-04-14 00:31:46,889 [INFO] Epoch 25 | train=6.7074 | val=5.1257
2026-04-14 00:31:53,494 [INFO] [Epoch 26] train_loss=6.7029
2026-04-14 00:31:53,880 [INFO] [Epoch 26] val_loss=5.1149
2026-04-14 00:31:53,885 [INFO] Epoch 26 | train=6.7029 | val=5.1149
2026-04-14 00:32:00,597 [INFO] [Epoch 27] train_loss=6.6941
2026-04-14 00:32:00,982 [INFO] [Epoch 27] val_loss=5.0856
2026-04-14 00:32:00,986 [INFO] Epoch 27 | train=6.6941 | val=5.0856
2026-04-14 00:32:01,018 [INFO] Saved checkpoint (val=5.0856)
2026-04-14 00:32:07,604 [INFO] [Epoch 28] train_loss=6.6874
2026-04-14 00:32:07,998 [INFO] [Epoch 28] val_loss=5.0881
2026-04-14 00:32:08,003 [INFO] Epoch 28 | train=6.6874 | val=5.0881
2026-04-14 00:32:14,592 [INFO] [Epoch 29] train_loss=6.6821
2026-04-14 00:32:14,971 [INFO] [Epoch 29] val_loss=5.0863
2026-04-14 00:32:14,975 [INFO] Epoch 29 | train=6.6821 | val=5.0863
2026-04-14 00:32:21,546 [INFO] [Epoch 30] train_loss=6.6752
2026-04-14 00:32:21,940 [INFO] [Epoch 30] val_loss=5.0688
2026-04-14 00:32:21,945 [INFO] Epoch 30 | train=6.6752 | val=5.0688
2026-04-14 00:32:21,978 [INFO] Saved checkpoint (val=5.0688)
2026-04-14 00:32:28,606 [INFO] [Epoch 31] train_loss=6.6714
2026-04-14 00:32:28,984 [INFO] [Epoch 31] val_loss=5.0750
2026-04-14 00:32:28,989 [INFO] Epoch 31 | train=6.6714 | val=5.0750
2026-04-14 00:32:35,576 [INFO] [Epoch 32] train_loss=6.6635
2026-04-14 00:32:35,965 [INFO] [Epoch 32] val_loss=5.0771
2026-04-14 00:32:35,970 [INFO] Epoch 32 | train=6.6635 | val=5.0771
2026-04-14 00:32:42,835 [INFO] [Epoch 33] train_loss=6.6578
2026-04-14 00:32:43,221 [INFO] [Epoch 33] val_loss=5.0830
2026-04-14 00:32:43,226 [INFO] Epoch 33 | train=6.6578 | val=5.0830
2026-04-14 00:32:49,802 [INFO] [Epoch 34] train_loss=6.6541
2026-04-14 00:32:50,179 [INFO] [Epoch 34] val_loss=5.0667
2026-04-14 00:32:50,183 [INFO] Epoch 34 | train=6.6541 | val=5.0667
2026-04-14 00:32:50,216 [INFO] Saved checkpoint (val=5.0667)
2026-04-14 00:32:57,016 [INFO] [Epoch 35] train_loss=6.6460
2026-04-14 00:32:57,395 [INFO] [Epoch 35] val_loss=5.0874
2026-04-14 00:32:57,400 [INFO] Epoch 35 | train=6.6460 | val=5.0874
2026-04-14 00:33:04,089 [INFO] [Epoch 36] train_loss=6.6438
2026-04-14 00:33:04,478 [INFO] [Epoch 36] val_loss=5.0663
2026-04-14 00:33:04,482 [INFO] Epoch 36 | train=6.6438 | val=5.0663
2026-04-14 00:33:04,513 [INFO] Saved checkpoint (val=5.0663)
2026-04-14 00:33:11,165 [INFO] [Epoch 37] train_loss=6.6395
2026-04-14 00:33:11,553 [INFO] [Epoch 37] val_loss=5.0805
2026-04-14 00:33:11,558 [INFO] Epoch 37 | train=6.6395 | val=5.0805
2026-04-14 00:33:18,411 [INFO] [Epoch 38] train_loss=6.6330
2026-04-14 00:33:18,796 [INFO] [Epoch 38] val_loss=5.0947
2026-04-14 00:33:18,800 [INFO] Epoch 38 | train=6.6330 | val=5.0947
2026-04-14 00:33:25,416 [INFO] [Epoch 39] train_loss=6.6292
2026-04-14 00:33:25,809 [INFO] [Epoch 39] val_loss=5.0733
2026-04-14 00:33:25,812 [INFO] Epoch 39 | train=6.6292 | val=5.0733
2026-04-14 00:33:32,416 [INFO] [Epoch 40] train_loss=6.6242
2026-04-14 00:33:32,811 [INFO] [Epoch 40] val_loss=5.0327
2026-04-14 00:33:32,816 [INFO] Epoch 40 | train=6.6242 | val=5.0327
2026-04-14 00:33:32,835 [INFO] Saved checkpoint (val=5.0327)
2026-04-14 00:33:39,623 [INFO] [Epoch 41] train_loss=6.6224
2026-04-14 00:33:40,013 [INFO] [Epoch 41] val_loss=5.0889
2026-04-14 00:33:40,016 [INFO] Epoch 41 | train=6.6224 | val=5.0889
2026-04-14 00:33:46,626 [INFO] [Epoch 42] train_loss=6.6192
2026-04-14 00:33:47,014 [INFO] [Epoch 42] val_loss=5.0722
2026-04-14 00:33:47,019 [INFO] Epoch 42 | train=6.6192 | val=5.0722
2026-04-14 00:33:53,690 [INFO] [Epoch 43] train_loss=6.6133
2026-04-14 00:33:54,069 [INFO] [Epoch 43] val_loss=5.0514
2026-04-14 00:33:54,074 [INFO] Epoch 43 | train=6.6133 | val=5.0514
2026-04-14 00:34:00,697 [INFO] [Epoch 44] train_loss=6.6115
2026-04-14 00:34:01,086 [INFO] [Epoch 44] val_loss=5.0562
2026-04-14 00:34:01,091 [INFO] Epoch 44 | train=6.6115 | val=5.0562
2026-04-14 00:34:07,622 [INFO] [Epoch 45] train_loss=6.6028
2026-04-14 00:34:08,013 [INFO] [Epoch 45] val_loss=5.0546
2026-04-14 00:34:08,018 [INFO] Epoch 45 | train=6.6028 | val=5.0546
2026-04-14 00:34:14,885 [INFO] [Epoch 46] train_loss=6.6063
2026-04-14 00:34:15,269 [INFO] [Epoch 46] val_loss=5.0214
2026-04-14 00:34:15,274 [INFO] Epoch 46 | train=6.6063 | val=5.0214
2026-04-14 00:34:15,308 [INFO] Saved checkpoint (val=5.0214)
2026-04-14 00:34:22,069 [INFO] [Epoch 47] train_loss=6.6024
2026-04-14 00:34:22,460 [INFO] [Epoch 47] val_loss=5.0265
2026-04-14 00:34:22,465 [INFO] Epoch 47 | train=6.6024 | val=5.0265
2026-04-14 00:34:29,551 [INFO] [Epoch 48] train_loss=6.5958
2026-04-14 00:34:29,934 [INFO] [Epoch 48] val_loss=5.0368
2026-04-14 00:34:29,938 [INFO] Epoch 48 | train=6.5958 | val=5.0368
2026-04-14 00:34:36,782 [INFO] [Epoch 49] train_loss=6.5916
2026-04-14 00:34:37,169 [INFO] [Epoch 49] val_loss=5.0402
2026-04-14 00:34:37,174 [INFO] Epoch 49 | train=6.5916 | val=5.0402
2026-04-14 00:34:43,764 [INFO] [Epoch 50] train_loss=6.5900
2026-04-14 00:34:44,154 [INFO] [Epoch 50] val_loss=5.0374
2026-04-14 00:34:44,158 [INFO] Epoch 50 | train=6.5900 | val=5.0374
2026-04-14 00:34:50,732 [INFO] [Epoch 51] train_loss=6.5847
2026-04-14 00:34:51,122 [INFO] [Epoch 51] val_loss=5.0428
2026-04-14 00:34:51,127 [INFO] Epoch 51 | train=6.5847 | val=5.0428
2026-04-14 00:34:57,759 [INFO] [Epoch 52] train_loss=6.5870
2026-04-14 00:34:58,145 [INFO] [Epoch 52] val_loss=5.0315
2026-04-14 00:34:58,150 [INFO] Epoch 52 | train=6.5870 | val=5.0315
2026-04-14 00:35:04,719 [INFO] [Epoch 53] train_loss=6.5809
2026-04-14 00:35:05,103 [INFO] [Epoch 53] val_loss=5.0277
2026-04-14 00:35:05,108 [INFO] Epoch 53 | train=6.5809 | val=5.0277
2026-04-14 00:35:11,721 [INFO] [Epoch 54] train_loss=6.5753
2026-04-14 00:35:12,105 [INFO] [Epoch 54] val_loss=5.0340
2026-04-14 00:35:12,109 [INFO] Epoch 54 | train=6.5753 | val=5.0340
2026-04-14 00:35:18,719 [INFO] [Epoch 55] train_loss=6.5699
2026-04-14 00:35:19,101 [INFO] [Epoch 55] val_loss=5.0236
2026-04-14 00:35:19,106 [INFO] Epoch 55 | train=6.5699 | val=5.0236
2026-04-14 00:35:25,682 [INFO] [Epoch 56] train_loss=6.5739
2026-04-14 00:35:26,067 [INFO] [Epoch 56] val_loss=5.0049
2026-04-14 00:35:26,072 [INFO] Epoch 56 | train=6.5739 | val=5.0049
2026-04-14 00:35:26,104 [INFO] Saved checkpoint (val=5.0049)
2026-04-14 00:35:32,780 [INFO] [Epoch 57] train_loss=6.5683
2026-04-14 00:35:33,163 [INFO] [Epoch 57] val_loss=5.0202
2026-04-14 00:35:33,166 [INFO] Epoch 57 | train=6.5683 | val=5.0202
2026-04-14 00:35:39,728 [INFO] [Epoch 58] train_loss=6.5638
2026-04-14 00:35:40,113 [INFO] [Epoch 58] val_loss=5.0315
2026-04-14 00:35:40,118 [INFO] Epoch 58 | train=6.5638 | val=5.0315
2026-04-14 00:35:47,052 [INFO] [Epoch 59] train_loss=6.5664
2026-04-14 00:35:47,435 [INFO] [Epoch 59] val_loss=5.0164
2026-04-14 00:35:47,440 [INFO] Epoch 59 | train=6.5664 | val=5.0164
2026-04-14 00:35:54,031 [INFO] [Epoch 60] train_loss=6.5691
2026-04-14 00:35:54,415 [INFO] [Epoch 60] val_loss=5.0026
2026-04-14 00:35:54,420 [INFO] Epoch 60 | train=6.5691 | val=5.0026
2026-04-14 00:35:54,438 [INFO] Saved checkpoint (val=5.0026)
2026-04-14 00:36:01,330 [INFO] [Epoch 61] train_loss=6.5586
2026-04-14 00:36:01,711 [INFO] [Epoch 61] val_loss=5.0081
2026-04-14 00:36:01,716 [INFO] Epoch 61 | train=6.5586 | val=5.0081
2026-04-14 00:36:08,299 [INFO] [Epoch 62] train_loss=6.5559
2026-04-14 00:36:08,675 [INFO] [Epoch 62] val_loss=5.0195
2026-04-14 00:36:08,680 [INFO] Epoch 62 | train=6.5559 | val=5.0195
2026-04-14 00:36:15,265 [INFO] [Epoch 63] train_loss=6.5536
2026-04-14 00:36:15,648 [INFO] [Epoch 63] val_loss=5.0107
2026-04-14 00:36:15,653 [INFO] Epoch 63 | train=6.5536 | val=5.0107
2026-04-14 00:36:22,280 [INFO] [Epoch 64] train_loss=6.5545
2026-04-14 00:36:22,670 [INFO] [Epoch 64] val_loss=5.0194
2026-04-14 00:36:22,675 [INFO] Epoch 64 | train=6.5545 | val=5.0194
2026-04-14 00:36:29,264 [INFO] [Epoch 65] train_loss=6.5487
2026-04-14 00:36:29,654 [INFO] [Epoch 65] val_loss=4.9779
2026-04-14 00:36:29,660 [INFO] Epoch 65 | train=6.5487 | val=4.9779
2026-04-14 00:36:29,682 [INFO] Saved checkpoint (val=4.9779)
2026-04-14 00:36:36,280 [INFO] [Epoch 66] train_loss=6.5475
2026-04-14 00:36:36,668 [INFO] [Epoch 66] val_loss=5.0137
2026-04-14 00:36:36,672 [INFO] Epoch 66 | train=6.5475 | val=5.0137
2026-04-14 00:36:43,436 [INFO] [Epoch 67] train_loss=6.5499
2026-04-14 00:36:43,823 [INFO] [Epoch 67] val_loss=4.9959
2026-04-14 00:36:43,828 [INFO] Epoch 67 | train=6.5499 | val=4.9959
2026-04-14 00:36:50,477 [INFO] [Epoch 68] train_loss=6.5378
2026-04-14 00:36:50,863 [INFO] [Epoch 68] val_loss=4.9963
2026-04-14 00:36:50,868 [INFO] Epoch 68 | train=6.5378 | val=4.9963
2026-04-14 00:36:57,552 [INFO] [Epoch 69] train_loss=6.5410
2026-04-14 00:36:57,937 [INFO] [Epoch 69] val_loss=4.9878
2026-04-14 00:36:57,941 [INFO] Epoch 69 | train=6.5410 | val=4.9878
2026-04-14 00:37:04,546 [INFO] [Epoch 70] train_loss=6.5388
2026-04-14 00:37:04,933 [INFO] [Epoch 70] val_loss=4.9916
2026-04-14 00:37:04,938 [INFO] Epoch 70 | train=6.5388 | val=4.9916
2026-04-14 00:37:11,532 [INFO] [Epoch 71] train_loss=6.5368
2026-04-14 00:37:11,918 [INFO] [Epoch 71] val_loss=5.0027
2026-04-14 00:37:11,923 [INFO] Epoch 71 | train=6.5368 | val=5.0027
2026-04-14 00:37:18,509 [INFO] [Epoch 72] train_loss=6.5353
2026-04-14 00:37:18,907 [INFO] [Epoch 72] val_loss=5.0088
2026-04-14 00:37:18,912 [INFO] Epoch 72 | train=6.5353 | val=5.0088
2026-04-14 00:37:25,537 [INFO] [Epoch 73] train_loss=6.5339
2026-04-14 00:37:25,916 [INFO] [Epoch 73] val_loss=5.0042
2026-04-14 00:37:25,921 [INFO] Epoch 73 | train=6.5339 | val=5.0042
2026-04-14 00:37:32,491 [INFO] [Epoch 74] train_loss=6.5367
2026-04-14 00:37:32,875 [INFO] [Epoch 74] val_loss=4.9928
2026-04-14 00:37:32,880 [INFO] Epoch 74 | train=6.5367 | val=4.9928
2026-04-14 00:37:39,490 [INFO] [Epoch 75] train_loss=6.5310
2026-04-14 00:37:39,878 [INFO] [Epoch 75] val_loss=4.9863
2026-04-14 00:37:39,883 [INFO] Epoch 75 | train=6.5310 | val=4.9863
2026-04-14 02:44:37,929 [INFO] Logging to logs/open_clip__txt-open_clip__loc-satclip__tproj-linear__lproj-linear__loss-clip.log
2026-04-14 02:44:37,929 [INFO] Checkpoints directory: /home/libe2152/outputs/explainable-earth-embeddings/open_clip/txt-open_clip__loc-satclip__tproj-linear__lproj-linear__loss-clip
2026-04-14 02:44:43,188 [INFO] Loaded dataset from /home/libe2152/data/skyscript/satclip/open_clip/
2026-04-14 02:44:43,188 [INFO] Train size=341661, Val size=715
2026-04-14 02:44:43,196 [INFO] Using text encoder=open_clip, location encoder=satclip
2026-04-14 02:44:43,746 [INFO] Loss: clip
2026-04-14 02:44:43,746 [INFO] LR=0.0001, weight_decay=0.01
2026-04-14 02:44:50,408 [INFO] [Epoch 0] train_loss=8.0447
2026-04-14 02:44:50,801 [INFO] [Epoch 0] val_loss=6.0733
2026-04-14 02:44:50,806 [INFO] Epoch 0 | train=8.0447 | val=6.0733
2026-04-14 02:44:50,826 [INFO] Saved checkpoint (val=6.0733)
2026-04-14 02:44:57,492 [INFO] [Epoch 1] train_loss=7.6881
2026-04-14 02:44:57,884 [INFO] [Epoch 1] val_loss=5.8246
2026-04-14 02:44:57,886 [INFO] Epoch 1 | train=7.6881 | val=5.8246
2026-04-14 02:44:57,896 [INFO] Saved checkpoint (val=5.8246)
2026-04-14 02:45:04,533 [INFO] [Epoch 2] train_loss=7.5273
2026-04-14 02:45:04,917 [INFO] [Epoch 2] val_loss=5.7166
2026-04-14 02:45:04,922 [INFO] Epoch 2 | train=7.5273 | val=5.7166
2026-04-14 02:45:04,941 [INFO] Saved checkpoint (val=5.7166)
2026-04-14 02:45:11,548 [INFO] [Epoch 3] train_loss=7.4405
2026-04-14 02:45:11,928 [INFO] [Epoch 3] val_loss=5.6612
2026-04-14 02:45:11,932 [INFO] Epoch 3 | train=7.4405 | val=5.6612
2026-04-14 02:45:11,949 [INFO] Saved checkpoint (val=5.6612)
2026-04-14 02:45:18,499 [INFO] [Epoch 4] train_loss=7.3804
2026-04-14 02:45:18,882 [INFO] [Epoch 4] val_loss=5.6102
2026-04-14 02:45:18,887 [INFO] Epoch 4 | train=7.3804 | val=5.6102
2026-04-14 02:45:18,904 [INFO] Saved checkpoint (val=5.6102)
2026-04-14 02:45:25,511 [INFO] [Epoch 5] train_loss=7.3341
2026-04-14 02:45:25,901 [INFO] [Epoch 5] val_loss=5.5763
2026-04-14 02:45:25,905 [INFO] Epoch 5 | train=7.3341 | val=5.5763
2026-04-14 02:45:25,924 [INFO] Saved checkpoint (val=5.5763)
2026-04-14 02:45:32,501 [INFO] [Epoch 6] train_loss=7.2955
2026-04-14 02:45:32,896 [INFO] [Epoch 6] val_loss=5.5451
2026-04-14 02:45:32,901 [INFO] Epoch 6 | train=7.2955 | val=5.5451
2026-04-14 02:45:32,919 [INFO] Saved checkpoint (val=5.5451)
2026-04-14 02:45:39,775 [INFO] [Epoch 7] train_loss=7.2620
2026-04-14 02:45:40,176 [INFO] [Epoch 7] val_loss=5.5156
2026-04-14 02:45:40,180 [INFO] Epoch 7 | train=7.2620 | val=5.5156
2026-04-14 02:45:40,198 [INFO] Saved checkpoint (val=5.5156)
2026-04-14 02:45:47,306 [INFO] [Epoch 8] train_loss=7.2336
2026-04-14 02:45:47,702 [INFO] [Epoch 8] val_loss=5.4916
2026-04-14 02:45:47,707 [INFO] Epoch 8 | train=7.2336 | val=5.4916
2026-04-14 02:45:47,726 [INFO] Saved checkpoint (val=5.4916)
2026-04-14 02:45:54,608 [INFO] [Epoch 9] train_loss=7.2078
2026-04-14 02:45:55,000 [INFO] [Epoch 9] val_loss=5.4690
2026-04-14 02:45:55,005 [INFO] Epoch 9 | train=7.2078 | val=5.4690
2026-04-14 02:45:55,023 [INFO] Saved checkpoint (val=5.4690)
2026-04-14 02:46:01,884 [INFO] [Epoch 10] train_loss=7.1851
2026-04-14 02:46:02,277 [INFO] [Epoch 10] val_loss=5.4548
2026-04-14 02:46:02,282 [INFO] Epoch 10 | train=7.1851 | val=5.4548
2026-04-14 02:46:02,300 [INFO] Saved checkpoint (val=5.4548)
2026-04-14 02:46:09,357 [INFO] [Epoch 11] train_loss=7.1645
2026-04-14 02:46:09,753 [INFO] [Epoch 11] val_loss=5.4339
2026-04-14 02:46:09,758 [INFO] Epoch 11 | train=7.1645 | val=5.4339
2026-04-14 02:46:09,776 [INFO] Saved checkpoint (val=5.4339)
2026-04-14 02:46:16,376 [INFO] [Epoch 12] train_loss=7.1455
2026-04-14 02:46:16,773 [INFO] [Epoch 12] val_loss=5.4245
2026-04-14 02:46:16,777 [INFO] Epoch 12 | train=7.1455 | val=5.4245
2026-04-14 02:46:16,795 [INFO] Saved checkpoint (val=5.4245)
2026-04-14 02:46:23,385 [INFO] [Epoch 13] train_loss=7.1275
2026-04-14 02:46:23,787 [INFO] [Epoch 13] val_loss=5.4030
2026-04-14 02:46:23,791 [INFO] Epoch 13 | train=7.1275 | val=5.4030
2026-04-14 02:46:23,810 [INFO] Saved checkpoint (val=5.4030)
2026-04-14 02:46:30,361 [INFO] [Epoch 14] train_loss=7.1115
2026-04-14 02:46:30,750 [INFO] [Epoch 14] val_loss=5.3958
2026-04-14 02:46:30,755 [INFO] Epoch 14 | train=7.1115 | val=5.3958
2026-04-14 02:46:30,774 [INFO] Saved checkpoint (val=5.3958)
2026-04-14 02:46:37,513 [INFO] [Epoch 15] train_loss=7.0973
2026-04-14 02:46:37,904 [INFO] [Epoch 15] val_loss=5.3757
2026-04-14 02:46:37,907 [INFO] Epoch 15 | train=7.0973 | val=5.3757
2026-04-14 02:46:37,919 [INFO] Saved checkpoint (val=5.3757)
2026-04-14 02:46:44,630 [INFO] [Epoch 16] train_loss=7.0831
2026-04-14 02:46:45,024 [INFO] [Epoch 16] val_loss=5.3645
2026-04-14 02:46:45,029 [INFO] Epoch 16 | train=7.0831 | val=5.3645
2026-04-14 02:46:45,047 [INFO] Saved checkpoint (val=5.3645)
2026-04-14 02:46:51,647 [INFO] [Epoch 17] train_loss=7.0701
2026-04-14 02:46:52,033 [INFO] [Epoch 17] val_loss=5.3554
2026-04-14 02:46:52,037 [INFO] Epoch 17 | train=7.0701 | val=5.3554
2026-04-14 02:46:52,056 [INFO] Saved checkpoint (val=5.3554)
2026-04-14 02:46:58,685 [INFO] [Epoch 18] train_loss=7.0577
2026-04-14 02:46:59,080 [INFO] [Epoch 18] val_loss=5.3429
2026-04-14 02:46:59,085 [INFO] Epoch 18 | train=7.0577 | val=5.3429
2026-04-14 02:46:59,103 [INFO] Saved checkpoint (val=5.3429)
2026-04-14 02:47:05,912 [INFO] [Epoch 19] train_loss=7.0466
2026-04-14 02:47:06,305 [INFO] [Epoch 19] val_loss=5.3362
2026-04-14 02:47:06,310 [INFO] Epoch 19 | train=7.0466 | val=5.3362
2026-04-14 02:47:06,330 [INFO] Saved checkpoint (val=5.3362)
2026-04-14 02:47:12,957 [INFO] [Epoch 20] train_loss=7.0360
2026-04-14 02:47:13,350 [INFO] [Epoch 20] val_loss=5.3308
2026-04-14 02:47:13,355 [INFO] Epoch 20 | train=7.0360 | val=5.3308
2026-04-14 02:47:13,374 [INFO] Saved checkpoint (val=5.3308)
2026-04-14 02:47:20,004 [INFO] [Epoch 21] train_loss=7.0248
2026-04-14 02:47:20,396 [INFO] [Epoch 21] val_loss=5.3242
2026-04-14 02:47:20,400 [INFO] Epoch 21 | train=7.0248 | val=5.3242
2026-04-14 02:47:20,418 [INFO] Saved checkpoint (val=5.3242)
2026-04-14 02:47:26,991 [INFO] [Epoch 22] train_loss=7.0156
2026-04-14 02:47:27,378 [INFO] [Epoch 22] val_loss=5.3127
2026-04-14 02:47:27,382 [INFO] Epoch 22 | train=7.0156 | val=5.3127
2026-04-14 02:47:27,413 [INFO] Saved checkpoint (val=5.3127)
2026-04-14 02:47:34,033 [INFO] [Epoch 23] train_loss=7.0064
2026-04-14 02:47:34,421 [INFO] [Epoch 23] val_loss=5.3054
2026-04-14 02:47:34,426 [INFO] Epoch 23 | train=7.0064 | val=5.3054
2026-04-14 02:47:34,444 [INFO] Saved checkpoint (val=5.3054)
2026-04-14 02:47:41,078 [INFO] [Epoch 24] train_loss=6.9974
2026-04-14 02:47:41,467 [INFO] [Epoch 24] val_loss=5.2987
2026-04-14 02:47:41,472 [INFO] Epoch 24 | train=6.9974 | val=5.2987
2026-04-14 02:47:41,506 [INFO] Saved checkpoint (val=5.2987)
2026-04-14 02:47:48,156 [INFO] [Epoch 25] train_loss=6.9886
2026-04-14 02:47:48,544 [INFO] [Epoch 25] val_loss=5.2925
2026-04-14 02:47:48,549 [INFO] Epoch 25 | train=6.9886 | val=5.2925
2026-04-14 02:47:48,579 [INFO] Saved checkpoint (val=5.2925)
2026-04-14 02:47:55,299 [INFO] [Epoch 26] train_loss=6.9802
2026-04-14 02:47:55,696 [INFO] [Epoch 26] val_loss=5.2870
2026-04-14 02:47:55,700 [INFO] Epoch 26 | train=6.9802 | val=5.2870
2026-04-14 02:47:55,719 [INFO] Saved checkpoint (val=5.2870)
2026-04-14 02:48:02,341 [INFO] [Epoch 27] train_loss=6.9721
2026-04-14 02:48:02,734 [INFO] [Epoch 27] val_loss=5.2887
2026-04-14 02:48:02,739 [INFO] Epoch 27 | train=6.9721 | val=5.2887
2026-04-14 02:48:09,368 [INFO] [Epoch 28] train_loss=6.9651
2026-04-14 02:48:09,759 [INFO] [Epoch 28] val_loss=5.2696
2026-04-14 02:48:09,765 [INFO] Epoch 28 | train=6.9651 | val=5.2696
2026-04-14 02:48:09,796 [INFO] Saved checkpoint (val=5.2696)
2026-04-14 02:48:16,445 [INFO] [Epoch 29] train_loss=6.9576
2026-04-14 02:48:16,832 [INFO] [Epoch 29] val_loss=5.2669
2026-04-14 02:48:16,837 [INFO] Epoch 29 | train=6.9576 | val=5.2669
2026-04-14 02:48:16,856 [INFO] Saved checkpoint (val=5.2669)
2026-04-14 02:48:23,547 [INFO] [Epoch 30] train_loss=6.9504
2026-04-14 02:48:23,941 [INFO] [Epoch 30] val_loss=5.2678
2026-04-14 02:48:23,945 [INFO] Epoch 30 | train=6.9504 | val=5.2678
2026-04-14 02:48:30,699 [INFO] [Epoch 31] train_loss=6.9434
2026-04-14 02:48:31,093 [INFO] [Epoch 31] val_loss=5.2631
2026-04-14 02:48:31,098 [INFO] Epoch 31 | train=6.9434 | val=5.2631
2026-04-14 02:48:31,130 [INFO] Saved checkpoint (val=5.2631)
2026-04-14 02:48:37,834 [INFO] [Epoch 32] train_loss=6.9372
2026-04-14 02:48:38,227 [INFO] [Epoch 32] val_loss=5.2589
2026-04-14 02:48:38,232 [INFO] Epoch 32 | train=6.9372 | val=5.2589
2026-04-14 02:48:38,249 [INFO] Saved checkpoint (val=5.2589)
2026-04-14 02:48:44,870 [INFO] [Epoch 33] train_loss=6.9301
2026-04-14 02:48:45,256 [INFO] [Epoch 33] val_loss=5.2484
2026-04-14 02:48:45,261 [INFO] Epoch 33 | train=6.9301 | val=5.2484
2026-04-14 02:48:45,280 [INFO] Saved checkpoint (val=5.2484)
2026-04-14 02:48:51,900 [INFO] [Epoch 34] train_loss=6.9241
2026-04-14 02:48:52,295 [INFO] [Epoch 34] val_loss=5.2394
2026-04-14 02:48:52,300 [INFO] Epoch 34 | train=6.9241 | val=5.2394
2026-04-14 02:48:52,333 [INFO] Saved checkpoint (val=5.2394)
2026-04-14 02:48:58,972 [INFO] [Epoch 35] train_loss=6.9177
2026-04-14 02:48:59,368 [INFO] [Epoch 35] val_loss=5.2315
2026-04-14 02:48:59,370 [INFO] Epoch 35 | train=6.9177 | val=5.2315
2026-04-14 02:48:59,394 [INFO] Saved checkpoint (val=5.2315)
2026-04-14 02:49:05,986 [INFO] [Epoch 36] train_loss=6.9113
2026-04-14 02:49:06,380 [INFO] [Epoch 36] val_loss=5.2411
2026-04-14 02:49:06,385 [INFO] Epoch 36 | train=6.9113 | val=5.2411
2026-04-14 02:49:13,005 [INFO] [Epoch 37] train_loss=6.9066
2026-04-14 02:49:13,400 [INFO] [Epoch 37] val_loss=5.2388
2026-04-14 02:49:13,405 [INFO] Epoch 37 | train=6.9066 | val=5.2388
2026-04-14 02:49:19,958 [INFO] [Epoch 38] train_loss=6.8999
2026-04-14 02:49:20,348 [INFO] [Epoch 38] val_loss=5.2231
2026-04-14 02:49:20,353 [INFO] Epoch 38 | train=6.8999 | val=5.2231
2026-04-14 02:49:20,372 [INFO] Saved checkpoint (val=5.2231)
2026-04-14 02:49:27,445 [INFO] [Epoch 39] train_loss=6.8944
2026-04-14 02:49:27,835 [INFO] [Epoch 39] val_loss=5.2225
2026-04-14 02:49:27,839 [INFO] Epoch 39 | train=6.8944 | val=5.2225
2026-04-14 02:49:27,872 [INFO] Saved checkpoint (val=5.2225)
2026-04-14 02:49:34,449 [INFO] [Epoch 40] train_loss=6.8881
2026-04-14 02:49:34,839 [INFO] [Epoch 40] val_loss=5.2155
2026-04-14 02:49:34,843 [INFO] Epoch 40 | train=6.8881 | val=5.2155
2026-04-14 02:49:34,875 [INFO] Saved checkpoint (val=5.2155)
2026-04-14 02:49:41,463 [INFO] [Epoch 41] train_loss=6.8832
2026-04-14 02:49:41,855 [INFO] [Epoch 41] val_loss=5.2100
2026-04-14 02:49:41,860 [INFO] Epoch 41 | train=6.8832 | val=5.2100
2026-04-14 02:49:41,892 [INFO] Saved checkpoint (val=5.2100)
2026-04-14 02:49:48,492 [INFO] [Epoch 42] train_loss=6.8782
2026-04-14 02:49:48,892 [INFO] [Epoch 42] val_loss=5.2110
2026-04-14 02:49:48,897 [INFO] Epoch 42 | train=6.8782 | val=5.2110
2026-04-14 02:49:55,626 [INFO] [Epoch 43] train_loss=6.8740
2026-04-14 02:49:56,020 [INFO] [Epoch 43] val_loss=5.2111
2026-04-14 02:49:56,024 [INFO] Epoch 43 | train=6.8740 | val=5.2111
2026-04-14 02:50:02,611 [INFO] [Epoch 44] train_loss=6.8675
2026-04-14 02:50:03,003 [INFO] [Epoch 44] val_loss=5.1973
2026-04-14 02:50:03,007 [INFO] Epoch 44 | train=6.8675 | val=5.1973
2026-04-14 02:50:03,040 [INFO] Saved checkpoint (val=5.1973)
2026-04-14 02:50:09,635 [INFO] [Epoch 45] train_loss=6.8631
2026-04-14 02:50:10,024 [INFO] [Epoch 45] val_loss=5.2047
2026-04-14 02:50:10,028 [INFO] Epoch 45 | train=6.8631 | val=5.2047
2026-04-14 02:50:16,642 [INFO] [Epoch 46] train_loss=6.8585
2026-04-14 02:50:17,035 [INFO] [Epoch 46] val_loss=5.1956
2026-04-14 02:50:17,040 [INFO] Epoch 46 | train=6.8585 | val=5.1956
2026-04-14 02:50:17,073 [INFO] Saved checkpoint (val=5.1956)
2026-04-14 02:50:23,679 [INFO] [Epoch 47] train_loss=6.8546
2026-04-14 02:50:24,070 [INFO] [Epoch 47] val_loss=5.1873
2026-04-14 02:50:24,074 [INFO] Epoch 47 | train=6.8546 | val=5.1873
2026-04-14 02:50:24,107 [INFO] Saved checkpoint (val=5.1873)
2026-04-14 02:50:30,712 [INFO] [Epoch 48] train_loss=6.8489
2026-04-14 02:50:31,103 [INFO] [Epoch 48] val_loss=5.1874
2026-04-14 02:50:31,107 [INFO] Epoch 48 | train=6.8489 | val=5.1874
2026-04-14 02:50:37,824 [INFO] [Epoch 49] train_loss=6.8452
2026-04-14 02:50:38,219 [INFO] [Epoch 49] val_loss=5.1761
2026-04-14 02:50:38,224 [INFO] Epoch 49 | train=6.8452 | val=5.1761
2026-04-14 02:50:38,257 [INFO] Saved checkpoint (val=5.1761)
2026-04-14 02:50:44,874 [INFO] [Epoch 50] train_loss=6.8413
2026-04-14 02:50:45,265 [INFO] [Epoch 50] val_loss=5.1787
2026-04-14 02:50:45,269 [INFO] Epoch 50 | train=6.8413 | val=5.1787
2026-04-14 02:50:51,900 [INFO] [Epoch 51] train_loss=6.8364
2026-04-14 02:50:52,291 [INFO] [Epoch 51] val_loss=5.1747
2026-04-14 02:50:52,296 [INFO] Epoch 51 | train=6.8364 | val=5.1747
2026-04-14 02:50:52,328 [INFO] Saved checkpoint (val=5.1747)
2026-04-14 02:50:58,949 [INFO] [Epoch 52] train_loss=6.8316
2026-04-14 02:50:59,347 [INFO] [Epoch 52] val_loss=5.1789
2026-04-14 02:50:59,352 [INFO] Epoch 52 | train=6.8316 | val=5.1789
2026-04-14 02:51:05,897 [INFO] [Epoch 53] train_loss=6.8287
2026-04-14 02:51:06,283 [INFO] [Epoch 53] val_loss=5.1702
2026-04-14 02:51:06,287 [INFO] Epoch 53 | train=6.8287 | val=5.1702
2026-04-14 02:51:06,306 [INFO] Saved checkpoint (val=5.1702)
2026-04-14 02:51:12,862 [INFO] [Epoch 54] train_loss=6.8243
2026-04-14 02:51:13,250 [INFO] [Epoch 54] val_loss=5.1777
2026-04-14 02:51:13,255 [INFO] Epoch 54 | train=6.8243 | val=5.1777
2026-04-14 02:51:19,800 [INFO] [Epoch 55] train_loss=6.8199
2026-04-14 02:51:20,187 [INFO] [Epoch 55] val_loss=5.1671
2026-04-14 02:51:20,192 [INFO] Epoch 55 | train=6.8199 | val=5.1671
2026-04-14 02:51:20,223 [INFO] Saved checkpoint (val=5.1671)
2026-04-14 02:51:26,785 [INFO] [Epoch 56] train_loss=6.8152
2026-04-14 02:51:27,169 [INFO] [Epoch 56] val_loss=5.1711
2026-04-14 02:51:27,174 [INFO] Epoch 56 | train=6.8152 | val=5.1711
2026-04-14 02:51:33,779 [INFO] [Epoch 57] train_loss=6.8118
2026-04-14 02:51:34,172 [INFO] [Epoch 57] val_loss=5.1720
2026-04-14 02:51:34,177 [INFO] Epoch 57 | train=6.8118 | val=5.1720
2026-04-14 02:51:40,770 [INFO] [Epoch 58] train_loss=6.8093
2026-04-14 02:51:41,165 [INFO] [Epoch 58] val_loss=5.1609
2026-04-14 02:51:41,169 [INFO] Epoch 58 | train=6.8093 | val=5.1609
2026-04-14 02:51:41,188 [INFO] Saved checkpoint (val=5.1609)
2026-04-14 02:51:47,962 [INFO] [Epoch 59] train_loss=6.8043
2026-04-14 02:51:48,363 [INFO] [Epoch 59] val_loss=5.1541
2026-04-14 02:51:48,368 [INFO] Epoch 59 | train=6.8043 | val=5.1541
2026-04-14 02:51:48,399 [INFO] Saved checkpoint (val=5.1541)
2026-04-14 02:51:55,084 [INFO] [Epoch 60] train_loss=6.8006
2026-04-14 02:51:55,481 [INFO] [Epoch 60] val_loss=5.1508
2026-04-14 02:51:55,485 [INFO] Epoch 60 | train=6.8006 | val=5.1508
2026-04-14 02:51:55,502 [INFO] Saved checkpoint (val=5.1508)
2026-04-14 02:52:02,077 [INFO] [Epoch 61] train_loss=6.7968
2026-04-14 02:52:02,468 [INFO] [Epoch 61] val_loss=5.1419
2026-04-14 02:52:02,472 [INFO] Epoch 61 | train=6.7968 | val=5.1419
2026-04-14 02:52:02,505 [INFO] Saved checkpoint (val=5.1419)
2026-04-14 02:52:09,424 [INFO] [Epoch 62] train_loss=6.7934
2026-04-14 02:52:09,808 [INFO] [Epoch 62] val_loss=5.1521
2026-04-14 02:52:09,812 [INFO] Epoch 62 | train=6.7934 | val=5.1521
2026-04-14 02:52:16,399 [INFO] [Epoch 63] train_loss=6.7903
2026-04-14 02:52:16,785 [INFO] [Epoch 63] val_loss=5.1416
2026-04-14 02:52:16,789 [INFO] Epoch 63 | train=6.7903 | val=5.1416
2026-04-14 02:52:16,820 [INFO] Saved checkpoint (val=5.1416)
2026-04-14 02:52:23,440 [INFO] [Epoch 64] train_loss=6.7861
2026-04-14 02:52:23,838 [INFO] [Epoch 64] val_loss=5.1468
2026-04-14 02:52:23,842 [INFO] Epoch 64 | train=6.7861 | val=5.1468
2026-04-14 02:52:30,412 [INFO] [Epoch 65] train_loss=6.7826
2026-04-14 02:52:30,804 [INFO] [Epoch 65] val_loss=5.1356
2026-04-14 02:52:30,810 [INFO] Epoch 65 | train=6.7826 | val=5.1356
2026-04-14 02:52:30,826 [INFO] Saved checkpoint (val=5.1356)
2026-04-14 02:52:37,752 [INFO] [Epoch 66] train_loss=6.7818
2026-04-14 02:52:38,151 [INFO] [Epoch 66] val_loss=5.1379
2026-04-14 02:52:38,155 [INFO] Epoch 66 | train=6.7818 | val=5.1379
2026-04-14 02:52:45,138 [INFO] [Epoch 67] train_loss=6.7762
2026-04-14 02:52:45,528 [INFO] [Epoch 67] val_loss=5.1412
2026-04-14 02:52:45,534 [INFO] Epoch 67 | train=6.7762 | val=5.1412
2026-04-14 02:52:52,233 [INFO] [Epoch 68] train_loss=6.7733
2026-04-14 02:52:52,629 [INFO] [Epoch 68] val_loss=5.1321
2026-04-14 02:52:52,634 [INFO] Epoch 68 | train=6.7733 | val=5.1321
2026-04-14 02:52:52,665 [INFO] Saved checkpoint (val=5.1321)
2026-04-14 02:52:59,405 [INFO] [Epoch 69] train_loss=6.7697
2026-04-14 02:52:59,794 [INFO] [Epoch 69] val_loss=5.1257
2026-04-14 02:52:59,800 [INFO] Epoch 69 | train=6.7697 | val=5.1257
2026-04-14 02:52:59,831 [INFO] Saved checkpoint (val=5.1257)
2026-04-14 02:53:06,451 [INFO] [Epoch 70] train_loss=6.7679
2026-04-14 02:53:06,845 [INFO] [Epoch 70] val_loss=5.1290
2026-04-14 02:53:06,850 [INFO] Epoch 70 | train=6.7679 | val=5.1290
2026-04-14 02:53:13,497 [INFO] [Epoch 71] train_loss=6.7630
2026-04-14 02:53:13,890 [INFO] [Epoch 71] val_loss=5.1333
2026-04-14 02:53:13,895 [INFO] Epoch 71 | train=6.7630 | val=5.1333
2026-04-14 02:53:20,581 [INFO] [Epoch 72] train_loss=6.7613
2026-04-14 02:53:20,965 [INFO] [Epoch 72] val_loss=5.1263
2026-04-14 02:53:20,969 [INFO] Epoch 72 | train=6.7613 | val=5.1263
2026-04-14 02:53:27,933 [INFO] [Epoch 73] train_loss=6.7581
2026-04-14 02:53:28,324 [INFO] [Epoch 73] val_loss=5.1165
2026-04-14 02:53:28,328 [INFO] Epoch 73 | train=6.7581 | val=5.1165
2026-04-14 02:53:28,360 [INFO] Saved checkpoint (val=5.1165)
2026-04-14 02:53:35,030 [INFO] [Epoch 74] train_loss=6.7545
2026-04-14 02:53:35,420 [INFO] [Epoch 74] val_loss=5.1198
2026-04-14 02:53:35,424 [INFO] Epoch 74 | train=6.7545 | val=5.1198
2026-04-14 02:53:42,001 [INFO] [Epoch 75] train_loss=6.7511
2026-04-14 02:53:42,384 [INFO] [Epoch 75] val_loss=5.1159
2026-04-14 02:53:42,388 [INFO] Epoch 75 | train=6.7511 | val=5.1159
2026-04-14 02:53:42,419 [INFO] Saved checkpoint (val=5.1159)
2026-04-14 02:53:49,072 [INFO] [Epoch 76] train_loss=6.7500
2026-04-14 02:53:49,454 [INFO] [Epoch 76] val_loss=5.1106
2026-04-14 02:53:49,459 [INFO] Epoch 76 | train=6.7500 | val=5.1106
2026-04-14 02:53:49,490 [INFO] Saved checkpoint (val=5.1106)
2026-04-14 02:53:56,231 [INFO] [Epoch 77] train_loss=6.7458
2026-04-14 02:53:56,619 [INFO] [Epoch 77] val_loss=5.1164
2026-04-14 02:53:56,623 [INFO] Epoch 77 | train=6.7458 | val=5.1164
2026-04-14 02:54:03,484 [INFO] [Epoch 78] train_loss=6.7437
2026-04-14 02:54:03,875 [INFO] [Epoch 78] val_loss=5.1135
2026-04-14 02:54:03,880 [INFO] Epoch 78 | train=6.7437 | val=5.1135
2026-04-14 02:54:10,495 [INFO] [Epoch 79] train_loss=6.7396
2026-04-14 02:54:10,889 [INFO] [Epoch 79] val_loss=5.1087
2026-04-14 02:54:10,894 [INFO] Epoch 79 | train=6.7396 | val=5.1087
2026-04-14 02:54:10,925 [INFO] Saved checkpoint (val=5.1087)
2026-04-14 02:54:17,526 [INFO] [Epoch 80] train_loss=6.7382
2026-04-14 02:54:17,923 [INFO] [Epoch 80] val_loss=5.1166
2026-04-14 02:54:17,928 [INFO] Epoch 80 | train=6.7382 | val=5.1166
2026-04-14 02:54:24,520 [INFO] [Epoch 81] train_loss=6.7351
2026-04-14 02:54:24,905 [INFO] [Epoch 81] val_loss=5.0971
2026-04-14 02:54:24,910 [INFO] Epoch 81 | train=6.7351 | val=5.0971
2026-04-14 02:54:24,942 [INFO] Saved checkpoint (val=5.0971)
2026-04-14 02:54:31,559 [INFO] [Epoch 82] train_loss=6.7310
2026-04-14 02:54:31,948 [INFO] [Epoch 82] val_loss=5.0936
2026-04-14 02:54:31,952 [INFO] Epoch 82 | train=6.7310 | val=5.0936
2026-04-14 02:54:31,986 [INFO] Saved checkpoint (val=5.0936)
2026-04-14 02:54:38,631 [INFO] [Epoch 83] train_loss=6.7290
2026-04-14 02:54:39,021 [INFO] [Epoch 83] val_loss=5.1038
2026-04-14 02:54:39,026 [INFO] Epoch 83 | train=6.7290 | val=5.1038
2026-04-14 02:54:45,660 [INFO] [Epoch 84] train_loss=6.7278
2026-04-14 02:54:46,052 [INFO] [Epoch 84] val_loss=5.0982
2026-04-14 02:54:46,056 [INFO] Epoch 84 | train=6.7278 | val=5.0982
2026-04-14 02:54:52,710 [INFO] [Epoch 85] train_loss=6.7237
2026-04-14 02:54:53,102 [INFO] [Epoch 85] val_loss=5.1037
2026-04-14 02:54:53,107 [INFO] Epoch 85 | train=6.7237 | val=5.1037
2026-04-14 02:55:00,144 [INFO] [Epoch 86] train_loss=6.7211
2026-04-14 02:55:00,540 [INFO] [Epoch 86] val_loss=5.0935
2026-04-14 02:55:00,545 [INFO] Epoch 86 | train=6.7211 | val=5.0935
2026-04-14 02:55:00,564 [INFO] Saved checkpoint (val=5.0935)
2026-04-14 02:55:07,203 [INFO] [Epoch 87] train_loss=6.7200
2026-04-14 02:55:07,599 [INFO] [Epoch 87] val_loss=5.0979
2026-04-14 02:55:07,603 [INFO] Epoch 87 | train=6.7200 | val=5.0979
2026-04-14 02:55:14,680 [INFO] [Epoch 88] train_loss=6.7166
2026-04-14 02:55:15,073 [INFO] [Epoch 88] val_loss=5.0891
2026-04-14 02:55:15,078 [INFO] Epoch 88 | train=6.7166 | val=5.0891
2026-04-14 02:55:15,111 [INFO] Saved checkpoint (val=5.0891)
2026-04-14 02:55:21,813 [INFO] [Epoch 89] train_loss=6.7126
2026-04-14 02:55:22,203 [INFO] [Epoch 89] val_loss=5.0976
2026-04-14 02:55:22,208 [INFO] Epoch 89 | train=6.7126 | val=5.0976
2026-04-14 02:55:28,794 [INFO] [Epoch 90] train_loss=6.7097
2026-04-14 02:55:29,185 [INFO] [Epoch 90] val_loss=5.0840
2026-04-14 02:55:29,190 [INFO] Epoch 90 | train=6.7097 | val=5.0840
2026-04-14 02:55:29,222 [INFO] Saved checkpoint (val=5.0840)
2026-04-14 02:55:35,820 [INFO] [Epoch 91] train_loss=6.7087
2026-04-14 02:55:36,213 [INFO] [Epoch 91] val_loss=5.0832
2026-04-14 02:55:36,219 [INFO] Epoch 91 | train=6.7087 | val=5.0832
2026-04-14 02:55:36,236 [INFO] Saved checkpoint (val=5.0832)
2026-04-14 02:55:42,867 [INFO] [Epoch 92] train_loss=6.7071
2026-04-14 02:55:43,260 [INFO] [Epoch 92] val_loss=5.0870
2026-04-14 02:55:43,264 [INFO] Epoch 92 | train=6.7071 | val=5.0870
2026-04-14 02:55:49,941 [INFO] [Epoch 93] train_loss=6.7045
2026-04-14 02:55:50,325 [INFO] [Epoch 93] val_loss=5.0845
2026-04-14 02:55:50,330 [INFO] Epoch 93 | train=6.7045 | val=5.0845
2026-04-14 02:55:57,023 [INFO] [Epoch 94] train_loss=6.7022
2026-04-14 02:55:57,415 [INFO] [Epoch 94] val_loss=5.0849
2026-04-14 02:55:57,419 [INFO] Epoch 94 | train=6.7022 | val=5.0849
2026-04-14 02:56:04,094 [INFO] [Epoch 95] train_loss=6.6995
2026-04-14 02:56:04,494 [INFO] [Epoch 95] val_loss=5.0742
2026-04-14 02:56:04,499 [INFO] Epoch 95 | train=6.6995 | val=5.0742
2026-04-14 02:56:04,532 [INFO] Saved checkpoint (val=5.0742)
2026-04-14 02:56:11,139 [INFO] [Epoch 96] train_loss=6.6982
2026-04-14 02:56:11,536 [INFO] [Epoch 96] val_loss=5.0863
2026-04-14 02:56:11,541 [INFO] Epoch 96 | train=6.6982 | val=5.0863
2026-04-14 02:56:18,143 [INFO] [Epoch 97] train_loss=6.6943
2026-04-14 02:56:18,534 [INFO] [Epoch 97] val_loss=5.0819
2026-04-14 02:56:18,539 [INFO] Epoch 97 | train=6.6943 | val=5.0819
2026-04-14 02:56:25,159 [INFO] [Epoch 98] train_loss=6.6920
2026-04-14 02:56:25,553 [INFO] [Epoch 98] val_loss=5.0766
2026-04-14 02:56:25,557 [INFO] Epoch 98 | train=6.6920 | val=5.0766
2026-04-14 02:56:32,451 [INFO] [Epoch 99] train_loss=6.6894
2026-04-14 02:56:32,841 [INFO] [Epoch 99] val_loss=5.0770
2026-04-14 02:56:32,846 [INFO] Epoch 99 | train=6.6894 | val=5.0770
2026-04-14 02:56:39,521 [INFO] [Epoch 100] train_loss=6.6872
2026-04-14 02:56:39,917 [INFO] [Epoch 100] val_loss=5.0714
2026-04-14 02:56:39,922 [INFO] Epoch 100 | train=6.6872 | val=5.0714
2026-04-14 02:56:39,954 [INFO] Saved checkpoint (val=5.0714)
2026-04-14 02:56:46,572 [INFO] [Epoch 101] train_loss=6.6856
2026-04-14 02:56:46,964 [INFO] [Epoch 101] val_loss=5.0705
2026-04-14 02:56:46,968 [INFO] Epoch 101 | train=6.6856 | val=5.0705
2026-04-14 02:56:46,999 [INFO] Saved checkpoint (val=5.0705)
2026-04-14 02:56:53,597 [INFO] [Epoch 102] train_loss=6.6833
2026-04-14 02:56:54,000 [INFO] [Epoch 102] val_loss=5.0819
2026-04-14 02:56:54,005 [INFO] Epoch 102 | train=6.6833 | val=5.0819
2026-04-14 02:57:00,680 [INFO] [Epoch 103] train_loss=6.6800
2026-04-14 02:57:01,063 [INFO] [Epoch 103] val_loss=5.0696
2026-04-14 02:57:01,068 [INFO] Epoch 103 | train=6.6800 | val=5.0696
2026-04-14 02:57:01,101 [INFO] Saved checkpoint (val=5.0696)
2026-04-14 02:57:07,987 [INFO] [Epoch 104] train_loss=6.6793
2026-04-14 02:57:08,379 [INFO] [Epoch 104] val_loss=5.0675
2026-04-14 02:57:08,384 [INFO] Epoch 104 | train=6.6793 | val=5.0675
2026-04-14 02:57:08,415 [INFO] Saved checkpoint (val=5.0675)
2026-04-14 02:57:15,323 [INFO] [Epoch 105] train_loss=6.6771
2026-04-14 02:57:15,718 [INFO] [Epoch 105] val_loss=5.0640
2026-04-14 02:57:15,722 [INFO] Epoch 105 | train=6.6771 | val=5.0640
2026-04-14 02:57:15,740 [INFO] Saved checkpoint (val=5.0640)
2026-04-14 02:57:22,324 [INFO] [Epoch 106] train_loss=6.6746
2026-04-14 02:57:22,714 [INFO] [Epoch 106] val_loss=5.0723
2026-04-14 02:57:22,719 [INFO] Epoch 106 | train=6.6746 | val=5.0723
2026-04-14 02:57:29,379 [INFO] [Epoch 107] train_loss=6.6726
2026-04-14 02:57:29,760 [INFO] [Epoch 107] val_loss=5.0622
2026-04-14 02:57:29,765 [INFO] Epoch 107 | train=6.6726 | val=5.0622
2026-04-14 02:57:29,798 [INFO] Saved checkpoint (val=5.0622)
2026-04-14 02:57:36,692 [INFO] [Epoch 108] train_loss=6.6708
2026-04-14 02:57:37,083 [INFO] [Epoch 108] val_loss=5.0649
2026-04-14 02:57:37,088 [INFO] Epoch 108 | train=6.6708 | val=5.0649
2026-04-14 02:57:43,639 [INFO] [Epoch 109] train_loss=6.6685
2026-04-14 02:57:44,034 [INFO] [Epoch 109] val_loss=5.0614
2026-04-14 02:57:44,039 [INFO] Epoch 109 | train=6.6685 | val=5.0614
2026-04-14 02:57:44,071 [INFO] Saved checkpoint (val=5.0614)
2026-04-14 02:57:50,681 [INFO] [Epoch 110] train_loss=6.6662
2026-04-14 02:57:51,070 [INFO] [Epoch 110] val_loss=5.0688
2026-04-14 02:57:51,074 [INFO] Epoch 110 | train=6.6662 | val=5.0688
2026-04-14 02:57:57,682 [INFO] [Epoch 111] train_loss=6.6641
2026-04-14 02:57:58,062 [INFO] [Epoch 111] val_loss=5.0699
2026-04-14 02:57:58,067 [INFO] Epoch 111 | train=6.6641 | val=5.0699
2026-04-14 02:58:04,655 [INFO] [Epoch 112] train_loss=6.6615
2026-04-14 02:58:05,050 [INFO] [Epoch 112] val_loss=5.0602
2026-04-14 02:58:05,055 [INFO] Epoch 112 | train=6.6615 | val=5.0602
2026-04-14 02:58:05,088 [INFO] Saved checkpoint (val=5.0602)
2026-04-14 02:58:11,725 [INFO] [Epoch 113] train_loss=6.6593
2026-04-14 02:58:12,109 [INFO] [Epoch 113] val_loss=5.0505
2026-04-14 02:58:12,114 [INFO] Epoch 113 | train=6.6593 | val=5.0505
2026-04-14 02:58:12,131 [INFO] Saved checkpoint (val=5.0505)
2026-04-14 02:58:18,736 [INFO] [Epoch 114] train_loss=6.6577
2026-04-14 02:58:19,125 [INFO] [Epoch 114] val_loss=5.0549
2026-04-14 02:58:19,130 [INFO] Epoch 114 | train=6.6577 | val=5.0549
2026-04-14 02:58:25,998 [INFO] [Epoch 115] train_loss=6.6561
2026-04-14 02:58:26,384 [INFO] [Epoch 115] val_loss=5.0569
2026-04-14 02:58:26,389 [INFO] Epoch 115 | train=6.6561 | val=5.0569
2026-04-14 02:58:33,116 [INFO] [Epoch 116] train_loss=6.6555
2026-04-14 02:58:33,503 [INFO] [Epoch 116] val_loss=5.0512
2026-04-14 02:58:33,508 [INFO] Epoch 116 | train=6.6555 | val=5.0512
2026-04-14 02:58:40,168 [INFO] [Epoch 117] train_loss=6.6517
2026-04-14 02:58:40,569 [INFO] [Epoch 117] val_loss=5.0579
2026-04-14 02:58:40,574 [INFO] Epoch 117 | train=6.6517 | val=5.0579
2026-04-14 02:58:47,196 [INFO] [Epoch 118] train_loss=6.6503
2026-04-14 02:58:47,587 [INFO] [Epoch 118] val_loss=5.0528
2026-04-14 02:58:47,592 [INFO] Epoch 118 | train=6.6503 | val=5.0528
2026-04-14 02:58:54,214 [INFO] [Epoch 119] train_loss=6.6488
2026-04-14 02:58:54,608 [INFO] [Epoch 119] val_loss=5.0486
2026-04-14 02:58:54,613 [INFO] Epoch 119 | train=6.6488 | val=5.0486
2026-04-14 02:58:54,647 [INFO] Saved checkpoint (val=5.0486)
2026-04-14 02:59:01,320 [INFO] [Epoch 120] train_loss=6.6452
2026-04-14 02:59:01,712 [INFO] [Epoch 120] val_loss=5.0527
2026-04-14 02:59:01,716 [INFO] Epoch 120 | train=6.6452 | val=5.0527
2026-04-14 02:59:08,587 [INFO] [Epoch 121] train_loss=6.6440
2026-04-14 02:59:08,975 [INFO] [Epoch 121] val_loss=5.0606
2026-04-14 02:59:08,979 [INFO] Epoch 121 | train=6.6440 | val=5.0606
2026-04-14 02:59:15,636 [INFO] [Epoch 122] train_loss=6.6467
2026-04-14 02:59:16,019 [INFO] [Epoch 122] val_loss=5.0380
2026-04-14 02:59:16,023 [INFO] Epoch 122 | train=6.6467 | val=5.0380
2026-04-14 02:59:16,044 [INFO] Saved checkpoint (val=5.0380)
2026-04-14 02:59:22,804 [INFO] [Epoch 123] train_loss=6.6407
2026-04-14 02:59:23,189 [INFO] [Epoch 123] val_loss=5.0459
2026-04-14 02:59:23,193 [INFO] Epoch 123 | train=6.6407 | val=5.0459
2026-04-14 02:59:29,789 [INFO] [Epoch 124] train_loss=6.6395
2026-04-14 02:59:30,173 [INFO] [Epoch 124] val_loss=5.0561
2026-04-14 02:59:30,177 [INFO] Epoch 124 | train=6.6395 | val=5.0561
2026-04-14 02:59:36,878 [INFO] [Epoch 125] train_loss=6.6397
2026-04-14 02:59:37,272 [INFO] [Epoch 125] val_loss=5.0436
2026-04-14 02:59:37,277 [INFO] Epoch 125 | train=6.6397 | val=5.0436
2026-04-14 02:59:43,922 [INFO] [Epoch 126] train_loss=6.6364
2026-04-14 02:59:44,318 [INFO] [Epoch 126] val_loss=5.0427
2026-04-14 02:59:44,323 [INFO] Epoch 126 | train=6.6364 | val=5.0427
2026-04-14 02:59:50,965 [INFO] [Epoch 127] train_loss=6.6328
2026-04-14 02:59:51,360 [INFO] [Epoch 127] val_loss=5.0368
2026-04-14 02:59:51,364 [INFO] Epoch 127 | train=6.6328 | val=5.0368
2026-04-14 02:59:51,381 [INFO] Saved checkpoint (val=5.0368)
2026-04-14 02:59:58,171 [INFO] [Epoch 128] train_loss=6.6306
2026-04-14 02:59:58,566 [INFO] [Epoch 128] val_loss=5.0388
2026-04-14 02:59:58,571 [INFO] Epoch 128 | train=6.6306 | val=5.0388
2026-04-14 03:00:05,228 [INFO] [Epoch 129] train_loss=6.6298
2026-04-14 03:00:05,623 [INFO] [Epoch 129] val_loss=5.0443
2026-04-14 03:00:05,627 [INFO] Epoch 129 | train=6.6298 | val=5.0443
2026-04-14 03:00:12,295 [INFO] [Epoch 130] train_loss=6.6288
2026-04-14 03:00:12,684 [INFO] [Epoch 130] val_loss=5.0412
2026-04-14 03:00:12,689 [INFO] Epoch 130 | train=6.6288 | val=5.0412
2026-04-14 03:00:19,501 [INFO] [Epoch 131] train_loss=6.6280
2026-04-14 03:00:19,894 [INFO] [Epoch 131] val_loss=5.0334
2026-04-14 03:00:19,898 [INFO] Epoch 131 | train=6.6280 | val=5.0334
2026-04-14 03:00:19,930 [INFO] Saved checkpoint (val=5.0334)
2026-04-14 03:00:26,509 [INFO] [Epoch 132] train_loss=6.6268
2026-04-14 03:00:26,902 [INFO] [Epoch 132] val_loss=5.0382
2026-04-14 03:00:26,907 [INFO] Epoch 132 | train=6.6268 | val=5.0382
2026-04-14 03:00:33,588 [INFO] [Epoch 133] train_loss=6.6239
2026-04-14 03:00:33,975 [INFO] [Epoch 133] val_loss=5.0376
2026-04-14 03:00:33,978 [INFO] Epoch 133 | train=6.6239 | val=5.0376
2026-04-14 03:00:41,023 [INFO] [Epoch 134] train_loss=6.6229
2026-04-14 03:00:41,415 [INFO] [Epoch 134] val_loss=5.0352
2026-04-14 03:00:41,420 [INFO] Epoch 134 | train=6.6229 | val=5.0352
2026-04-14 03:00:48,389 [INFO] [Epoch 135] train_loss=6.6199
2026-04-14 03:00:48,781 [INFO] [Epoch 135] val_loss=5.0379
2026-04-14 03:00:48,785 [INFO] Epoch 135 | train=6.6199 | val=5.0379
2026-04-14 03:00:55,583 [INFO] [Epoch 136] train_loss=6.6187
2026-04-14 03:00:55,985 [INFO] [Epoch 136] val_loss=5.0348
2026-04-14 03:00:55,989 [INFO] Epoch 136 | train=6.6187 | val=5.0348
2026-04-14 03:01:02,567 [INFO] [Epoch 137] train_loss=6.6169
2026-04-14 03:01:02,961 [INFO] [Epoch 137] val_loss=5.0377
2026-04-14 03:01:02,966 [INFO] Epoch 137 | train=6.6169 | val=5.0377
2026-04-14 03:01:09,926 [INFO] [Epoch 138] train_loss=6.6171
2026-04-14 03:01:10,312 [INFO] [Epoch 138] val_loss=5.0313
2026-04-14 03:01:10,317 [INFO] Epoch 138 | train=6.6171 | val=5.0313
2026-04-14 03:01:10,350 [INFO] Saved checkpoint (val=5.0313)
2026-04-14 03:01:16,959 [INFO] [Epoch 139] train_loss=6.6147
2026-04-14 03:01:17,347 [INFO] [Epoch 139] val_loss=5.0324
2026-04-14 03:01:17,352 [INFO] Epoch 139 | train=6.6147 | val=5.0324
2026-04-14 03:01:24,054 [INFO] [Epoch 140] train_loss=6.6119
2026-04-14 03:01:24,442 [INFO] [Epoch 140] val_loss=5.0291
2026-04-14 03:01:24,444 [INFO] Epoch 140 | train=6.6119 | val=5.0291
2026-04-14 03:01:24,468 [INFO] Saved checkpoint (val=5.0291)
2026-04-14 03:01:31,064 [INFO] [Epoch 141] train_loss=6.6120
2026-04-14 03:01:31,458 [INFO] [Epoch 141] val_loss=5.0421
2026-04-14 03:01:31,463 [INFO] Epoch 141 | train=6.6120 | val=5.0421
2026-04-14 03:01:38,060 [INFO] [Epoch 142] train_loss=6.6085
2026-04-14 03:01:38,458 [INFO] [Epoch 142] val_loss=5.0420
2026-04-14 03:01:38,463 [INFO] Epoch 142 | train=6.6085 | val=5.0420
2026-04-14 03:01:45,097 [INFO] [Epoch 143] train_loss=6.6092
2026-04-14 03:01:45,498 [INFO] [Epoch 143] val_loss=5.0268
2026-04-14 03:01:45,503 [INFO] Epoch 143 | train=6.6092 | val=5.0268
2026-04-14 03:01:45,536 [INFO] Saved checkpoint (val=5.0268)
2026-04-14 03:01:52,146 [INFO] [Epoch 144] train_loss=6.6062
2026-04-14 03:01:52,536 [INFO] [Epoch 144] val_loss=5.0318
2026-04-14 03:01:52,541 [INFO] Epoch 144 | train=6.6062 | val=5.0318
2026-04-14 03:01:59,155 [INFO] [Epoch 145] train_loss=6.6037
2026-04-14 03:01:59,546 [INFO] [Epoch 145] val_loss=5.0250
2026-04-14 03:01:59,550 [INFO] Epoch 145 | train=6.6037 | val=5.0250
2026-04-14 03:01:59,583 [INFO] Saved checkpoint (val=5.0250)
2026-04-14 03:02:06,167 [INFO] [Epoch 146] train_loss=6.6024
2026-04-14 03:02:06,557 [INFO] [Epoch 146] val_loss=5.0366
2026-04-14 03:02:06,562 [INFO] Epoch 146 | train=6.6024 | val=5.0366
2026-04-14 03:02:13,567 [INFO] [Epoch 147] train_loss=6.6013
2026-04-14 03:02:13,947 [INFO] [Epoch 147] val_loss=5.0207
2026-04-14 03:02:13,952 [INFO] Epoch 147 | train=6.6013 | val=5.0207
2026-04-14 03:02:13,983 [INFO] Saved checkpoint (val=5.0207)
2026-04-14 03:02:20,589 [INFO] [Epoch 148] train_loss=6.6015
2026-04-14 03:02:20,983 [INFO] [Epoch 148] val_loss=5.0253
2026-04-14 03:02:20,988 [INFO] Epoch 148 | train=6.6015 | val=5.0253
2026-04-14 03:02:27,613 [INFO] [Epoch 149] train_loss=6.6007
2026-04-14 03:02:28,007 [INFO] [Epoch 149] val_loss=5.0159
2026-04-14 03:02:28,012 [INFO] Epoch 149 | train=6.6007 | val=5.0159
2026-04-14 03:02:28,046 [INFO] Saved checkpoint (val=5.0159)
2026-04-14 03:02:34,653 [INFO] [Epoch 150] train_loss=6.5973
2026-04-14 03:02:35,048 [INFO] [Epoch 150] val_loss=5.0304
2026-04-14 03:02:35,052 [INFO] Epoch 150 | train=6.5973 | val=5.0304
2026-04-14 03:02:41,648 [INFO] [Epoch 151] train_loss=6.5954
2026-04-14 03:02:42,039 [INFO] [Epoch 151] val_loss=5.0121
2026-04-14 03:02:42,043 [INFO] Epoch 151 | train=6.5954 | val=5.0121
2026-04-14 03:02:42,075 [INFO] Saved checkpoint (val=5.0121)
2026-04-14 03:02:48,722 [INFO] [Epoch 152] train_loss=6.5952
2026-04-14 03:02:49,117 [INFO] [Epoch 152] val_loss=5.0290
2026-04-14 03:02:49,121 [INFO] Epoch 152 | train=6.5952 | val=5.0290
2026-04-14 03:02:55,744 [INFO] [Epoch 153] train_loss=6.5925
2026-04-14 03:02:56,136 [INFO] [Epoch 153] val_loss=5.0216
2026-04-14 03:02:56,141 [INFO] Epoch 153 | train=6.5925 | val=5.0216
2026-04-14 03:03:02,779 [INFO] [Epoch 154] train_loss=6.5914
2026-04-14 03:03:03,189 [INFO] [Epoch 154] val_loss=5.0184
2026-04-14 03:03:03,194 [INFO] Epoch 154 | train=6.5914 | val=5.0184
2026-04-14 03:03:09,866 [INFO] [Epoch 155] train_loss=6.5893
2026-04-14 03:03:10,257 [INFO] [Epoch 155] val_loss=5.0298
2026-04-14 03:03:10,261 [INFO] Epoch 155 | train=6.5893 | val=5.0298
2026-04-14 03:03:17,134 [INFO] [Epoch 156] train_loss=6.5893
2026-04-14 03:03:17,523 [INFO] [Epoch 156] val_loss=5.0127
2026-04-14 03:03:17,527 [INFO] Epoch 156 | train=6.5893 | val=5.0127
2026-04-14 03:03:24,128 [INFO] [Epoch 157] train_loss=6.5885
2026-04-14 03:03:24,522 [INFO] [Epoch 157] val_loss=5.0151
2026-04-14 03:03:24,527 [INFO] Epoch 157 | train=6.5885 | val=5.0151
2026-04-14 03:03:31,329 [INFO] [Epoch 158] train_loss=6.5858
2026-04-14 03:03:31,724 [INFO] [Epoch 158] val_loss=5.0168
2026-04-14 03:03:31,728 [INFO] Epoch 158 | train=6.5858 | val=5.0168
2026-04-14 03:03:38,350 [INFO] [Epoch 159] train_loss=6.5839
2026-04-14 03:03:38,742 [INFO] [Epoch 159] val_loss=5.0179
2026-04-14 03:03:38,747 [INFO] Epoch 159 | train=6.5839 | val=5.0179
2026-04-14 03:03:45,644 [INFO] [Epoch 160] train_loss=6.5841
2026-04-14 03:03:46,037 [INFO] [Epoch 160] val_loss=5.0139
2026-04-14 03:03:46,052 [INFO] Epoch 160 | train=6.5841 | val=5.0139
2026-04-14 03:03:52,722 [INFO] [Epoch 161] train_loss=6.5821
2026-04-14 03:03:53,123 [INFO] [Epoch 161] val_loss=5.0167
2026-04-14 03:03:53,127 [INFO] Epoch 161 | train=6.5821 | val=5.0167
